 videoDetect

 Timestamp is 53464be0 (Thu Apr 10 15:44:32 2014)

 Preferred load address is 00400000

 Start         Length     Name                   Class
 0001:00000000 000c2b5fH .text                   CODE
 0001:000c2b60 00002c93H .text$x                 CODE
 0001:000c5800 00000ca5H .text$yc                CODE
 0001:000c64b0 000003f1H .text$yd                CODE
 0002:00000000 00000728H .idata$5                DATA
 0002:00000728 00000004H .CRT$XCA                DATA
 0002:0000072c 00000018H .CRT$XCC                DATA
 0002:00000744 000000b4H .CRT$XCL                DATA
 0002:000007f8 000000a4H .CRT$XCU                DATA
 0002:0000089c 00000004H .CRT$XCZ                DATA
 0002:000008a0 00000004H .CRT$XIA                DATA
 0002:000008a4 00000014H .CRT$XIC                DATA
 0002:000008b8 00000004H .CRT$XIY                DATA
 0002:000008bc 00000004H .CRT$XIZ                DATA
 0002:000008c0 00000004H .CRT$XPA                DATA
 0002:000008c4 00000008H .CRT$XPX                DATA
 0002:000008cc 00000004H .CRT$XPXA               DATA
 0002:000008d0 00000004H .CRT$XPZ                DATA
 0002:000008d4 00000004H .CRT$XTA                DATA
 0002:000008d8 00000004H .CRT$XTZ                DATA
 0002:000008e0 0001b700H .rdata                  DATA
 0002:0001bfe0 00000063H .rdata$debug            DATA
 0002:0001c044 00002bbcH .rdata$r                DATA
 0002:0001ec00 00000360H .rdata$sxdata           DATA
 0002:0001ef60 00000004H .rtc$IAA                DATA
 0002:0001ef64 00000004H .rtc$IZZ                DATA
 0002:0001ef68 00000004H .rtc$TAA                DATA
 0002:0001ef6c 00000004H .rtc$TZZ                DATA
 0002:0001ef70 00004500H .xdata$x                DATA
 0002:00023470 00000000H ATL$__a                 DATA
 0002:00023470 00000000H ATL$__z                 DATA
 0002:00023470 00000020H .didat$2                DATA
 0002:00023490 00000020H .didat$3                DATA
 0002:000234b0 0000000cH .didat$4                DATA
 0002:000234bc 00000030H .didat$6                DATA
 0002:000234ec 0000000cH .didat$7                DATA
 0002:000234f8 00000140H .idata$2                DATA
 0002:00023638 00000014H .idata$3                DATA
 0002:0002364c 00000728H .idata$4                DATA
 0002:00023d74 00001c82H .idata$6                DATA
 0002:00025a00 000000d4H .edata                  DATA
 0003:00000000 0001430cH .data                   DATA
 0003:0001430c 0000000cH .didat$5                DATA
 0003:00014320 000080acH .bss                    DATA
 0004:00000000 00000ca0H .rsrc$01                DATA
 0004:00000ca0 00007b38H .rsrc$02                DATA

  Address         Publics by Value              Rva+Base       Lib:Object

 0000:00000000       __except_list              00000000     <absolute>
 0000:000000d8       ___safe_se_handler_count   000000d8     <absolute>
 0000:00000000       ___ImageBase               00400000     <linker-defined>
 0001:00000000       ?_AfxInitManaged@@YAHXZ    00401000 f i bufobj.obj
 0001:00000010       ?_AtlGetConversionACP@ATL@@YGIXZ 00401010 f i Common.obj
 0001:00000020       ?TraceV@CTrace@ATL@@QBAXPBDHKI0PAD@Z 00401020 f i Common.obj
 0001:00000060       ??0CTraceFileAndLineInfo@ATL@@QAE@PBDH@Z 00401060 f i Common.obj
 0001:00000090       ??RCTraceFileAndLineInfo@ATL@@QBAXKIPBDZZ 00401090 f i Common.obj
 0001:000000e0       ?AtlThrowImpl@ATL@@YGXJ@Z  004010e0 f i Common.obj
 0001:00000150       ?_AtlGetStringResourceImage@ATL@@YAPBUATLSTRINGRESOURCEIMAGE@1@PAUHINSTANCE__@@PAUHRSRC__@@I@Z 00401150 f i Common.obj
 0001:00000240       ?AtlGetStringResourceImage@ATL@@YAPBUATLSTRINGRESOURCEIMAGE@1@PAUHINSTANCE__@@I@Z 00401240 f i Common.obj
 0001:000002a0       ?data@CStringData@ATL@@QAEPAXXZ 004012a0 f i Common.obj
 0001:000002c0       ?IsLocked@CStringData@ATL@@QBE_NXZ 004012c0 f i Common.obj
 0001:000002e0       ?IsShared@CStringData@ATL@@QBE_NXZ 004012e0 f i Common.obj
 0001:00000300       ?Release@CStringData@ATL@@QAEXXZ 00401300 f i Common.obj
 0001:00000380       ?SetDefaultParams@CCommon@@UAEHPAX@Z 00401380 f i Common.obj
 0001:00000380       ?GetInforFromIni@CCommon@@UAEHPAX@Z 00401380 f i Common.obj
 0001:00000380       ?CloseEncode@CCommon@@UAEHPAX@Z 00401380 f i Common.obj
 0001:00000380       ?InitEncode@CCommon@@UAEHPAX@Z 00401380 f i Common.obj
 0001:000003a0       ?EncodeFrame@CCommon@@UAEHPAX0@Z 004013a0 f i Common.obj
 0001:000003a0       ?SetParams@CCommon@@UAEHPAX0@Z 004013a0 f i Common.obj
 0001:000003a0       ?ParseRequest@CCommon@@UAEHPADPAV?$CStringT@DV?$StrTraitMFC@DV?$ChTraitsCRT@D@ATL@@@@@ATL@@@Z 004013a0 f i Common.obj
 0001:000003a0       ?ClosePull@CCommon@@UAEHPAX0@Z 004013a0 f i Common.obj
 0001:000003a0       ?StartPull@CCommon@@UAEHPAX0@Z 004013a0 f i Common.obj
 0001:000003c0       ?CheckExit@CCommon@@UAE?AV?$CStringT@DV?$StrTraitMFC@DV?$ChTraitsCRT@D@ATL@@@@@ATL@@V23@@Z 004013c0 f i Common.obj
 0001:00000450       ?ChangeChannel@CCommon@@UAE?AV?$CStringT@DV?$StrTraitMFC@DV?$ChTraitsCRT@D@ATL@@@@@ATL@@V23@H0@Z 00401450 f i Common.obj
 0001:000004f0       ??0?$CStringT@DV?$StrTraitMFC@DV?$ChTraitsCRT@D@ATL@@@@@ATL@@QAE@PBD@Z 004014f0 f i Common.obj
 0001:00000580       ??1?$CStringT@DV?$StrTraitMFC@DV?$ChTraitsCRT@D@ATL@@@@@ATL@@QAE@XZ 00401580 f i Common.obj
 0001:000005b0       ?LoadStringA@?$CStringT@DV?$StrTraitMFC@DV?$ChTraitsCRT@D@ATL@@@@@ATL@@QAEHI@Z 004015b0 f i Common.obj
 0001:00000600       ?GetLength@?$CSimpleStringT@D$0A@@ATL@@QBEHXZ 00401600 f i Common.obj
 0001:00000630       ??BCTraceCategory@ATL@@QBEKXZ 00401630 f i Common.obj
 0001:00000630       ?GetString@?$CSimpleStringT@D$0A@@ATL@@QBEPBDXZ 00401630 f i Common.obj
 0001:00000630       ??B?$CSimpleStringT@D$0A@@ATL@@QBEPBDXZ 00401630 f i H264Stream.obj
 0001:00000650       ??4?$CStringT@DV?$StrTraitMFC@DV?$ChTraitsCRT@D@ATL@@@@@ATL@@QAEAAV01@PBD@Z 00401650 f i Common.obj
 0001:00000680       ?LoadStringA@?$CStringT@DV?$StrTraitMFC@DV?$ChTraitsCRT@D@ATL@@@@@ATL@@QAEHPAUHINSTANCE__@@I@Z 00401680 f i Common.obj
 0001:00000720       ?CheckImplicitLoad@?$CStringT@DV?$StrTraitMFC@DV?$ChTraitsCRT@D@ATL@@@@@ATL@@AAE_NPBX@Z 00401720 f i Common.obj
 0001:000007c0       ??0?$CSimpleStringT@D$0A@@ATL@@QAE@PAUIAtlStringMgr@1@@Z 004017c0 f i Common.obj
 0001:00000860       ??1?$CSimpleStringT@D$0A@@ATL@@QAE@XZ 00401860 f i Common.obj
 0001:000008a0       ?Empty@?$CSimpleStringT@D$0A@@ATL@@QAEXXZ 004018a0 f i Common.obj
 0001:00000930       ?GetBuffer@?$CSimpleStringT@D$0A@@ATL@@QAEPADH@Z 00401930 f i Common.obj
 0001:00000960       ?ReleaseBufferSetLength@?$CSimpleStringT@D$0A@@ATL@@QAEXH@Z 00401960 f i Common.obj
 0001:000009c0       ?GetData@?$CSimpleStringT@D$0A@@ATL@@ABEPAUCStringData@2@XZ 004019c0 f i Common.obj
 0001:000009e0       ?PrepareWrite@?$CSimpleStringT@D$0A@@ATL@@AAEPADH@Z 004019e0 f i Common.obj
 0001:00000a50       ?SetLength@?$CSimpleStringT@D$0A@@ATL@@AAEXH@Z 00401a50 f i Common.obj
 0001:00000b00       ?FindStringResourceInstance@?$StrTraitMFC@DV?$ChTraitsCRT@D@ATL@@@@SAPAUHINSTANCE__@@I@Z 00401b00 f i Common.obj
 0001:00000b20       ?GetDefaultManager@?$StrTraitMFC@DV?$ChTraitsCRT@D@ATL@@@@SAPAUIAtlStringMgr@ATL@@XZ 00401b20 f i Common.obj
 0001:00000b40       ?ConvertToBaseType@?$ChTraitsCRT@D@ATL@@SAXPADHPB_WH@Z 00401b40 f i Common.obj
 0001:00000b80       ??4?$CSimpleStringT@D$0A@@ATL@@QAEAAV01@PBD@Z 00401b80 f i Common.obj
 0001:00000bb0       ?Attach@?$CSimpleStringT@D$0A@@ATL@@AAEXPAUCStringData@2@@Z 00401bb0 f i Common.obj
 0001:00000be0       ?PrepareWrite2@?$CSimpleStringT@D$0A@@ATL@@AAEXH@Z 00401be0 f i Common.obj
 0001:00000ca0       ?GetBaseTypeLength@?$ChTraitsCRT@D@ATL@@SAHPB_WH@Z 00401ca0 f i Common.obj
 0001:00000ce0       ?SetString@?$CSimpleStringT@D$0A@@ATL@@QAEXPBD@Z 00401ce0 f i Common.obj
 0001:00000d20       ?CopyChars@?$CSimpleStringT@D$0A@@ATL@@SAXPADIPBDH@Z 00401d20 f i Common.obj
 0001:00000d50       ?ThrowMemoryException@?$CSimpleStringT@D$0A@@ATL@@KAXXZ 00401d50 f i Common.obj
 0001:00000d70       ?Fork@?$CSimpleStringT@D$0A@@ATL@@AAEXH@Z 00401d70 f i Common.obj
 0001:00000e60       ?Reallocate@?$CSimpleStringT@D$0A@@ATL@@AAEXH@Z 00401e60 f i Common.obj
 0001:00000f20       ?SetString@?$CSimpleStringT@D$0A@@ATL@@QAEXPBDH@Z 00401f20 f i Common.obj
 0001:00000ff0       ?StringLength@?$CSimpleStringT@D$0A@@ATL@@SAHPBD@Z 00401ff0 f i Common.obj
 0001:00001020       ?GetAllocLength@?$CSimpleStringT@D$0A@@ATL@@QBEHXZ 00402020 f i Common.obj
 0001:00001050       ?CopyCharsOverlapped@?$CSimpleStringT@D$0A@@ATL@@SAXPADIPBDH@Z 00402050 f i Common.obj
 0001:00001080       ??_ECCriticalSection@@UAEPAXI@Z 00402080 f i  CIL library: CIL module
 0001:00001080       ??_GCCriticalSection@@UAEPAXI@Z 00402080 f i CriticalSection.obj
 0001:000010c0       ??_GCAutoCriticalSection@@UAEPAXI@Z 004020c0 f i CriticalSection.obj
 0001:000010c0       ??_ECAutoCriticalSection@@UAEPAXI@Z 004020c0 f i  CIL library: CIL module
 0001:00001100       ??2@YAPAXIPAX@Z            00402100 f i H264Stream.obj
 0001:00001110       ?strstr@@YAPADPADPBD@Z     00402110 f i H264Stream.obj
 0001:00001130       ??RCTraceFileAndLineInfo@ATL@@QBAXPBDZZ 00402130 f i H264Stream.obj
 0001:00001190       ?AfxCrtErrorCheck@@YAHH@Z  00402190 f i H264Stream.obj
 0001:00001250       ?memcpy_s@Checked@ATL@@YAXPAXIPBXI@Z 00402250 f i H264Stream.obj
 0001:00001280       ?memmove_s@Checked@ATL@@YAXPAXIPBXI@Z 00402280 f i H264Stream.obj
 0001:000012b0       ?AtlIsValidString@ATL@@YAHPBDI@Z 004022b0 f i H264Stream.obj
 0001:000012c0       ?AddRef@CStringData@ATL@@QAEXXZ 004022c0 f i H264Stream.obj
 0001:00001320       ??0MyAvFrame@@QAE@HH@Z     00402320 f i H264Stream.obj
 0001:00001440       ??1MyAvFrame@@QAE@XZ       00402440 f i H264Stream.obj
 0001:000014c0       ??_GMyAvFrame@@QAEPAXI@Z   004024c0 f i H264Stream.obj
 0001:00001500       ??0?$CStringT@DV?$StrTraitMFC@DV?$ChTraitsCRT@D@ATL@@@@@ATL@@QAE@XZ 00402500 f i H264Stream.obj
 0001:00001530       ??0?$CStringT@DV?$StrTraitMFC@DV?$ChTraitsCRT@D@ATL@@@@@ATL@@QAE@ABV01@@Z 00402530 f i H264Stream.obj
 0001:00001560       ??4?$CStringT@DV?$StrTraitMFC@DV?$ChTraitsCRT@D@ATL@@@@@ATL@@QAEAAV01@ABV01@@Z 00402560 f i H264Stream.obj
 0001:00001590       ??0?$CSimpleStringT@D$0A@@ATL@@QAE@ABV01@@Z 00402590 f i H264Stream.obj
 0001:000015f0       ??4?$CSimpleStringT@D$0A@@ATL@@QAEAAV01@ABV01@@Z 004025f0 f i H264Stream.obj
 0001:000016a0       ?CloneData@?$CSimpleStringT@D$0A@@ATL@@CAPAUCStringData@2@PAU32@@Z 004026a0 f i H264Stream.obj
 0001:00001780       ?Format@?$CStringT@DV?$StrTraitMFC@DV?$ChTraitsCRT@D@ATL@@@@@ATL@@QAAXPBDZZ 00402780 f i H264Stream.obj
 0001:000017f0       ??0?$CArray@PAVMyAvFrame@@PAV1@@@QAE@XZ 004027f0 f i H264Stream.obj
 0001:00001850       ?GetSize@?$CArray@PAVMyAvFrame@@PAV1@@@QBEHXZ 00402850 f i H264Stream.obj
 0001:00001870       ?ElementAt@?$CArray@PAVMyAvFrame@@PAV1@@@QAEAAPAVMyAvFrame@@H@Z 00402870 f i H264Stream.obj
 0001:000018e0       ?Add@?$CArray@PAVMyAvFrame@@PAV1@@@QAEHPAVMyAvFrame@@@Z 004028e0 f i H264Stream.obj
 0001:00001930       ?RemoveAt@?$CArray@PAVMyAvFrame@@PAV1@@@QAEXHH@Z 00402930 f i H264Stream.obj
 0001:00001a80       ??1?$CArray@PAVMyAvFrame@@PAV1@@@UAE@XZ 00402a80 f i H264Stream.obj
 0001:00001b50       ?Serialize@?$CArray@PAVMyAvFrame@@PAV1@@@UAEXAAVCArchive@@@Z 00402b50 f i H264Stream.obj
 0001:00001bf0       ?Dump@?$CArray@PAVMyAvFrame@@PAV1@@@UBEXAAVCDumpContext@@@Z 00402bf0 f i H264Stream.obj
 0001:00001c80       ?AssertValid@?$CArray@PAVMyAvFrame@@PAV1@@@UBEXXZ 00402c80 f i H264Stream.obj
 0001:00001d80       ??_G?$CArray@PAVMyAvFrame@@PAV1@@@UAEPAXI@Z 00402d80 f i H264Stream.obj
 0001:00001d80       ??_E?$CArray@PAVMyAvFrame@@PAV1@@@UAEPAXI@Z 00402d80 f i  CIL library: CIL module
 0001:00001dc0       ?FormatV@?$CStringT@DV?$StrTraitMFC@DV?$ChTraitsCRT@D@ATL@@@@@ATL@@QAEXPBDPAD@Z 00402dc0 f i H264Stream.obj
 0001:00001e80       ?GetFormattedLength@?$ChTraitsCRT@D@ATL@@SAHPBDPAD@Z 00402e80 f i H264Stream.obj
 0001:00001ea0       ?Format@?$ChTraitsCRT@D@ATL@@SAHPADIPBD0@Z 00402ea0 f i H264Stream.obj
 0001:00001ed0       ?SetSize@?$CArray@PAVMyAvFrame@@PAV1@@@QAEXHH@Z 00402ed0 f i H264Stream.obj
 0001:00002300       ?SetAtGrow@?$CArray@PAVMyAvFrame@@PAV1@@@QAEXHPAVMyAvFrame@@@Z 00403300 f i H264Stream.obj
 0001:00002390       ??$SerializeElements@PAVMyAvFrame@@@@YGXAAVCArchive@@PAPAVMyAvFrame@@H@Z 00403390 f i H264Stream.obj
 0001:000024f0       ??$DumpElements@PAVMyAvFrame@@@@YGXAAVCDumpContext@@PBQAVMyAvFrame@@H@Z 004034f0 f i H264Stream.obj
 0001:00002590       ?Format@CTime@ATL@@QBE?AV?$CStringT@DV?$StrTraitMFC@DV?$ChTraitsCRT@D@ATL@@@@@2@PBD@Z 00403590 f i Log.obj
 0001:000026c0       ?IsEmpty@?$CSimpleStringT@D$0A@@ATL@@QBE_NXZ 004036c0 f i Log.obj
 0001:000026f0       ?ReleaseBuffer@?$CSimpleStringT@D$0A@@ATL@@QAEXH@Z 004036f0 f i Log.obj
 0001:00002750       ?StringLengthN@?$CSimpleStringT@D$0A@@ATL@@SAHPBDI@Z 00403750 f i Log.obj
 0001:00002780       ??_GCMicrovideoDlg@@UAEPAXI@Z 00403780 f i MicrovideoDlg.obj
 0001:00002780       ??_ECMicrovideoDlg@@UAEPAXI@Z 00403780 f i  CIL library: CIL module
 0001:000027c0       ??0tagDEV_MICROVIDEO@@QAE@XZ 004037c0 f i MicrovideoDlg.obj
 0001:00002800       ??1tagDEV_MICROVIDEO@@QAE@XZ 00403800 f i MicrovideoDlg.obj
 0001:00002840       ??_GCH264Stream@@QAEPAXI@Z 00403840 f i MicrovideoDlg.obj
 0001:00002880       ??8ATL@@YA_NPBDABV?$CStringT@DV?$StrTraitMFC@DV?$ChTraitsCRT@D@ATL@@@@@0@@Z 00403880 f i MicrovideoDlg.obj
 0001:000028a0       ?Compare@?$CStringT@DV?$StrTraitMFC@DV?$ChTraitsCRT@D@ATL@@@@@ATL@@QBEHPBD@Z 004038a0 f i MicrovideoDlg.obj
 0001:00002930       ?StringCompare@?$ChTraitsCRT@D@ATL@@SAHPBD0@Z 00403930 f i MicrovideoDlg.obj
 0001:00002950       ??_ESimpleResize@@UAEPAXI@Z 00403950 f i  CIL library: CIL module
 0001:00002950       ??_GSimpleResize@@UAEPAXI@Z 00403950 f i SimpleResize.obj
 0001:00002990       ??_GCWMV_TO_H264App@@UAEPAXI@Z 00403990 f i WMV_TO_H264.obj
 0001:00002990       ??_ECWMV_TO_H264App@@UAEPAXI@Z 00403990 f i  CIL library: CIL module
 0001:000029d0       ??1CWMV_TO_H264App@@UAE@XZ 004039d0 f i WMV_TO_H264.obj
 0001:00002a00       ??_ECAboutDlg@@UAEPAXI@Z   00403a00 f i  CIL library: CIL module
 0001:00002a00       ??_GCAboutDlg@@UAEPAXI@Z   00403a00 f i WMV_TO_H264Dlg.obj
 0001:00002a40       ??1CAboutDlg@@UAE@XZ       00403a40 f i WMV_TO_H264Dlg.obj
 0001:00002a70       ??_GCWMV_TO_H264Dlg@@UAEPAXI@Z 00403a70 f i WMV_TO_H264Dlg.obj
 0001:00002a70       ??_ECWMV_TO_H264Dlg@@UAEPAXI@Z 00403a70 f i  CIL library: CIL module
 0001:00002ab0       ??Y?$CStringT@DV?$StrTraitMFC@DV?$ChTraitsCRT@D@ATL@@@@@ATL@@QAEAAV01@PBD@Z 00403ab0 f i WMV_TO_H264Dlg.obj
 0001:00002ae0       ?ReverseFind@?$CStringT@DV?$StrTraitMFC@DV?$ChTraitsCRT@D@ATL@@@@@ATL@@QBEHD@Z 00403ae0 f i WMV_TO_H264Dlg.obj
 0001:00002b50       ?Left@?$CStringT@DV?$StrTraitMFC@DV?$ChTraitsCRT@D@ATL@@@@@ATL@@QBE?AV12@H@Z 00403b50 f i WMV_TO_H264Dlg.obj
 0001:00002bf0       ?GetBufferSetLength@?$CSimpleStringT@D$0A@@ATL@@QAEPADH@Z 00403bf0 f i WMV_TO_H264Dlg.obj
 0001:00002c40       ??0?$CStringT@DV?$StrTraitMFC@DV?$ChTraitsCRT@D@ATL@@@@@ATL@@QAE@PBDHPAUIAtlStringMgr@1@@Z 00403c40 f i WMV_TO_H264Dlg.obj
 0001:00002c80       ?GetManager@?$CStringT@DV?$StrTraitMFC@DV?$ChTraitsCRT@D@ATL@@@@@ATL@@QBEPAUIAtlStringMgr@2@XZ 00403c80 f i WMV_TO_H264Dlg.obj
 0001:00002ce0       ??Y?$CSimpleStringT@D$0A@@ATL@@QAEAAV01@PBD@Z 00403ce0 f i WMV_TO_H264Dlg.obj
 0001:00002d10       ?StringFindCharRev@?$ChTraitsCRT@D@ATL@@SAPBDPBDD@Z 00403d10 f i WMV_TO_H264Dlg.obj
 0001:00002d30       ??0?$CSimpleStringT@D$0A@@ATL@@QAE@PBDHPAUIAtlStringMgr@1@@Z 00403d30 f i WMV_TO_H264Dlg.obj
 0001:00002e20       ?Append@?$CSimpleStringT@D$0A@@ATL@@QAEXPBD@Z 00403e20 f i WMV_TO_H264Dlg.obj
 0001:00002e60       ?GetManager@?$CSimpleStringT@D$0A@@ATL@@QBEPAUIAtlStringMgr@2@XZ 00403e60 f i WMV_TO_H264Dlg.obj
 0001:00002ed0       ?Append@?$CSimpleStringT@D$0A@@ATL@@QAEXPBDH@Z 00403ed0 f i WMV_TO_H264Dlg.obj
 0001:00003050       ??2CObject@@SGPAXI@Z       00404050 f   nafxcwd:afxmem.obj
 0001:00003070       ??3CObject@@SGXPAX@Z       00404070 f   nafxcwd:afxmem.obj
 0001:00003090       ??3CObject@@SGXPAX0@Z      00404090 f   nafxcwd:afxmem.obj
 0001:000030b0       ??2@YAPAXIPBDH@Z           004040b0 f   nafxcwd:afxmem.obj
 0001:000030d0       ??_U@YAPAXIPBDH@Z          004040d0 f   nafxcwd:afxmem.obj
 0001:000030f0       ??2CObject@@SGPAXIPBDH@Z   004040f0 f   nafxcwd:afxmem.obj
 0001:00003120       ??3CObject@@SGXPAXPBDH@Z   00404120 f   nafxcwd:afxmem.obj
 0001:00003140       ?AfxEnableMemoryTracking@@YGHH@Z 00404140 f   nafxcwd:afxmem.obj
 0001:000031a0       ?AfxCheckMemory@@YGHXZ     004041a0 f   nafxcwd:afxmem.obj
 0001:000031b0       ?AfxNewHandler@@YAHI@Z     004041b0 f   nafxcwd:afxmem.obj
 0001:000031c0       ?AfxSetNewHandler@@YGP6AHI@ZP6AHI@Z@Z 004041c0 f   nafxcwd:afxmem.obj
 0001:000031e0       ??2@YAPAXI@Z               004041e0 f   nafxcwd:afxmem.obj
 0001:00003230       ??_U@YAPAXI@Z              00404230 f   nafxcwd:afxmem.obj
 0001:00003250       ??2@YAPAXIHPBDH@Z          00404250 f   nafxcwd:afxmem.obj
 0001:000032b0       ??_U@YAPAXIHPBDH@Z         004042b0 f   nafxcwd:afxmem.obj
 0001:000032d0       ?AfxLoadString@@YGHIPADI@Z 004042d0 f   nafxcwd:winstr.obj
 0001:00003390       ?AfxFindStringResourceHandle@@YGPAUHINSTANCE__@@I@Z 00404390 f   nafxcwd:winstr.obj
 0001:000033a0       ?AfxExtractSubString@@YGHAAV?$CStringT@DV?$StrTraitMFC@DV?$ChTraitsCRT@D@ATL@@@@@ATL@@PBDHD@Z 004043a0 f   nafxcwd:winstr.obj
 0001:00003480       __tcschr                   00404480 f i nafxcwd:winstr.obj
 0001:000034a0       ?AfxGetStringManager@@YGPAUIAtlStringMgr@ATL@@XZ 004044a0 f   nafxcwd:strcore.obj
 0001:000034b0       ?Allocate@CAfxStringMgr@@UAEPAUCStringData@ATL@@HH@Z 004044b0 f   nafxcwd:strcore.obj
 0001:00003560       ?Free@CAfxStringMgr@@UAEXPAUCStringData@ATL@@@Z 00404560 f   nafxcwd:strcore.obj
 0001:00003580       ?Reallocate@CAfxStringMgr@@UAEPAUCStringData@ATL@@PAU23@HH@Z 00404580 f   nafxcwd:strcore.obj
 0001:00003610       ?GetNilString@CAfxStringMgr@@UAEPAUCStringData@ATL@@XZ 00404610 f   nafxcwd:strcore.obj
 0001:00003630       ??$?6DV?$StrTraitMFC@DV?$ChTraitsCRT@D@ATL@@@@@CArchive@@QAEAAV0@ABV?$CStringT@DV?$StrTraitMFC@DV?$ChTraitsCRT@D@ATL@@@@@ATL@@@Z 00404630 f i nafxcwd:strcore.obj
 0001:00003670       ??$?5DV?$StrTraitMFC@DV?$ChTraitsCRT@D@ATL@@@@@CArchive@@QAEAAV0@AAV?$CStringT@DV?$StrTraitMFC@DV?$ChTraitsCRT@D@ATL@@@@@ATL@@@Z 00404670 f i nafxcwd:strcore.obj
 0001:00003860       ??0?$CTempBuffer@D$0IA@VCCRTAllocator@ATL@@@ATL@@QAE@I@Z 00404860 f i nafxcwd:strcore.obj
 0001:00003890       ??0?$CTempBuffer@_W$0IA@VCCRTAllocator@ATL@@@ATL@@QAE@I@Z 00404890 f i nafxcwd:strcore.obj
 0001:000038c0       ??0?$CStringT@DV?$StrTraitMFC@DV?$ChTraitsCRT@D@ATL@@@@@ATL@@QAE@PBDH@Z 004048c0 f i nafxcwd:strcore.obj
 0001:000038f0       ??1?$CStringT@_WV?$StrTraitMFC@_WV?$ChTraitsCRT@_W@ATL@@@@@ATL@@QAE@XZ 004048f0 f i nafxcwd:strcore.obj
 0001:00003910       ?GetLength@?$CSimpleStringT@_W$0A@@ATL@@QBEHXZ 00404910 f i nafxcwd:strcore.obj
 0001:00003930       ??0?$CSimpleStringT@_W$0A@@ATL@@QAE@PAUIAtlStringMgr@1@@Z 00404930 f i nafxcwd:strcore.obj
 0001:000039b0       ??1?$CSimpleStringT@_W$0A@@ATL@@QAE@XZ 004049b0 f i nafxcwd:strcore.obj
 0001:000039e0       ?GetBuffer@?$CSimpleStringT@_W$0A@@ATL@@QAEPA_WH@Z 004049e0 f i nafxcwd:strcore.obj
 0001:00003a00       ?ReleaseBufferSetLength@?$CSimpleStringT@_W$0A@@ATL@@QAEXH@Z 00404a00 f i nafxcwd:strcore.obj
 0001:00003a50       ?GetData@?$CSimpleStringT@_W$0A@@ATL@@ABEPAUCStringData@2@XZ 00404a50 f i nafxcwd:strcore.obj
 0001:00003a70       ?GetDefaultManager@?$StrTraitMFC@_WV?$ChTraitsCRT@_W@ATL@@@@SAPAUIAtlStringMgr@ATL@@XZ 00404a70 f i nafxcwd:strcore.obj
 0001:00003a80       _wmemcpy_s                 00404a80 f i nafxcwd:olemisc.obj
 0001:00003a80       ?CopyChars@?$CSimpleStringT@_W$0A@@ATL@@SAXPA_WIPB_WH@Z 00404a80 f i nafxcwd:strcore.obj
 0001:00003ab0       ?ThrowMemoryException@?$CSimpleStringT@_W$0A@@ATL@@KAXXZ 00404ab0 f i nafxcwd:strcore.obj
 0001:00003ad0       ?Attach@?$CSimpleStringT@_W$0A@@ATL@@AAEXPAUCStringData@2@@Z 00404ad0 f i nafxcwd:strcore.obj
 0001:00003af0       ?PrepareWrite@?$CSimpleStringT@_W$0A@@ATL@@AAEPA_WH@Z 00404af0 f i nafxcwd:strcore.obj
 0001:00003b40       ?SetLength@?$CSimpleStringT@_W$0A@@ATL@@AAEXH@Z 00404b40 f i nafxcwd:strcore.obj
 0001:00003bf0       ?Empty@?$CSimpleStringT@_W$0A@@ATL@@QAEXXZ 00404bf0 f i nafxcwd:strcore.obj
 0001:00003c60       ?PrepareWrite2@?$CSimpleStringT@_W$0A@@ATL@@AAEXH@Z 00404c60 f i nafxcwd:strcore.obj
 0001:00003d00       ?Fork@?$CSimpleStringT@_W$0A@@ATL@@AAEXH@Z 00404d00 f i nafxcwd:strcore.obj
 0001:00003dc0       ?Reallocate@?$CSimpleStringT@_W$0A@@ATL@@AAEXH@Z 00404dc0 f i nafxcwd:strcore.obj
 0001:00003e60       ?ConvertToBaseType@?$ChTraitsCRT@_W@ATL@@SAXPA_WHPBDH@Z 00404e60 f i nafxcwd:strcore.obj
 0001:00003e90       ??1?$CTempBuffer@D$0IA@VCCRTAllocator@ATL@@@ATL@@QAE@XZ 00404e90 f i nafxcwd:strcore.obj
 0001:00003e90       ??1?$CTempBuffer@_W$0IA@VCCRTAllocator@ATL@@@ATL@@QAE@XZ 00404e90 f i nafxcwd:strcore.obj
 0001:00003ec0       ?Allocate@?$CTempBuffer@D$0IA@VCCRTAllocator@ATL@@@ATL@@QAEPADI@Z 00404ec0 f i nafxcwd:strcore.obj
 0001:00003ef0       ?Allocate@?$CTempBuffer@_W$0IA@VCCRTAllocator@ATL@@@ATL@@QAEPA_WI@Z 00404ef0 f i nafxcwd:strcore.obj
 0001:00003f20       ??0?$CStringT@DV?$StrTraitMFC@DV?$ChTraitsCRT@D@ATL@@@@@ATL@@QAE@PB_WH@Z 00404f20 f i nafxcwd:strcore.obj
 0001:00004040       ?FreeHeap@?$CTempBuffer@D$0IA@VCCRTAllocator@ATL@@@ATL@@AAEXXZ 00405040 f i nafxcwd:strcore.obj
 0001:00004040       ?FreeHeap@?$CTempBuffer@_W$0IA@VCCRTAllocator@ATL@@@ATL@@AAEXXZ 00405040 f i nafxcwd:strcore.obj
 0001:00004060       ??3@YAXPAXPBDH@Z           00405060 f i nafxcwd:afxmem.obj
 0001:00004060       ?Free@CCRTAllocator@ATL@@SAXPAX@Z 00405060 f i nafxcwd:strcore.obj
 0001:00004060       ??_V@YAXPAX@Z              00405060 f i nafxcwd:afxmem.obj
 0001:00004080       ?AllocateBytes@?$CTempBuffer@_W$0IA@VCCRTAllocator@ATL@@@ATL@@QAEPA_WI@Z 00405080 f i nafxcwd:strcore.obj
 0001:00004080       ?AllocateBytes@?$CTempBuffer@D$0IA@VCCRTAllocator@ATL@@@ATL@@QAEPADI@Z 00405080 f i nafxcwd:strcore.obj
 0001:000040e0       ?Allocate@CCRTAllocator@ATL@@SAPAXI@Z 004050e0 f i nafxcwd:strcore.obj
 0001:00004100       ?AllocateHeap@?$CTempBuffer@_W$0IA@VCCRTAllocator@ATL@@@ATL@@AAEXI@Z 00405100 f i nafxcwd:strcore.obj
 0001:00004100       ?AllocateHeap@?$CTempBuffer@D$0IA@VCCRTAllocator@ATL@@@ATL@@AAEXI@Z 00405100 f i nafxcwd:strcore.obj
 0001:00004140       ??$AtlMultiplyThrow@I@ATL@@YAIII@Z 00405140 f i nafxcwd:strcore.obj
 0001:00004180       ??0CAfxStringMgr@@QAE@XZ   00405180 f i nafxcwd:strcore.obj
 0001:000041c0       ??0CNilStringData@ATL@@QAE@XZ 004051c0 f i nafxcwd:strcore.obj
 0001:00004210       ?SetManager@CNilStringData@ATL@@QAEXPAUIAtlStringMgr@2@@Z 00405210 f i nafxcwd:strcore.obj
 0001:00004250       ??3CException@@SGXPAX@Z    00405250 f   nafxcwd:except.obj
 0001:000042c0       ??3CException@@SGXPAXPBDH@Z 004052c0 f   nafxcwd:except.obj
 0001:000042e0       ??0CException@@QAE@XZ      004052e0 f   nafxcwd:except.obj
 0001:00004320       ??0CException@@QAE@H@Z     00405320 f   nafxcwd:except.obj
 0001:00004360       ?Delete@CException@@QAEXXZ 00405360 f   nafxcwd:except.obj
 0001:000043b0       ?GetErrorMessage@CException@@UBEHPADIPAI@Z 004053b0 f   nafxcwd:except.obj
 0001:000043f0       ?GetErrorMessage@CException@@UAEHPADIPAI@Z 004053f0 f   nafxcwd:except.obj
 0001:00004420       ?ReportError@CException@@UAEHII@Z 00405420 f   nafxcwd:except.obj
 0001:000044d0       ?GetRuntimeClass@CException@@UBEPAUCRuntimeClass@@XZ 004054d0 f   nafxcwd:except.obj
 0001:000044f0       ?GetRuntimeClass@CSimpleException@@UBEPAUCRuntimeClass@@XZ 004054f0 f   nafxcwd:except.obj
 0001:00004510       ?GetRuntimeClass@CMemoryException@@UBEPAUCRuntimeClass@@XZ 00405510 f   nafxcwd:except.obj
 0001:00004530       ?GetRuntimeClass@CNotSupportedException@@UBEPAUCRuntimeClass@@XZ 00405530 f   nafxcwd:except.obj
 0001:00004550       ?GetRuntimeClass@CInvalidArgException@@UBEPAUCRuntimeClass@@XZ 00405550 f   nafxcwd:except.obj
 0001:00004570       ?InitString@CSimpleException@@QAEXXZ 00405570 f   nafxcwd:except.obj
 0001:000045b0       ?GetErrorMessage@CSimpleException@@UBEHPADIPAI@Z 004055b0 f   nafxcwd:except.obj
 0001:00004650       ?AfxThrowMemoryException@@YGXXZ 00405650 f   nafxcwd:except.obj
 0001:00004670       ?AfxThrowNotSupportedException@@YGXXZ 00405670 f   nafxcwd:except.obj
 0001:00004690       ?AfxThrowInvalidArgException@@YGXXZ 00405690 f   nafxcwd:except.obj
 0001:000046b0       ?GetData@?$CThreadLocal@V_AFX_THREAD_STATE@@@@QAEPAV_AFX_THREAD_STATE@@XZ 004056b0 f i nafxcwd:except.obj
 0001:00004710       ?CreateObject@?$CThreadLocal@V_AFX_THREAD_STATE@@@@SGPAVCNoTrackObject@@XZ 00405710 f i nafxcwd:except.obj
 0001:00004790       ?tcsncpy_s@Checked@ATL@@YAHPADIPBDI@Z 00405790 f i nafxcwd:except.obj
 0001:000047c0       __tcsncpy_s                004057c0 f i nafxcwd:except.obj
 0001:000047e0       ?AfxGetScodeString@@YGPBDJ@Z 004057e0 f   nafxcwd:olemisc.obj
 0001:00004830       ?AfxGetScodeRangeString@@YGPBDJ@Z 00405830 f   nafxcwd:olemisc.obj
 0001:00004890       ?AfxGetSeverityString@@YGPBDJ@Z 00405890 f   nafxcwd:olemisc.obj
 0001:000048b0       ?AfxGetFacilityString@@YGPBDJ@Z 004058b0 f   nafxcwd:olemisc.obj
 0001:000048f0       ?AfxGetFullScodeString@@YGPBDJ@Z 004058f0 f   nafxcwd:olemisc.obj
 0001:00004a00       ?AfxThrowOleException@@YGXJ@Z 00405a00 f   nafxcwd:olemisc.obj
 0001:00004ae0       ?GetErrorMessage@COleException@@UBEHPADIPAI@Z 00405ae0 f   nafxcwd:olemisc.obj
 0001:00004b90       ?GetRuntimeClass@COleException@@UBEPAUCRuntimeClass@@XZ 00405b90 f   nafxcwd:olemisc.obj
 0001:00004bb0       ??0?$CStringT@_WV?$StrTraitMFC@_WV?$ChTraitsCRT@_W@ATL@@@@@ATL@@QAE@PBD@Z 00405bb0 f i nafxcwd:olemisc.obj
 0001:00004c30       ?LoadStringA@?$CStringT@_WV?$StrTraitMFC@_WV?$ChTraitsCRT@_W@ATL@@@@@ATL@@QAEHI@Z 00405c30 f i nafxcwd:olemisc.obj
 0001:00004c70       ?AtlCoTaskMemCAlloc@ATL@@YAPAXKK@Z 00405c70 f i nafxcwd:olemisc.obj
 0001:00004cb0       ??$AtlMultiply@I@ATL@@YAJPAIII@Z 00405cb0 f i nafxcwd:strcore.obj
 0001:00004cb0       ??$AtlMultiply@K@ATL@@YAJPAKKK@Z 00405cb0 f i nafxcwd:olemisc.obj
 0001:00004cf0       ??4?$CStringT@_WV?$StrTraitMFC@_WV?$ChTraitsCRT@_W@ATL@@@@@ATL@@QAEAAV01@PBD@Z 00405cf0 f i nafxcwd:olemisc.obj
 0001:00004d70       ?LoadStringA@?$CStringT@_WV?$StrTraitMFC@_WV?$ChTraitsCRT@_W@ATL@@@@@ATL@@QAEHPAUHINSTANCE__@@I@Z 00405d70 f i nafxcwd:olemisc.obj
 0001:00004e00       ?CheckImplicitLoad@?$CStringT@_WV?$StrTraitMFC@_WV?$ChTraitsCRT@_W@ATL@@@@@ATL@@AAE_NPBX@Z 00405e00 f i nafxcwd:olemisc.obj
 0001:00004e80       ?_AtlVerifyStackAvailable@_ATL_SAFE_ALLOCA_IMPL@ATL@@YA_NK@Z 00405e80 f i nafxcwd:olemisc.obj
 0001:00004f80       ?FindStringResourceInstance@?$StrTraitMFC@_WV?$ChTraitsCRT@_W@ATL@@@@SAPAUHINSTANCE__@@I@Z 00405f80 f i nafxcwd:olemisc.obj
 0001:00004f90       ?AtlCrtErrorCheck@ATL@@YAHH@Z 00405f90 f i nafxcwd:olemisc.obj
 0001:00005050       ?GetBaseTypeLength@?$ChTraitsCRT@_W@ATL@@SAHPBD@Z 00406050 f i nafxcwd:olemisc.obj
 0001:00005080       ?GetBaseTypeLength@?$ChTraitsCRT@_W@ATL@@SAHPB_WH@Z 00406080 f i nafxcwd:olemisc.obj
 0001:00005090       ?ConvertToBaseType@?$ChTraitsCRT@_W@ATL@@SAXPA_WHPB_WH@Z 00406090 f i nafxcwd:olemisc.obj
 0001:000050d0       ?wmemcpy_s@Checked@ATL@@YAXPA_WIPB_WI@Z 004060d0 f i nafxcwd:olemisc.obj
 0001:00005100       ?GetBaseTypeLength@?$ChTraitsCRT@_W@ATL@@SAHPB_W@Z 00406100 f i nafxcwd:olemisc.obj
 0001:00005120       ?Free@CComAllocator@ATL@@SAXPAX@Z 00406120 f i nafxcwd:olemisc.obj
 0001:00005140       ??0?$CStringT@DV?$StrTraitMFC@DV?$ChTraitsCRT@D@ATL@@@@@ATL@@QAE@PB_W@Z 00406140 f i nafxcwd:olemisc.obj
 0001:000051c0       ??4?$CStringT@DV?$StrTraitMFC@DV?$ChTraitsCRT@D@ATL@@@@@ATL@@QAEAAV01@PB_W@Z 004061c0 f i nafxcwd:olemisc.obj
 0001:00005240       ??Y?$CStringT@DV?$StrTraitMFC@DV?$ChTraitsCRT@D@ATL@@@@@ATL@@QAEAAV01@D@Z 00406240 f i nafxcwd:olemisc.obj
 0001:00005260       ??Y?$CSimpleStringT@D$0A@@ATL@@QAEAAV01@D@Z 00406260 f i nafxcwd:olemisc.obj
 0001:00005280       ?GetBaseTypeLength@?$ChTraitsCRT@D@ATL@@SAHPB_W@Z 00406280 f i nafxcwd:olemisc.obj
 0001:000052b0       ?AppendChar@?$CSimpleStringT@D$0A@@ATL@@QAEXD@Z 004062b0 f i nafxcwd:olemisc.obj
 0001:00005300       ??$AtlAdd@K@ATL@@YAJPAKKK@Z 00406300 f i nafxcwd:olemisc.obj
 0001:00005330       ?GetRuntimeClass@CObject@@UBEPAUCRuntimeClass@@XZ 00406330 f   nafxcwd:objcore.obj
 0001:00005350       ?IsKindOf@CObject@@QBEHPBUCRuntimeClass@@@Z 00406350 f   nafxcwd:objcore.obj
 0001:00005410       ?AfxDynamicDownCast@@YAPAVCObject@@PAUCRuntimeClass@@PAV1@@Z 00406410 f   nafxcwd:objcore.obj
 0001:00005440       ?AfxAssertValidObject@@YGXPBVCObject@@PBDH@Z 00406440 f   nafxcwd:objcore.obj
 0001:000055b0       ?AssertValid@CObject@@UBEXXZ 004065b0 f   nafxcwd:objcore.obj
 0001:000055e0       ?Dump@CObject@@UBEXAAVCDumpContext@@@Z 004065e0 f   nafxcwd:objcore.obj
 0001:00005640       ?CreateObject@CRuntimeClass@@QAEPAVCObject@@XZ 00406640 f   nafxcwd:objcore.obj
 0001:00005760       ?AfxClassInit@@YGXPAUCRuntimeClass@@@Z 00406760 f   nafxcwd:objcore.obj
 0001:000057a0       ?IsDerivedFrom@CRuntimeClass@@QBEHPBU1@@Z 004067a0 f   nafxcwd:objcore.obj
 0001:00005890       ?OutputString@CDumpContext@@IAEXPBD@Z 00406890 f   nafxcwd:dumpcont.obj
 0001:00005920       ??0CDumpContext@@QAE@PAVCFile@@@Z 00406920 f   nafxcwd:dumpcont.obj
 0001:00005960       ??6CDumpContext@@QAEAAV0@PBD@Z 00406960 f   nafxcwd:dumpcont.obj
 0001:00005aa0       ??6CDumpContext@@QAEAAV0@E@Z 00406aa0 f   nafxcwd:dumpcont.obj
 0001:00005af0       ??6CDumpContext@@QAEAAV0@G@Z 00406af0 f   nafxcwd:dumpcont.obj
 0001:00005b40       ??6CDumpContext@@QAEAAV0@I@Z 00406b40 f   nafxcwd:dumpcont.obj
 0001:00005b40       ??6CDumpContext@@QAEAAV0@K@Z 00406b40 f   nafxcwd:dumpcont.obj
 0001:00005b90       ??6CDumpContext@@QAEAAV0@H@Z 00406b90 f   nafxcwd:dumpcont.obj
 0001:00005b90       ??6CDumpContext@@QAEAAV0@J@Z 00406b90 f   nafxcwd:dumpcont.obj
 0001:00005be0       ?DumpAsHex@CDumpContext@@QAEAAV1@K@Z 00406be0 f   nafxcwd:dumpcont.obj
 0001:00005c30       ??6CDumpContext@@QAEAAV0@_J@Z 00406c30 f   nafxcwd:dumpcont.obj
 0001:00005c80       ??6CDumpContext@@QAEAAV0@_K@Z 00406c80 f   nafxcwd:dumpcont.obj
 0001:00005cd0       ??6CDumpContext@@QAEAAV0@PBVCObject@@@Z 00406cd0 f   nafxcwd:dumpcont.obj
 0001:00005d10       ??6CDumpContext@@QAEAAV0@PBX@Z 00406d10 f   nafxcwd:dumpcont.obj
 0001:00005d60       ??6CDumpContext@@QAEAAV0@PAUHWND__@@@Z 00406d60 f   nafxcwd:dumpcont.obj
 0001:00005d60       ??6CDumpContext@@QAEAAV0@PAUHDC__@@@Z 00406d60 f   nafxcwd:dumpcont.obj
 0001:00005d60       ??6CDumpContext@@QAEAAV0@PAUHMENU__@@@Z 00406d60 f   nafxcwd:dumpcont.obj
 0001:00005d80       ??0CObject@@IAE@XZ         00406d80 f   nafxcwd:afxinl1.obj
 0001:00005da0       ??1CObject@@UAE@XZ         00406da0 f   nafxcwd:afxinl1.obj
 0001:00005dc0       ??1CException@@UAE@XZ      00406dc0 f   nafxcwd:afxinl1.obj
 0001:00005de0       ??0CSimpleException@@QAE@H@Z 00406de0 f   nafxcwd:afxinl1.obj
 0001:00005e20       ??1CSimpleException@@UAE@XZ 00406e20 f   nafxcwd:afxinl1.obj
 0001:00005e40       ??_GCMemoryException@@UAEPAXI@Z 00406e40 f i nafxcwd:afxinl1.obj
 0001:00005e40       ??_ECMemoryException@@UAEPAXI@Z 00406e40 f i nafxcwd:afxinl1.obj
 0001:00005e70       ??0CMemoryException@@QAE@HI@Z 00406e70 f   nafxcwd:afxinl1.obj
 0001:00005eb0       ??1CMemoryException@@UAE@XZ 00406eb0 f   nafxcwd:afxinl1.obj
 0001:00005ed0       ??_GCNotSupportedException@@UAEPAXI@Z 00406ed0 f i nafxcwd:afxinl1.obj
 0001:00005ed0       ??_ECNotSupportedException@@UAEPAXI@Z 00406ed0 f i nafxcwd:afxinl1.obj
 0001:00005f00       ??0CNotSupportedException@@QAE@HI@Z 00406f00 f   nafxcwd:afxinl1.obj
 0001:00005f40       ??1CNotSupportedException@@UAE@XZ 00406f40 f   nafxcwd:afxinl1.obj
 0001:00005f60       ??_ECInvalidArgException@@UAEPAXI@Z 00406f60 f i nafxcwd:afxinl1.obj
 0001:00005f60       ??_GCInvalidArgException@@UAEPAXI@Z 00406f60 f i nafxcwd:afxinl1.obj
 0001:00005f90       ??0CInvalidArgException@@QAE@HI@Z 00406f90 f   nafxcwd:afxinl1.obj
 0001:00005fd0       ??1CInvalidArgException@@UAE@XZ 00406fd0 f   nafxcwd:afxinl1.obj
 0001:00005ff0       ??0CArchiveException@@QAE@HPBD@Z 00406ff0 f   nafxcwd:afxinl1.obj
 0001:00006080       ??_ECArchiveException@@UAEPAXI@Z 00407080 f i nafxcwd:afxinl1.obj
 0001:00006080       ??_GCArchiveException@@UAEPAXI@Z 00407080 f i nafxcwd:afxinl1.obj
 0001:000060b0       ??1CArchiveException@@UAE@XZ 004070b0 f   nafxcwd:afxinl1.obj
 0001:000060e0       ??0CFileException@@QAE@HJPBD@Z 004070e0 f   nafxcwd:afxinl1.obj
 0001:00006170       ??_GCFileException@@UAEPAXI@Z 00407170 f i nafxcwd:afxinl1.obj
 0001:00006170       ??_ECFileException@@UAEPAXI@Z 00407170 f i nafxcwd:afxinl1.obj
 0001:000061a0       ??1CFileException@@UAE@XZ  004071a0 f   nafxcwd:afxinl1.obj
 0001:000061d0       ?SetFilePath@CFile@@UAEXPBD@Z 004071d0 f   nafxcwd:afxinl1.obj
 0001:00006240       ?IsLoading@CArchive@@QBEHXZ 00407240 f   nafxcwd:afxinl1.obj
 0001:00006260       ?IsStoring@CArchive@@QBEHXZ 00407260 f   nafxcwd:afxinl1.obj
 0001:00006280       ?GetFile@CArchive@@QBEPAVCFile@@XZ 00407280 f   nafxcwd:afxinl1.obj
 0001:000062a0       ??6CArchive@@QAEAAV0@E@Z   004072a0 f   nafxcwd:afxinl1.obj
 0001:00006310       ??6CArchive@@QAEAAV0@_K@Z  00407310 f   nafxcwd:afxinl1.obj
 0001:00006380       ??6CArchive@@QAEAAV0@G@Z   00407380 f   nafxcwd:afxinl1.obj
 0001:000063f0       ??6CArchive@@QAEAAV0@K@Z   004073f0 f   nafxcwd:afxinl1.obj
 0001:00006460       ??5CArchive@@QAEAAV0@AAE@Z 00407460 f   nafxcwd:afxinl1.obj
 0001:000064e0       ??5CArchive@@QAEAAV0@AA_K@Z 004074e0 f   nafxcwd:afxinl1.obj
 0001:00006560       ??5CArchive@@QAEAAV0@AAG@Z 00407560 f   nafxcwd:afxinl1.obj
 0001:000065e0       ??5CArchive@@QAEAAV0@AAK@Z 004075e0 f   nafxcwd:afxinl1.obj
 0001:00006660       ??6@YGAAVCArchive@@AAV0@PBVCObject@@@Z 00407660 f   nafxcwd:afxinl1.obj
 0001:00006680       ??5@YGAAVCArchive@@AAV0@AAPAVCObject@@@Z 00407680 f   nafxcwd:afxinl1.obj
 0001:000066a0       ?EnsureRead@CArchive@@QAEXPAXI@Z 004076a0 f   nafxcwd:afxinl1.obj
 0001:000066e0       ?GetAt@CPtrArray@@QBEPAXH@Z 004076e0 f   nafxcwd:afxinl1.obj
 0001:00006740       ?SetAt@CPtrArray@@QAEXHPAX@Z 00407740 f   nafxcwd:afxinl1.obj
 0001:000067a0       ?ElementAt@CObArray@@QAEAAPAVCObject@@H@Z 004077a0 f   nafxcwd:afxinl1.obj
 0001:00006800       ??ACObArray@@QAEAAPAVCObject@@H@Z 00407800 f   nafxcwd:afxinl1.obj
 0001:00006820       ?GetCount@CPtrList@@QBEHXZ 00407820 f   nafxcwd:afxinl1.obj
 0001:00006820       ?GetColumnCount@CDynamicAccessor@ATL@@QBEKXZ 00407820 f   nafxcwd:occsite.obj
 0001:00006840       ?IsEmpty@CPtrList@@QBEHXZ  00407840 f   nafxcwd:afxinl1.obj
 0001:00006860       ?GetHead@CPtrList@@QAEAAPAXXZ 00407860 f   nafxcwd:afxinl1.obj
 0001:000068a0       ?Clone@CFixedStringMgr@ATL@@UAEPAUIAtlStringMgr@2@XZ 004078a0 f   nafxcwd:olevar.obj
 0001:000068a0       ?GetPosition@?$CTypedPtrListIterator@VCPtrList@@PAUCOleControlSiteOrWnd@@@@QBEPAU__POSITION@@XZ 004078a0 f   nafxcwd:winocc.obj
 0001:000068a0       ?GetHeadPosition@CObList@@QBEPAU__POSITION@@XZ 004078a0 f   nafxcwd:afxinl1.obj
 0001:000068a0       ?GetSize@CRecentFileList@@QBEHXZ 004078a0 f   nafxcwd:appcore.obj
 0001:000068a0       ?GetNumAccessors@CAccessorBase@ATL@@QBEKXZ 004078a0 f   nafxcwd:occsite.obj
 0001:000068a0       ?GetHeadPosition@?$CList@PAVIControlSiteFactory@@PAV1@@@QBEPAU__POSITION@@XZ 004078a0 f   nafxcwd:occmgr.obj
 0001:000068a0       ?GetData@?$CArray@PAUHWND__@@PAU1@@@QAEPAPAUHWND__@@XZ 004078a0 f   nafxcwd:winfrm.obj
 0001:000068a0       ?GetHeadPosition@CPtrList@@QBEPAU__POSITION@@XZ 004078a0 f   nafxcwd:afxinl1.obj
 0001:000068a0       ?GetHeadPosition@?$CList@PAUHWND__@@PAU1@@@QBEPAU__POSITION@@XZ 004078a0 f   nafxcwd:winfrm.obj
 0001:000068c0       ?GetNext@CPtrList@@QAEAAPAXAAPAU__POSITION@@@Z 004078c0 f   nafxcwd:afxinl1.obj
 0001:00006920       ?GetNext@CPtrList@@QBEPBXAAPAU__POSITION@@@Z 00407920 f   nafxcwd:afxinl1.obj
 0001:00006980       ?GetPrev@CPtrList@@QAEAAPAXAAPAU__POSITION@@@Z 00407980 f   nafxcwd:afxinl1.obj
 0001:000069e0       ?GetPrev@CPtrList@@QBEPBXAAPAU__POSITION@@@Z 004079e0 f   nafxcwd:afxinl1.obj
 0001:00006a40       ?GetAt@CPtrList@@QBEPBXPAU__POSITION@@@Z 00407a40 f   nafxcwd:afxinl1.obj
 0001:00006a90       ?GetNext@CObList@@QBEPBVCObject@@AAPAU__POSITION@@@Z 00407a90 f   nafxcwd:afxinl1.obj
 0001:00006af0       ?SetAt@CMapPtrToPtr@@QAEXPAX0@Z 00407af0 f   nafxcwd:afxinl1.obj
 0001:00006b10       ?SetAt@CMapWordToOb@@QAEXGPAVCObject@@@Z 00407b10 f   nafxcwd:afxinl1.obj
 0001:00006b40       ?GetStartPosition@CMapPtrToPtr@@QBEPAU__POSITION@@XZ 00407b40 f   nafxcwd:afxinl1.obj
 0001:00006b40       ?GetStartPosition@CMapStringToString@@QBEPAU__POSITION@@XZ 00407b40 f   nafxcwd:afxinl1.obj
 0001:00006b40       ?GetStartPosition@CMapWordToOb@@QBEPAU__POSITION@@XZ 00407b40 f   nafxcwd:afxinl1.obj
 0001:00006b40       ?GetStartPosition@CMapStringToOb@@QBEPAU__POSITION@@XZ 00407b40 f   nafxcwd:afxinl1.obj
 0001:00006b60       ?SetAt@CMapStringToOb@@QAEXPBDPAVCObject@@@Z 00407b60 f   nafxcwd:afxinl1.obj
 0001:00006b80       ?SetAt@CMapStringToString@@QAEXPBD0@Z 00407b80 f   nafxcwd:afxinl1.obj
 0001:00006bb0       ??0CCommonDialog@@QAE@PAVCWnd@@@Z 00407bb0 f   nafxcwd:afxinl1.obj
 0001:00006be0       ?GetReBarBandInfoSize@CReBar@@QBEIXZ 00407be0 f   nafxcwd:afxinl1.obj
 0001:00006c00       ??_GCCommonDialog@@UAEPAXI@Z 00407c00 f i nafxcwd:afxinl1.obj
 0001:00006c00       ??_ECCommonDialog@@UAEPAXI@Z 00407c00 f i nafxcwd:afxinl1.obj
 0001:00006c30       ??1CCommonDialog@@UAE@XZ   00407c30 f i nafxcwd:afxinl1.obj
 0001:00006c50       ?AfxAssertFailedLine@@YGHPBDH@Z 00407c50 f   nafxcwd:afxasert.obj
 0001:00006ca0       ?AfxIsValidString@@YGHPBDH@Z 00407ca0 f   nafxcwd:validadd.obj
 0001:00006cc0       ?AfxIsValidAddress@@YGHPBXIH@Z 00407cc0 f   nafxcwd:validadd.obj
 0001:00006ce0       ?AfxIsValidAtom@@YAHG@Z    00407ce0 f   nafxcwd:validadd.obj
 0001:00006da0       ?AfxIsValidAtom@@YAHPBD@Z  00407da0 f   nafxcwd:validadd.obj
 0001:00006df0       ?AfxReadStringLength@@YGIAAVCArchive@@AAH@Z 00407df0 f   nafxcwd:arccore.obj
 0001:00006ed0       ?AfxWriteStringLength@@YGXAAVCArchive@@IH@Z 00407ed0 f   nafxcwd:arccore.obj
 0001:00006fa0       ?FromName@CRuntimeClass@@SGPAU1@PBD@Z 00407fa0 f   nafxcwd:arccore.obj
 0001:00007050       ?Load@CRuntimeClass@@SGPAU1@AAVCArchive@@PAI@Z 00408050 f   nafxcwd:arccore.obj
 0001:00007120       ?Store@CRuntimeClass@@QBEXAAVCArchive@@@Z 00408120 f   nafxcwd:arccore.obj
 0001:00007170       ??0CArchive@@QAE@PAVCFile@@IHPAX@Z 00408170 f   nafxcwd:arccore.obj
 0001:00007420       ??1CArchive@@QAE@XZ        00408420 f   nafxcwd:arccore.obj
 0001:000074a0       ?Abort@CArchive@@QAEXXZ    004084a0 f   nafxcwd:arccore.obj
 0001:00007690       ?Close@CArchive@@QAEXXZ    00408690 f   nafxcwd:arccore.obj
 0001:000076d0       ?Read@CArchive@@QAEIPAXI@Z 004086d0 f   nafxcwd:arccore.obj
 0001:00007b30       ?Write@CArchive@@QAEXPBXI@Z 00408b30 f   nafxcwd:arccore.obj
 0001:00007ea0       ?Flush@CArchive@@QAEXXZ    00408ea0 f   nafxcwd:arccore.obj
 0001:000080e0       ?FillBuffer@CArchive@@QAEXI@Z 004090e0 f   nafxcwd:arccore.obj
 0001:00008460       ?WriteCount@CArchive@@QAEXK@Z 00409460 f   nafxcwd:arccore.obj
 0001:000084a0       ?ReadCount@CArchive@@QAEKXZ 004094a0 f   nafxcwd:arccore.obj
 0001:000084e0       ?AfxGetApp@@YGPAVCWinApp@@XZ 004094e0 f   nafxcwd:afxinl2.obj
 0001:000084f0       ?AfxGetInstanceHandle@@YGPAUHINSTANCE__@@XZ 004094f0 f   nafxcwd:afxinl2.obj
 0001:00008520       ?AfxGetResourceHandle@@YGPAUHINSTANCE__@@XZ 00409520 f   nafxcwd:afxinl2.obj
 0001:00008550       ?AfxSetResourceHandle@@YGXPAUHINSTANCE__@@@Z 00409550 f   nafxcwd:afxinl2.obj
 0001:00008580       ?AfxGetAppName@@YGPBDXZ    00409580 f   nafxcwd:afxinl2.obj
 0001:000085b0       ?AfxOleGetMessageFilter@@YGPAVCOleMessageFilter@@XZ 004095b0 f   nafxcwd:afxinl2.obj
 0001:000085e0       ?AfxGetMainWnd@@YGPAVCWnd@@XZ 004095e0 f   nafxcwd:afxinl2.obj
 0001:00008620       ?AfxGetAmbientActCtx@@YGHXZ 00409620 f   nafxcwd:afxinl2.obj
 0001:00008630       ??1AFX_MAINTAIN_STATE2@@QAE@XZ 00409630 f   nafxcwd:afxinl2.obj
 0001:00008670       ??_ECResourceException@@UAEPAXI@Z 00409670 f i nafxcwd:afxinl2.obj
 0001:00008670       ??_GCResourceException@@UAEPAXI@Z 00409670 f i nafxcwd:afxinl2.obj
 0001:000086a0       ??0CResourceException@@QAE@HI@Z 004096a0 f   nafxcwd:afxinl2.obj
 0001:000086e0       ??1CResourceException@@UAE@XZ 004096e0 f   nafxcwd:afxinl2.obj
 0001:00008700       ??_ECUserException@@UAEPAXI@Z 00409700 f i nafxcwd:afxinl2.obj
 0001:00008700       ??_GCUserException@@UAEPAXI@Z 00409700 f i nafxcwd:afxinl2.obj
 0001:00008730       ??0CUserException@@QAE@HI@Z 00409730 f   nafxcwd:afxinl2.obj
 0001:00008770       ??1CUserException@@UAE@XZ  00409770 f   nafxcwd:afxinl2.obj
 0001:00008790       ??0CGdiObject@@QAE@XZ      00409790 f   nafxcwd:afxinl2.obj
 0001:000087c0       ??_GCGdiObject@@UAEPAXI@Z  004097c0 f i nafxcwd:afxinl2.obj
 0001:000087c0       ??_ECGdiObject@@UAEPAXI@Z  004097c0 f i nafxcwd:afxinl2.obj
 0001:000087f0       ??1CGdiObject@@UAE@XZ      004097f0 f   nafxcwd:afxinl2.obj
 0001:000089a0       ?GetObjectA@CGdiObject@@QBEHHPAX@Z 004099a0 f   nafxcwd:afxinl2.obj
 0001:000089e0       ?CreateStockObject@CGdiObject@@QAEHH@Z 004099e0 f   nafxcwd:afxinl2.obj
 0001:00008a10       ??0CBrush@@QAE@XZ          00409a10 f   nafxcwd:afxinl2.obj
 0001:00008a40       ??_ECBrush@@UAEPAXI@Z      00409a40 f i nafxcwd:afxinl2.obj
 0001:00008a40       ??_GCBrush@@UAEPAXI@Z      00409a40 f i nafxcwd:afxinl2.obj
 0001:00008a70       ??1CBrush@@UAE@XZ          00409a70 f   nafxcwd:afxinl2.obj
 0001:00008a90       ?CreatePatternBrush@CBrush@@QAEHPAVCBitmap@@@Z 00409a90 f   nafxcwd:afxinl2.obj
 0001:00008ac0       ??0CFont@@QAE@XZ           00409ac0 f   nafxcwd:afxinl2.obj
 0001:00008af0       ??_ECFont@@UAEPAXI@Z       00409af0 f i nafxcwd:afxinl2.obj
 0001:00008af0       ??_GCFont@@UAEPAXI@Z       00409af0 f i nafxcwd:afxinl2.obj
 0001:00008b20       ??1CFont@@UAE@XZ           00409b20 f   nafxcwd:afxinl2.obj
 0001:00008b40       ?CreateFontIndirectA@CFont@@QAEHPBUtagLOGFONTA@@@Z 00409b40 f   nafxcwd:afxinl2.obj
 0001:00008b70       ?GetLogFont@CFont@@QAEHPAUtagLOGFONTA@@@Z 00409b70 f   nafxcwd:afxinl2.obj
 0001:00008bb0       ??0CBitmap@@QAE@XZ         00409bb0 f   nafxcwd:afxinl2.obj
 0001:00008be0       ??_GCBitmap@@UAEPAXI@Z     00409be0 f i nafxcwd:afxinl2.obj
 0001:00008be0       ??_ECBitmap@@UAEPAXI@Z     00409be0 f i nafxcwd:afxinl2.obj
 0001:00008c10       ??1CBitmap@@UAE@XZ         00409c10 f   nafxcwd:afxinl2.obj
 0001:00008c30       ?CreateBitmap@CBitmap@@QAEHHHIIPBX@Z 00409c30 f   nafxcwd:afxinl2.obj
 0001:00008c70       ?CreateCompatibleBitmap@CBitmap@@QAEHPAVCDC@@HH@Z 00409c70 f   nafxcwd:afxinl2.obj
 0001:00008ca0       ?GetBitmap@CBitmap@@QAEHPAUtagBITMAP@@@Z 00409ca0 f   nafxcwd:afxinl2.obj
 0001:00008ce0       ?FromHandle@CFont@@SGPAV1@PAUHFONT__@@@Z 00409ce0 f   nafxcwd:afxinl2.obj
 0001:00008ce0       ?FromHandle@CRgn@@SGPAV1@PAUHRGN__@@@Z 00409ce0 f   nafxcwd:afxinl2.obj
 0001:00008d00       ??0CRgn@@QAE@XZ            00409d00 f   nafxcwd:afxinl2.obj
 0001:00008d30       ??_ECRgn@@UAEPAXI@Z        00409d30 f i nafxcwd:afxinl2.obj
 0001:00008d30       ??_GCRgn@@UAEPAXI@Z        00409d30 f i nafxcwd:afxinl2.obj
 0001:00008d60       ??1CRgn@@UAE@XZ            00409d60 f   nafxcwd:afxinl2.obj
 0001:00008d80       ?CreateRectRgnIndirect@CRgn@@QAEHPBUtagRECT@@@Z 00409d80 f   nafxcwd:afxinl2.obj
 0001:00008db0       ?GetRgnBox@CRgn@@QBEHPAUtagRECT@@@Z 00409db0 f   nafxcwd:afxinl2.obj
 0001:00008df0       ?GetSafeHandle@CGdiObject@@QBEPAXXZ 00409df0 f   nafxcwd:afxinl2.obj
 0001:00008df0       ?GetSafeHdc@CDC@@QBEPAUHDC__@@XZ 00409df0 f   nafxcwd:afxinl2.obj
 0001:00008df0       ??BCDC@@QBEPAUHDC__@@XZ    00409df0 f   nafxcwd:afxinl2.obj
 0001:00008e20       ?CreateCompatibleDC@CDC@@QAEHPAV1@@Z 00409e20 f   nafxcwd:afxinl2.obj
 0001:00008e50       ?GetDeviceCaps@CDC@@QBEHH@Z 00409e50 f   nafxcwd:afxinl2.obj
 0001:00008e90       ?SelectObject@CDC@@QAEPAVCBitmap@@PAV2@@Z 00409e90 f   nafxcwd:afxinl2.obj
 0001:00008ee0       ?GetBkColor@CDC@@QBEKXZ    00409ee0 f   nafxcwd:afxinl2.obj
 0001:00008f20       ?GetTextColor@CDC@@QBEKXZ  00409f20 f   nafxcwd:afxinl2.obj
 0001:00008f60       ?GetMapMode@CDC@@QBEHXZ    00409f60 f   nafxcwd:afxinl2.obj
 0001:00008fa0       ?GetViewportExt@CDC@@QBE?AVCSize@@XZ 00409fa0 f   nafxcwd:afxinl2.obj
 0001:00009010       ?GetWindowExt@CDC@@QBE?AVCSize@@XZ 0040a010 f   nafxcwd:afxinl2.obj
 0001:00009080       ?PtVisible@CDC@@UBEHHH@Z   0040a080 f   nafxcwd:afxinl2.obj
 0001:000090d0       ?RectVisible@CDC@@UBEHPBUtagRECT@@@Z 0040a0d0 f   nafxcwd:afxinl2.obj
 0001:00009110       ?FillRect@CDC@@QAEXPBUtagRECT@@PAVCBrush@@@Z 0040a110 f   nafxcwd:afxinl2.obj
 0001:00009160       ?DrawIcon@CDC@@QAEHHHPAUHICON__@@@Z 0040a160 f   nafxcwd:afxinl2.obj
 0001:000091b0       ?BitBlt@CDC@@QAEHHHHHPAV1@HHK@Z 0040a1b0 f   nafxcwd:afxinl2.obj
 0001:00009210       ?GetPixel@CDC@@QBEKHH@Z    0040a210 f   nafxcwd:afxinl2.obj
 0001:00009260       ?TextOutA@CDC@@UAEHHHPBDH@Z 0040a260 f   nafxcwd:afxinl2.obj
 0001:000092b0       ?ExtTextOutA@CDC@@UAEHHHIPBUtagRECT@@PBDIPAH@Z 0040a2b0 f   nafxcwd:afxinl2.obj
 0001:00009310       ?ExtTextOutA@CDC@@QAEHHHIPBUtagRECT@@ABV?$CStringT@DV?$StrTraitMFC@DV?$ChTraitsCRT@D@ATL@@@@@ATL@@PAH@Z 0040a310 f   nafxcwd:afxinl2.obj
 0001:00009370       ?TabbedTextOutA@CDC@@UAE?AVCSize@@HHPBDHHPAHH@Z 0040a370 f   nafxcwd:afxinl2.obj
 0001:000093e0       ?DrawTextA@CDC@@UAEHPBDHPAUtagRECT@@I@Z 0040a3e0 f   nafxcwd:afxinl2.obj
 0001:00009430       ?DrawTextExA@CDC@@UAEHPADHPAUtagRECT@@IPAUtagDRAWTEXTPARAMS@@@Z 0040a430 f   nafxcwd:afxinl2.obj
 0001:00009480       ?GetTextExtent@CDC@@QBE?AVCSize@@ABV?$CStringT@DV?$StrTraitMFC@DV?$ChTraitsCRT@D@ATL@@@@@ATL@@@Z 0040a480 f   nafxcwd:afxinl2.obj
 0001:00009500       ?GrayStringA@CDC@@UAEHPAVCBrush@@P6GHPAUHDC__@@JH@ZJHHHHH@Z 0040a500 f   nafxcwd:afxinl2.obj
 0001:00009560       ?Escape@CDC@@UAEHHHPBDPAX@Z 0040a560 f   nafxcwd:afxinl2.obj
 0001:000095b0       ?Draw@CImageList@@QAEHPAVCDC@@HUtagPOINT@@I@Z 0040a5b0 f   nafxcwd:afxinl2.obj
 0001:00009620       ?GetImageInfo@CImageList@@QBEHHPAU_IMAGEINFO@@@Z 0040a620 f   nafxcwd:afxinl2.obj
 0001:00009660       ??0CMenu@@QAE@XZ           0040a660 f   nafxcwd:afxinl2.obj
 0001:00009690       ??_GCMenu@@UAEPAXI@Z       0040a690 f i nafxcwd:afxinl2.obj
 0001:00009690       ??_ECMenu@@UAEPAXI@Z       0040a690 f i nafxcwd:afxinl2.obj
 0001:000096c0       ??1CMenu@@UAE@XZ           0040a6c0 f   nafxcwd:afxinl2.obj
 0001:00009720       ?CreatePopupMenu@CMenu@@QAEHXZ 0040a720 f   nafxcwd:afxinl2.obj
 0001:00009740       ?GetSafeHmenu@CMenu@@QBEPAUHMENU__@@XZ 0040a740 f   nafxcwd:afxinl2.obj
 0001:000097a0       ?AppendMenuA@CMenu@@QAEHIIPBD@Z 0040a7a0 f   nafxcwd:afxinl2.obj
 0001:000097f0       ?CheckMenuItem@CMenu@@QAEIII@Z 0040a7f0 f   nafxcwd:afxinl2.obj
 0001:00009840       ?EnableMenuItem@CMenu@@QAEIII@Z 0040a840 f   nafxcwd:afxinl2.obj
 0001:00009890       ?GetMenuItemCount@CMenu@@QBEIXZ 0040a890 f   nafxcwd:afxinl2.obj
 0001:000098d0       ?GetMenuItemID@CMenu@@QBEIH@Z 0040a8d0 f   nafxcwd:afxinl2.obj
 0001:00009920       ?GetMenuState@CMenu@@QBEIII@Z 0040a920 f   nafxcwd:afxinl2.obj
 0001:00009970       ?GetMenuItemInfoA@CMenu@@QAEHIPAUtagMENUITEMINFOA@@H@Z 0040a970 f   nafxcwd:afxinl2.obj
 0001:000099f0       ?GetSubMenu@CMenu@@QBEPAV1@H@Z 0040a9f0 f   nafxcwd:afxinl2.obj
 0001:00009a40       ?InsertMenuItemA@CMenu@@QAEHIPAUtagMENUITEMINFOA@@H@Z 0040aa40 f   nafxcwd:afxinl2.obj
 0001:00009ac0       ?ModifyMenuA@CMenu@@QAEHIIIPBD@Z 0040aac0 f   nafxcwd:afxinl2.obj
 0001:00009b20       ?ContinueRouting@CCmdUI@@QAEXXZ 0040ab20 f   nafxcwd:afxinl2.obj
 0001:00009b40       ?GetModuleHandleA@CDllIsolationWrapperBase@@QAEPAUHINSTANCE__@@XZ 0040ab40 f i nafxcwd:afxinl2.obj
 0001:00009bb0       ?AfxImageList_Draw@@YGHPAU_IMAGELIST@@HPAUHDC__@@HHI@Z 0040abb0 f i nafxcwd:afxinl2.obj
 0001:00009be0       ?_ImageList_Draw@CComCtlWrapper@@QAEHPAU_IMAGELIST@@HPAUHDC__@@HHI@Z 0040abe0 f i nafxcwd:afxinl2.obj
 0001:00009d30       ?GetProcAddress_ImageList_Draw@CComCtlWrapper@@QAE?AUImageList_Draw_Type@1@XZ 0040ad30 f i nafxcwd:afxinl2.obj
 0001:00009d80       ?AfxImageList_GetImageInfo@@YGHPAU_IMAGELIST@@HPAU_IMAGEINFO@@@Z 0040ad80 f i nafxcwd:afxinl2.obj
 0001:00009db0       ?_ImageList_GetImageInfo@CComCtlWrapper@@QAEHPAU_IMAGELIST@@HPAU_IMAGEINFO@@@Z 0040adb0 f i nafxcwd:afxinl2.obj
 0001:00009f00       ?GetProcAddress_ImageList_GetImageInfo@CComCtlWrapper@@QAE?AUImageList_GetImageInfo_Type@1@XZ 0040af00 f i nafxcwd:afxinl2.obj
 0001:00009f60       ??0CCmdTarget@@QAE@XZ      0040af60 f   nafxcwd:cmdtarg.obj
 0001:0000a020       ??1CCmdTarget@@UAE@XZ      0040b020 f   nafxcwd:cmdtarg.obj
 0001:0000a0c0       ?_AfxDispatchCmdMsg@@YGHPAVCCmdTarget@@IHP81@AEXXZPAXIPAUAFX_CMDHANDLERINFO@@@Z 0040b0c0 f   nafxcwd:cmdtarg.obj
 0001:0000a5d0       ?OnCmdMsg@CCmdTarget@@UAEHIHPAXPAUAFX_CMDHANDLERINFO@@@Z 0040b5d0 f   nafxcwd:cmdtarg.obj
 0001:0000a8d0       _IsEqualGUID               0040b8d0 f i nafxcwd:cmdtarg.obj
 0001:0000a8f0       ?IsInvokeAllowed@CCmdTarget@@UAEHJ@Z 0040b8f0 f   nafxcwd:cmdtarg.obj
 0001:0000a910       ?GetTypeLib@CCmdTarget@@UAEJKPAPAUITypeLib@@@Z 0040b910 f   nafxcwd:cmdtarg.obj
 0001:0000a930       ?BeginWaitCursor@CCmdTarget@@QAEXXZ 0040b930 f   nafxcwd:cmdtarg.obj
 0001:0000a960       ?EndWaitCursor@CCmdTarget@@QAEXXZ 0040b960 f   nafxcwd:cmdtarg.obj
 0001:0000a990       ?GetMessageMap@CCmdTarget@@MBEPBUAFX_MSGMAP@@XZ 0040b990 f   nafxcwd:cmdtarg.obj
 0001:0000a9b0       ?GetThisMessageMap@CCmdTarget@@KGPBUAFX_MSGMAP@@XZ 0040b9b0 f   nafxcwd:cmdtarg.obj
 0001:0000a9c0       ?GetDispatchMap@CCmdTarget@@MBEPBUAFX_DISPMAP@@XZ 0040b9c0 f   nafxcwd:cmdtarg.obj
 0001:0000a9e0       ?GetEventSinkMap@CCmdTarget@@MBEPBUAFX_EVENTSINKMAP@@XZ 0040b9e0 f   nafxcwd:cmdtarg.obj
 0001:0000aa00       ?GetInterfaceMap@CCmdTarget@@MBEPBUAFX_INTERFACEMAP@@XZ 0040ba00 f   nafxcwd:cmdtarg.obj
 0001:0000aa20       ?OnFinalRelease@CCmdTarget@@UAEXXZ 0040ba20 f   nafxcwd:cmdtarg.obj
 0001:0000aa90       ?GetConnectionMap@CCmdTarget@@MBEPBUAFX_CONNECTIONMAP@@XZ 0040ba90 f   nafxcwd:cmdtarg.obj
 0001:0000aab0       ?GetCommandMap@CCmdTarget@@MBEPBUAFX_OLECMDMAP@@XZ 0040bab0 f   nafxcwd:cmdtarg.obj
 0001:0000aad0       ??0CCmdUI@@QAE@XZ          0040bad0 f   nafxcwd:cmdtarg.obj
 0001:0000ab50       ?Enable@CCmdUI@@UAEXH@Z    0040bb50 f   nafxcwd:cmdtarg.obj
 0001:0000ac60       ?SetCheck@CCmdUI@@UAEXH@Z  0040bc60 f   nafxcwd:cmdtarg.obj
 0001:0000ad50       ?SetRadio@CCmdUI@@UAEXH@Z  0040bd50 f   nafxcwd:cmdtarg.obj
 0001:0000ae00       ?SetText@CCmdUI@@UAEXPBD@Z 0040be00 f   nafxcwd:cmdtarg.obj
 0001:0000af70       ?DoUpdate@CCmdUI@@QAEHPAVCCmdTarget@@H@Z 0040bf70 f   nafxcwd:cmdtarg.obj
 0001:0000b0a0       ?_AfxLoadDotBitmap@@YGXXZ  0040c0a0 f   nafxcwd:cmdtarg.obj
 0001:0000b2f0       ?Dump@CCmdTarget@@UBEXAAVCDumpContext@@@Z 0040c2f0 f   nafxcwd:cmdtarg.obj
 0001:0000b3e0       ?AssertValid@CCmdTarget@@UBEXXZ 0040c3e0 f   nafxcwd:cmdtarg.obj
 0001:0000b3e0       ?AssertValid@CFile@@UBEXXZ 0040c3e0 f   nafxcwd:filecore.obj
 0001:0000b3e0       ?AssertValid@CDC@@UBEXXZ   0040c3e0 f   nafxcwd:wingdi.obj
 0001:0000b400       ?GetRuntimeClass@CCmdTarget@@UBEPAUCRuntimeClass@@XZ 0040c400 f   nafxcwd:cmdtarg.obj
 0001:0000b420       ?AfxDlgProc@@YGHPAUHWND__@@IIJ@Z 0040c420 f   nafxcwd:dlgcore.obj
 0001:0000b480       ?GetMessageMap@CDialog@@MBEPBUAFX_MSGMAP@@XZ 0040c480 f   nafxcwd:dlgcore.obj
 0001:0000b4a0       ?GetThisMessageMap@CDialog@@KGPBUAFX_MSGMAP@@XZ 0040c4a0 f   nafxcwd:dlgcore.obj
 0001:0000b4b0       ?PreTranslateMessage@CDialog@@UAEHPAUtagMSG@@@Z 0040c4b0 f   nafxcwd:dlgcore.obj
 0001:0000b5b0       ?OnCmdMsg@CDialog@@UAEHIHPAXPAUAFX_CMDHANDLERINFO@@@Z 0040c5b0 f   nafxcwd:dlgcore.obj
 0001:0000b740       ??_ECDialog@@UAEPAXI@Z     0040c740 f i nafxcwd:dlgcore.obj
 0001:0000b740       ??_GCDialog@@UAEPAXI@Z     0040c740 f i nafxcwd:dlgcore.obj
 0001:0000b770       ??1CDialog@@UAE@XZ         0040c770 f   nafxcwd:dlgcore.obj
 0001:0000b840       ?OnPaint@CDialog@@IAEXXZ   0040c840 f   nafxcwd:dlgcore.obj
 0001:0000b8e0       ?Create@CDialog@@UAEHPBDPAVCWnd@@@Z 0040c8e0 f   nafxcwd:dlgcore.obj
 0001:0000b9e0       ?CreateIndirect@CDialog@@UAEHPAXPAVCWnd@@@Z 0040c9e0 f   nafxcwd:dlgcore.obj
 0001:0000ba10       ?CreateIndirect@CDialog@@IAEHPAXPAVCWnd@@PAUHINSTANCE__@@@Z 0040ca10 f   nafxcwd:dlgcore.obj
 0001:0000ba70       ?CreateIndirect@CDialog@@UAEHPBUDLGTEMPLATE@@PAVCWnd@@PAX@Z 0040ca70 f   nafxcwd:dlgcore.obj
 0001:0000baa0       ?CreateIndirect@CDialog@@IAEHPBUDLGTEMPLATE@@PAVCWnd@@PAXPAUHINSTANCE__@@@Z 0040caa0 f   nafxcwd:dlgcore.obj
 0001:0000bb00       ?CreateDlgIndirect@CWnd@@IAEHPBUDLGTEMPLATE@@PAV1@PAUHINSTANCE__@@@Z 0040cb00 f   nafxcwd:dlgcore.obj
 0001:0000bf90       ?SetOccDialogInfo@CDialog@@MAEHPAU_AFX_OCC_DIALOG_INFO@@@Z 0040cf90 f   nafxcwd:dlgcore.obj
 0001:0000bfb0       ?GetOccDialogInfo@CDialog@@MAEPAU_AFX_OCC_DIALOG_INFO@@XZ 0040cfb0 f   nafxcwd:dlgcore.obj
 0001:0000bfd0       ??0CDialog@@QAE@IPAVCWnd@@@Z 0040cfd0 f   nafxcwd:dlgcore.obj
 0001:0000c030       ?PreModal@CDialog@@IAEPAUHWND__@@XZ 0040d030 f   nafxcwd:dlgcore.obj
 0001:0000c0a0       ?PostModal@CDialog@@IAEXXZ 0040d0a0 f   nafxcwd:dlgcore.obj
 0001:0000c100       ?DoModal@CDialog@@UAEHXZ   0040d100 f   nafxcwd:dlgcore.obj
 0001:0000c420       ?EndDialog@CDialog@@QAEXH@Z 0040d420 f   nafxcwd:dlgcore.obj
 0001:0000c490       ?HandleSetFont@CDialog@@IAEJIJ@Z 0040d490 f   nafxcwd:dlgcore.obj
 0001:0000c4d0       ?HandleInitDialog@CDialog@@IAEJIJ@Z 0040d4d0 f   nafxcwd:dlgcore.obj
 0001:0000c600       ?AfxHelpEnabled@@YGHXZ     0040d600 f   nafxcwd:dlgcore.obj
 0001:0000c670       ?OnInitDialog@CDialog@@UAEHXZ 0040d670 f   nafxcwd:dlgcore.obj
 0001:0000c770       ?OnOK@CDialog@@MAEXXZ      0040d770 f   nafxcwd:dlgcore.obj
 0001:0000c7d0       ?OnCancel@CDialog@@MAEXXZ  0040d7d0 f   nafxcwd:dlgcore.obj
 0001:0000c7f0       ?CheckAutoCenter@CDialog@@UAEHXZ 0040d7f0 f   nafxcwd:dlgcore.obj
 0001:0000c920       ?OnCommandHelp@CDialog@@IAEJIJ@Z 0040d920 f   nafxcwd:dlgcore.obj
 0001:0000c990       ?OnHelpHitTest@CDialog@@IAEJIJ@Z 0040d990 f   nafxcwd:dlgcore.obj
 0001:0000c9c0       ?AssertValid@CDialog@@UBEXXZ 0040d9c0 f   nafxcwd:dlgcore.obj
 0001:0000c9e0       ?Dump@CDialog@@UBEXAAVCDumpContext@@@Z 0040d9e0 f   nafxcwd:dlgcore.obj
 0001:0000cac0       ?_AfxCheckDialogTemplate@@YGHPBDH@Z 0040dac0 f   nafxcwd:dlgcore.obj
 0001:0000cd40       ?GetRuntimeClass@CDialog@@UBEPAUCRuntimeClass@@XZ 0040dd40 f   nafxcwd:dlgcore.obj
 0001:0000cd60       ??_9CDialog@@$BBGE@AE      0040dd60 f i nafxcwd:dlgcore.obj
 0001:0000cd70       ??_9CDialog@@$BBGA@AE      0040dd70 f i nafxcwd:dlgcore.obj
 0001:0000cd80       ?GetSafeHwnd@CWnd@@QBEPAUHWND__@@XZ 0040dd80 f   nafxcwd:afxinl3.obj
 0001:0000cdb0       ?GetOwner@CWnd@@QBEPAV1@XZ 0040ddb0 f   nafxcwd:afxinl3.obj
 0001:0000cdf0       ?SendMessageA@CWnd@@QBEJIIJ@Z 0040ddf0 f   nafxcwd:afxinl3.obj
 0001:0000ce40       ?PostMessageA@CWnd@@QAEHIIJ@Z 0040de40 f   nafxcwd:afxinl3.obj
 0001:0000ce90       ?GetFont@CWnd@@QBEPAVCFont@@XZ 0040de90 f   nafxcwd:afxinl3.obj
 0001:0000cee0       ?GetSystemMenu@CWnd@@QBEPAVCMenu@@H@Z 0040dee0 f   nafxcwd:afxinl3.obj
 0001:0000cf30       ?EnsureParentFrame@CWnd@@QBEPAVCFrameWnd@@XZ 0040df30 f   nafxcwd:afxinl3.obj
 0001:0000cf70       ?EnsureTopLevelParent@CWnd@@QBEPAV1@XZ 0040df70 f   nafxcwd:afxinl3.obj
 0001:0000cfb0       ?IsIconic@CWnd@@QBEHXZ     0040dfb0 f   nafxcwd:afxinl3.obj
 0001:0000cff0       ?GetWindowRect@CWnd@@QBEXPAUtagRECT@@@Z 0040dff0 f   nafxcwd:afxinl3.obj
 0001:0000d040       ?GetClientRect@CWnd@@QBEXPAUtagRECT@@@Z 0040e040 f   nafxcwd:afxinl3.obj
 0001:0000d090       ?GetDC@CWnd@@QAEPAVCDC@@XZ 0040e090 f   nafxcwd:afxinl3.obj
 0001:0000d0e0       ?ReleaseDC@CWnd@@QAEHPAVCDC@@@Z 0040e0e0 f   nafxcwd:afxinl3.obj
 0001:0000d130       ?UpdateWindow@CWnd@@QAEXXZ 0040e130 f   nafxcwd:afxinl3.obj
 0001:0000d170       ?Invalidate@CWnd@@QAEXH@Z  0040e170 f   nafxcwd:afxinl3.obj
 0001:0000d1c0       ?InvalidateRect@CWnd@@QAEXPBUtagRECT@@H@Z 0040e1c0 f   nafxcwd:afxinl3.obj
 0001:0000d210       ?InvalidateRgn@CWnd@@QAEXPAVCRgn@@H@Z 0040e210 f   nafxcwd:afxinl3.obj
 0001:0000d260       ?IsWindowVisible@CWnd@@QBEHXZ 0040e260 f   nafxcwd:afxinl3.obj
 0001:0000d2a0       ?ShowOwnedPopups@CWnd@@QAEXH@Z 0040e2a0 f   nafxcwd:afxinl3.obj
 0001:0000d2f0       ?SendMessageToDescendants@CWnd@@QAEXIIJHH@Z 0040e2f0 f   nafxcwd:afxinl3.obj
 0001:0000d350       ?GetDescendantWindow@CWnd@@QBEPAV1@HH@Z 0040e350 f   nafxcwd:afxinl3.obj
 0001:0000d3a0       ?GetActiveWindow@CWnd@@SGPAV1@XZ 0040e3a0 f   nafxcwd:afxinl3.obj
 0001:0000d3c0       ?SetActiveWindow@CWnd@@QAEPAV1@XZ 0040e3c0 f   nafxcwd:afxinl3.obj
 0001:0000d410       ?SetCapture@CWnd@@QAEPAV1@XZ 0040e410 f   nafxcwd:afxinl3.obj
 0001:0000d460       ?GetFocus@CWnd@@SGPAV1@XZ  0040e460 f   nafxcwd:afxinl3.obj
 0001:0000d480       ?GetDesktopWindow@CWnd@@SGPAV1@XZ 0040e480 f   nafxcwd:afxinl3.obj
 0001:0000d4a0       ?GetNextDlgGroupItem@CWnd@@QBEPAV1@PAV1@H@Z 0040e4a0 f   nafxcwd:afxinl3.obj
 0001:0000d500       ?GetNextDlgTabItem@CWnd@@QBEPAV1@PAV1@H@Z 0040e500 f   nafxcwd:afxinl3.obj
 0001:0000d560       ?GetNextWindow@CWnd@@QBEPAV1@I@Z 0040e560 f   nafxcwd:afxinl3.obj
 0001:0000d5b0       ?GetTopWindow@CWnd@@QBEPAV1@XZ 0040e5b0 f   nafxcwd:afxinl3.obj
 0001:0000d600       ?GetWindow@CWnd@@QBEPAV1@I@Z 0040e600 f   nafxcwd:afxinl3.obj
 0001:0000d650       ?GetLastActivePopup@CWnd@@QBEPAV1@XZ 0040e650 f   nafxcwd:afxinl3.obj
 0001:0000d6a0       ?IsChild@CWnd@@QBEHPBV1@@Z 0040e6a0 f   nafxcwd:afxinl3.obj
 0001:0000d6f0       ?GetParent@CWnd@@QBEPAV1@XZ 0040e6f0 f   nafxcwd:afxinl3.obj
 0001:0000d740       ?SetForegroundWindow@CWnd@@QAEHXZ 0040e740 f   nafxcwd:afxinl3.obj
 0001:0000d780       ?GetForegroundWindow@CWnd@@SGPAV1@XZ 0040e780 f   nafxcwd:afxinl3.obj
 0001:0000d7a0       ?SetIcon@CWnd@@QAEPAUHICON__@@PAU2@H@Z 0040e7a0 f   nafxcwd:afxinl3.obj
 0001:0000d7f0       ?OnEraseBkgnd@CWnd@@IAEHPAVCDC@@@Z 0040e7f0 f   nafxcwd:afxinl3.obj
 0001:0000d7f0       ?OnCreate@CWnd@@IAEHPAUtagCREATESTRUCTA@@@Z 0040e7f0 f   nafxcwd:afxinl3.obj
 0001:0000d7f0       ?OnPaletteChanged@CWnd@@IAEXPAV1@@Z 0040e7f0 f   nafxcwd:afxinl3.obj
 0001:0000d810       ?GetNextWindow@@YAPAUHWND__@@PAU1@I@Z 0040e810 f i nafxcwd:afxinl3.obj
 0001:0000d830       ?OnPaint@CCommonDialog@@IAEXXZ 0040e830 f   nafxcwd:dlgcomm.obj
 0001:0000d830       ?OnQueryNewPalette@CWnd@@IAEHXZ 0040e830 f   nafxcwd:afxinl3.obj
 0001:0000d850       ?OnSetCursor@CWnd@@IAEHPAV1@II@Z 0040e850 f   nafxcwd:afxinl3.obj
 0001:0000d850       ?OnActivate@CWnd@@IAEXIPAV1@H@Z 0040e850 f   nafxcwd:afxinl3.obj
 0001:0000d850       ?OnSize@CWnd@@IAEXIHH@Z    0040e850 f   nafxcwd:afxinl3.obj
 0001:0000d850       ?OnMenuChar@CWnd@@IAEJIIPAVCMenu@@@Z 0040e850 f   nafxcwd:afxinl3.obj
 0001:0000d870       ?OnSysCommand@CWnd@@IAEXIJ@Z 0040e870 f   nafxcwd:afxinl3.obj
 0001:0000d890       ?BeginModalState@CWnd@@UAEXXZ 0040e890 f   nafxcwd:afxinl3.obj
 0001:0000d8b0       ?EndModalState@CWnd@@UAEXXZ 0040e8b0 f   nafxcwd:afxinl3.obj
 0001:0000d8d0       ?DelayRecalcLayout@CFrameWnd@@QAEXH@Z 0040e8d0 f   nafxcwd:afxinl3.obj
 0001:0000d900       ?InModalState@CFrameWnd@@QBEHXZ 0040e900 f   nafxcwd:afxinl3.obj
 0001:0000d920       ?Create@CDialog@@UAEHIPAVCWnd@@@Z 0040e920 f   nafxcwd:afxinl3.obj
 0001:0000d940       ?GetDocument@CView@@QBEPAVCDocument@@XZ 0040e940 f   nafxcwd:afxinl3.obj
 0001:0000d970       ?GetTitle@CDocument@@QBEABV?$CStringT@DV?$StrTraitMFC@DV?$ChTraitsCRT@D@ATL@@@@@ATL@@XZ 0040e970 f   nafxcwd:afxinl3.obj
 0001:0000d9a0       ?SetThreadPriority@CWinThread@@QAEHH@Z 0040e9a0 f   nafxcwd:afxinl3.obj
 0001:0000d9e0       ?ResumeThread@CWinThread@@QAEKXZ 0040e9e0 f   nafxcwd:afxinl3.obj
 0001:0000da20       ?LoadIconA@CWinApp@@QBEPAUHICON__@@I@Z 0040ea20 f   nafxcwd:afxinl3.obj
 0001:0000da40       ??0CWaitCursor@@QAE@XZ     0040ea40 f   nafxcwd:afxinl3.obj
 0001:0000da60       ??1CWaitCursor@@QAE@XZ     0040ea60 f   nafxcwd:afxinl3.obj
 0001:0000dc00       _IsPlatformNT              0040ec00 f   nafxcwd:wincore.obj
 0001:0000dc70       _InitMultipleMonitorStubs  0040ec70 f   nafxcwd:wincore.obj
 0001:0000de00       _xMonitorFromRect@8        0040ee00 f   nafxcwd:wincore.obj
 0001:0000de70       _xMonitorFromWindow@8      0040ee70 f   nafxcwd:wincore.obj
 0001:0000def0       _xGetMonitorInfo@8         0040eef0 f   nafxcwd:wincore.obj
 0001:0000dfe0       ??0CWnd@@QAE@XZ            0040efe0 f   nafxcwd:wincore.obj
 0001:0000e090       ??_GCWnd@@UAEPAXI@Z        0040f090 f i nafxcwd:wincore.obj
 0001:0000e090       ??_ECWnd@@UAEPAXI@Z        0040f090 f i nafxcwd:wincore.obj
 0001:0000e0c0       ??0XAccessible@CWnd@@QAE@XZ 0040f0c0 f i nafxcwd:wincore.obj
 0001:0000e0e0       ??0XAccessibleServer@CWnd@@QAE@XZ 0040f0e0 f i nafxcwd:wincore.obj
 0001:0000e100       ??0CWnd@@AAE@PAUHWND__@@@Z 0040f100 f   nafxcwd:wincore.obj
 0001:0000e1a0       ?_AfxModifyStyle@@YGHPAUHWND__@@HKKI@Z 0040f1a0 f   nafxcwd:wincore.obj
 0001:0000e230       ?ModifyStyle@CWnd@@SGHPAUHWND__@@KKI@Z 0040f230 f   nafxcwd:wincore.obj
 0001:0000e250       ?ModifyStyleEx@CWnd@@SGHPAUHWND__@@KKI@Z 0040f250 f   nafxcwd:wincore.obj
 0001:0000e270       ?_AfxPreInitDialog@@YGXPAVCWnd@@PAUtagRECT@@PAK@Z 0040f270 f   nafxcwd:wincore.obj
 0001:0000e2c0       ?_AfxPostInitDialog@@YGXPAVCWnd@@ABUtagRECT@@K@Z 0040f2c0 f   nafxcwd:wincore.obj
 0001:0000e360       ?_AfxHandleActivate@@YGXPAVCWnd@@I0@Z 0040f360 f   nafxcwd:wincore.obj
 0001:0000e400       ?_AfxHandleSetCursor@@YGHPAVCWnd@@II@Z 0040f400 f   nafxcwd:wincore.obj
 0001:0000e480       ?AfxCallWndProc@@YGJPAVCWnd@@PAUHWND__@@IIJ@Z 0040f480 f   nafxcwd:wincore.obj
 0001:0000e650       ?GetCurrentMessage@CWnd@@KGPBUtagMSG@@XZ 0040f650 f   nafxcwd:wincore.obj
 0001:0000e6a0       ?Default@CWnd@@IAEJXZ      0040f6a0 f   nafxcwd:wincore.obj
 0001:0000e6f0       ?afxMapHWND@@YGPAVCHandleMap@@H@Z 0040f6f0 f   nafxcwd:wincore.obj
 0001:0000e7e0       ?FromHandle@CWnd@@SGPAV1@PAUHWND__@@@Z 0040f7e0 f   nafxcwd:wincore.obj
 0001:0000e860       ?FromHandlePermanent@CWnd@@SGPAV1@PAUHWND__@@@Z 0040f860 f   nafxcwd:wincore.obj
 0001:0000e8c0       ?Attach@CWnd@@QAEHPAUHWND__@@@Z 0040f8c0 f   nafxcwd:wincore.obj
 0001:0000e970       ?Detach@CWnd@@QAEPAUHWND__@@XZ 0040f970 f   nafxcwd:wincore.obj
 0001:0000e9d0       ?GetMenu@CWnd@@UBEPAVCMenu@@XZ 0040f9d0 f   nafxcwd:wincore.obj
 0001:0000ea20       ?SetMenu@CWnd@@UAEHPAVCMenu@@@Z 0040fa20 f   nafxcwd:wincore.obj
 0001:0000ea70       ?AfxWndProc@@YGJPAUHWND__@@IIJ@Z 0040fa70 f   nafxcwd:wincore.obj
 0001:0000eb20       ?AfxGetAfxWndProc@@YGP6GJPAUHWND__@@IIJ@ZXZ 0040fb20 f   nafxcwd:wincore.obj
 0001:0000eb30       ?_AfxActivationWndProc@@YGJPAUHWND__@@IIJ@Z 0040fb30 f   nafxcwd:wincore.obj
 0001:0000edd0       ?_AfxCbtFilterHook@@YGJHIJ@Z 0040fdd0 f   nafxcwd:wincore.obj
 0001:0000f1e0       __tcscmp                   004101e0 f i nafxcwd:wincore.obj
 0001:0000f200       ?AfxHookWindowCreate@@YGXPAVCWnd@@@Z 00410200 f   nafxcwd:wincore.obj
 0001:0000f2e0       ?AfxUnhookWindowCreate@@YGHXZ 004102e0 f   nafxcwd:wincore.obj
 0001:0000f340       ?CreateEx@CWnd@@UAEHKPBD0KABUtagRECT@@PAV1@IPAX@Z 00410340 f   nafxcwd:wincore.obj
 0001:0000f3b0       ?CreateEx@CWnd@@UAEHKPBD0KHHHHPAUHWND__@@PAUHMENU__@@PAX@Z 004103b0 f   nafxcwd:wincore.obj
 0001:0000f590       ?PreCreateWindow@CWnd@@UAEHAAUtagCREATESTRUCTA@@@Z 00410590 f   nafxcwd:wincore.obj
 0001:0000f600       ?Create@CWnd@@UAEHPBD0KABUtagRECT@@PAV1@IPAUCCreateContext@@@Z 00410600 f   nafxcwd:wincore.obj
 0001:0000f6a0       ??1CWnd@@UAE@XZ            004106a0 f   nafxcwd:wincore.obj
 0001:0000f7b0       ?OnDestroy@CWnd@@IAEXXZ    004107b0 f   nafxcwd:wincore.obj
 0001:0000f840       ?OnNcDestroy@CWnd@@IAEXXZ  00410840 f   nafxcwd:wincore.obj
 0001:0000fa10       ?OnFinalRelease@CWnd@@UAEXXZ 00410a10 f   nafxcwd:wincore.obj
 0001:0000fa50       ?AssertValid@CWnd@@UBEXXZ  00410a50 f   nafxcwd:wincore.obj
 0001:0000fbb0       ?Dump@CWnd@@UBEXAAVCDumpContext@@@Z 00410bb0 f   nafxcwd:wincore.obj
 0001:0000fdd0       ?DestroyWindow@CWnd@@UAEHXZ 00410dd0 f   nafxcwd:wincore.obj
 0001:0000ff20       ?DefWindowProcA@CWnd@@MAEJIIJ@Z 00410f20 f   nafxcwd:wincore.obj
 0001:0000ffc0       ?GetSuperWndProcAddr@CWnd@@MAEPAP6GJPAUHWND__@@IIJ@ZXZ 00410fc0 f   nafxcwd:wincore.obj
 0001:0000ffe0       ?PreTranslateMessage@CWnd@@UAEHPAUtagMSG@@@Z 00410fe0 f   nafxcwd:wincore.obj
 0001:00010020       ?CancelToolTips@CWnd@@SGXH@Z 00411020 f   nafxcwd:wincore.obj
 0001:000100a0       ?OnToolHitTest@CWnd@@UBEHVCPoint@@PAUtagTOOLINFOA@@@Z 004110a0 f   nafxcwd:wincore.obj
 0001:00010160       ?OnDrawItem@CWnd@@IAEXHPAUtagDRAWITEMSTRUCT@@@Z 00411160 f   nafxcwd:wincore.obj
 0001:000101c0       ?OnCompareItem@CWnd@@IAEHHPAUtagCOMPAREITEMSTRUCT@@@Z 004111c0 f   nafxcwd:wincore.obj
 0001:00010200       ?OnDeleteItem@CWnd@@IAEXHPAUtagDELETEITEMSTRUCT@@@Z 00411200 f   nafxcwd:wincore.obj
 0001:00010230       ?OnVKeyToItem@CWnd@@IAEHIPAVCListBox@@I@Z 00411230 f   nafxcwd:wincore.obj
 0001:00010230       ?OnCharToItem@CWnd@@IAEHIPAVCListBox@@I@Z 00411230 f   nafxcwd:wincore.obj
 0001:00010270       ?TrackPopupMenu@CMenu@@QAEHIHHPAVCWnd@@PBUtagRECT@@@Z 00411270 f   nafxcwd:wincore.obj
 0001:00010310       ?_AfxFindPopupMenuFromID@@YGPAVCMenu@@PAV1@I@Z 00411310 f   nafxcwd:wincore.obj
 0001:000103f0       ?OnMeasureItem@CWnd@@IAEXHPAUtagMEASUREITEMSTRUCT@@@Z 004113f0 f   nafxcwd:wincore.obj
 0001:00010540       ?AfxRegisterClass@@YGHPAUtagWNDCLASSA@@@Z 00411540 f   nafxcwd:wincore.obj
 0001:000106a0       ?AfxRegisterWndClass@@YGPBDIPAUHICON__@@PAUHBRUSH__@@0@Z 004116a0 f   nafxcwd:wincore.obj
 0001:00010830       ?OnNTCtlColor@CWnd@@IAEJIJ@Z 00411830 f   nafxcwd:wincore.obj
 0001:000108a0       ?WinHelpA@CWnd@@UAEXKI@Z   004118a0 f   nafxcwd:wincore.obj
 0001:000109d0       ?HtmlHelpA@CWnd@@UAEXKI@Z  004119d0 f   nafxcwd:wincore.obj
 0001:00010b00       ?PrepareForHelp@CWnd@@QAEXXZ 00411b00 f   nafxcwd:wincore.obj
 0001:00010bb0       ??1_AFX_HTMLHELP_STATE@@UAE@XZ 00411bb0 f   nafxcwd:wincore.obj
 0001:00010bf0       ??1CNoTrackObject@@UAE@XZ  00411bf0 f i nafxcwd:wincore.obj
 0001:00010c10       ??_ECNoTrackObject@@UAEPAXI@Z 00411c10 f i nafxcwd:wincore.obj
 0001:00010c10       ??_GCNoTrackObject@@UAEPAXI@Z 00411c10 f i nafxcwd:wincore.obj
 0001:00010c40       ??_G_AFX_HTMLHELP_STATE@@UAEPAXI@Z 00411c40 f i nafxcwd:wincore.obj
 0001:00010c40       ??_E_AFX_HTMLHELP_STATE@@UAEPAXI@Z 00411c40 f i nafxcwd:wincore.obj
 0001:00010c70       ?AfxHtmlHelp@@YGPAUHWND__@@PAU1@PBDIK@Z 00411c70 f   nafxcwd:wincore.obj
 0001:00010d40       ?WinHelpInternal@CWnd@@UAEXKI@Z 00411d40 f   nafxcwd:wincore.obj
 0001:00010e00       ?GetMessageMap@CWnd@@MBEPBUAFX_MSGMAP@@XZ 00411e00 f   nafxcwd:wincore.obj
 0001:00010e20       ?GetThisMessageMap@CWnd@@KGPBUAFX_MSGMAP@@XZ 00411e20 f   nafxcwd:wincore.obj
 0001:00010e30       ?AfxFindMessageEntry@@YGPBUAFX_MSGMAP_ENTRY@@PBU1@III@Z 00411e30 f   nafxcwd:wincore.obj
 0001:00010e80       ?WindowProc@CWnd@@MAEJIIJ@Z 00411e80 f   nafxcwd:wincore.obj
 0001:00010ee0       ?OnWndMsg@CWnd@@MAEHIIJPAJ@Z 00411ee0 f   nafxcwd:wincore.obj
 0001:00012100       ??0CTestCmdUI@@QAE@XZ      00413100 f   nafxcwd:wincore.obj
 0001:00012130       ?Enable@CTestCmdUI@@UAEXH@Z 00413130 f   nafxcwd:wincore.obj
 0001:00012160       ?OnCommand@CWnd@@MAEHIJ@Z  00413160 f   nafxcwd:wincore.obj
 0001:000122e0       ?OnNotify@CWnd@@MAEHIJPAJ@Z 004132e0 f   nafxcwd:wincore.obj
 0001:000123e0       ?GetParentFrame@CWnd@@QBEPAVCFrameWnd@@XZ 004133e0 f   nafxcwd:wincore.obj
 0001:00012450       ?AfxGetParentOwner@@YGPAUHWND__@@PAU1@@Z 00413450 f   nafxcwd:wincore.obj
 0001:000124c0       ?GetTopLevelParent@CWnd@@QBEPAV1@XZ 004134c0 f   nafxcwd:wincore.obj
 0001:00012520       ?GetTopLevelFrame@CWnd@@QBEPAVCFrameWnd@@XZ 00413520 f   nafxcwd:wincore.obj
 0001:000125a0       ?GetDescendantWindow@CWnd@@SGPAV1@PAUHWND__@@HH@Z 004135a0 f   nafxcwd:wincore.obj
 0001:00012670       ?SendMessageToDescendants@CWnd@@SGXPAUHWND__@@IIJHH@Z 00413670 f   nafxcwd:wincore.obj
 0001:00012730       ?RepositionBars@CWnd@@QAEXIIIIPAUtagRECT@@PBU2@H@Z 00413730 f   nafxcwd:wincore.obj
 0001:000129b0       ?AfxRepositionWindow@@YGXPAUAFX_SIZEPARENTPARAMS@@PAUHWND__@@PBUtagRECT@@@Z 004139b0 f   nafxcwd:wincore.obj
 0001:00012b10       ?CalcWindowRect@CWnd@@UAEXPAUtagRECT@@I@Z 00413b10 f   nafxcwd:wincore.obj
 0001:00012b60       ?WalkPreTranslateTree@CWnd@@SGHPAUHWND__@@PAUtagMSG@@@Z 00413b60 f   nafxcwd:wincore.obj
 0001:00012c10       ?SendChildNotifyLastMsg@CWnd@@QAEHPAJ@Z 00413c10 f   nafxcwd:wincore.obj
 0001:00012c60       ?ReflectLastMsg@CWnd@@KGHPAUHWND__@@PAJ@Z 00413c60 f   nafxcwd:wincore.obj
 0001:00012db0       ?OnChildNotify@CWnd@@MAEHIIJPAJ@Z 00413db0 f   nafxcwd:wincore.obj
 0001:00012e30       ?ReflectChildNotify@CWnd@@IAEHIIJPAJ@Z 00413e30 f   nafxcwd:wincore.obj
 0001:00013000       ?OnParentNotify@CWnd@@IAEXIJ@Z 00414000 f   nafxcwd:wincore.obj
 0001:00013050       ?OnSetFocus@CWnd@@IAEXPAV1@@Z 00414050 f   nafxcwd:wincore.obj
 0001:000130a0       ?OnActivateTopLevel@CWnd@@IAEJIJ@Z 004140a0 f   nafxcwd:wincore.obj
 0001:000130f0       ?OnSysColorChange@CWnd@@IAEXXZ 004140f0 f   nafxcwd:wincore.obj
 0001:00013150       ?OnSettingChange@CWnd@@IAEXIPBD@Z 00414150 f   nafxcwd:wincore.obj
 0001:000131a0       ?OnDevModeChange@CWnd@@IAEXPAD@Z 004141a0 f   nafxcwd:wincore.obj
 0001:00013210       ?OnHelpInfo@CWnd@@IAEHPAUtagHELPINFO@@@Z 00414210 f   nafxcwd:wincore.obj
 0001:000132a0       ?OnDisplayChange@CWnd@@IAEJIJ@Z 004142a0 f   nafxcwd:wincore.obj
 0001:00013310       ?OnDragList@CWnd@@IAEJIJ@Z 00414310 f   nafxcwd:wincore.obj
 0001:00013370       ?OnGetObject@CWnd@@IAEJIJ@Z 00414370 f   nafxcwd:wincore.obj
 0001:000133d0       ?GetInterfaceMap@CWnd@@MBEPBUAFX_INTERFACEMAP@@XZ 004143d0 f   nafxcwd:wincore.obj
 0001:000133f0       ?AddRef@XAccessible@CWnd@@UAGKXZ 004143f0 f   nafxcwd:wincore.obj
 0001:00013470       ?Release@XAccessible@CWnd@@UAGKXZ 00414470 f   nafxcwd:wincore.obj
 0001:000134f0       ?QueryInterface@XAccessible@CWnd@@UAGJABU_GUID@@PAPAX@Z 004144f0 f   nafxcwd:wincore.obj
 0001:00013580       ?Invoke@XAccessible@CWnd@@UAGJJABU_GUID@@KGPAUtagDISPPARAMS@@PAUtagVARIANT@@PAUtagEXCEPINFO@@PAI@Z 00414580 f   nafxcwd:wincore.obj
 0001:00013620       ?AtlIAccessibleInvokeHelper@ATL@@YGJPAUIAccessible@@JABU_GUID@@KGPAUtagDISPPARAMS@@PAUtagVARIANT@@PAUtagEXCEPINFO@@PAI@Z 00414620 f i nafxcwd:wincore.obj
 0001:00014490       ?GetIDsOfNames@XAccessible@CWnd@@UAGJABU_GUID@@PAPA_WIKPAJ@Z 00415490 f   nafxcwd:wincore.obj
 0001:000144c0       ?AtlIAccessibleGetIDsOfNamesHelper@ATL@@YGJABU_GUID@@PAPA_WIKPAJ@Z 004154c0 f i nafxcwd:wincore.obj
 0001:00014550       ?GetTypeInfoCount@XAccessible@CWnd@@UAGJPAI@Z 00415550 f   nafxcwd:wincore.obj
 0001:00014580       ?get_accParent@XAccessible@CWnd@@UAGJPAPAUIDispatch@@@Z 00415580 f   nafxcwd:wincore.obj
 0001:00014610       ?get_accChildCount@XAccessible@CWnd@@UAGJPAJ@Z 00415610 f   nafxcwd:wincore.obj
 0001:000146a0       ?get_accChild@XAccessible@CWnd@@UAGJUtagVARIANT@@PAPAUIDispatch@@@Z 004156a0 f   nafxcwd:wincore.obj
 0001:00014750       ?get_accName@XAccessible@CWnd@@UAGJUtagVARIANT@@PAPA_W@Z 00415750 f   nafxcwd:wincore.obj
 0001:00014800       ?get_accValue@XAccessible@CWnd@@UAGJUtagVARIANT@@PAPA_W@Z 00415800 f   nafxcwd:wincore.obj
 0001:000148b0       ?get_accDescription@XAccessible@CWnd@@UAGJUtagVARIANT@@PAPA_W@Z 004158b0 f   nafxcwd:wincore.obj
 0001:00014960       ?get_accRole@XAccessible@CWnd@@UAGJUtagVARIANT@@PAU3@@Z 00415960 f   nafxcwd:wincore.obj
 0001:00014a10       ?get_accState@XAccessible@CWnd@@UAGJUtagVARIANT@@PAU3@@Z 00415a10 f   nafxcwd:wincore.obj
 0001:00014ac0       ?get_accHelp@XAccessible@CWnd@@UAGJUtagVARIANT@@PAPA_W@Z 00415ac0 f   nafxcwd:wincore.obj
 0001:00014b70       ?get_accHelpTopic@XAccessible@CWnd@@UAGJPAPA_WUtagVARIANT@@PAJ@Z 00415b70 f   nafxcwd:wincore.obj
 0001:00014c20       ?get_accKeyboardShortcut@XAccessible@CWnd@@UAGJUtagVARIANT@@PAPA_W@Z 00415c20 f   nafxcwd:wincore.obj
 0001:00014cd0       ?get_accFocus@XAccessible@CWnd@@UAGJPAUtagVARIANT@@@Z 00415cd0 f   nafxcwd:wincore.obj
 0001:00014d60       ?get_accSelection@XAccessible@CWnd@@UAGJPAUtagVARIANT@@@Z 00415d60 f   nafxcwd:wincore.obj
 0001:00014df0       ?get_accDefaultAction@XAccessible@CWnd@@UAGJUtagVARIANT@@PAPA_W@Z 00415df0 f   nafxcwd:wincore.obj
 0001:00014ea0       ?accSelect@XAccessible@CWnd@@UAGJJUtagVARIANT@@@Z 00415ea0 f   nafxcwd:wincore.obj
 0001:00014f50       ?accLocation@XAccessible@CWnd@@UAGJPAJ000UtagVARIANT@@@Z 00415f50 f   nafxcwd:wincore.obj
 0001:00015000       ?accNavigate@XAccessible@CWnd@@UAGJJUtagVARIANT@@PAU3@@Z 00416000 f   nafxcwd:wincore.obj
 0001:000150b0       ?accHitTest@XAccessible@CWnd@@UAGJJJPAUtagVARIANT@@@Z 004160b0 f   nafxcwd:wincore.obj
 0001:00015140       ?accDoDefaultAction@XAccessible@CWnd@@UAGJUtagVARIANT@@@Z 00416140 f   nafxcwd:wincore.obj
 0001:000151e0       ?put_accName@XAccessible@CWnd@@UAGJUtagVARIANT@@PA_W@Z 004161e0 f   nafxcwd:wincore.obj
 0001:00015290       ?put_accValue@XAccessible@CWnd@@UAGJUtagVARIANT@@PA_W@Z 00416290 f   nafxcwd:wincore.obj
 0001:00015340       ?AddRef@XAccessibleServer@CWnd@@UAGKXZ 00416340 f   nafxcwd:wincore.obj
 0001:000153c0       ?Release@XAccessibleServer@CWnd@@UAGKXZ 004163c0 f   nafxcwd:wincore.obj
 0001:00015440       ?QueryInterface@XAccessibleServer@CWnd@@UAGJABU_GUID@@PAPAX@Z 00416440 f   nafxcwd:wincore.obj
 0001:000154d0       ?SetProxy@XAccessibleServer@CWnd@@UAGJPAUIAccessibleProxy@@@Z 004164d0 f   nafxcwd:wincore.obj
 0001:00015560       ?GetHWND@XAccessibleServer@CWnd@@UAGJPAPAUHWND__@@@Z 00416560 f   nafxcwd:wincore.obj
 0001:000155c0       ?GetEnumVariant@XAccessibleServer@CWnd@@UAGJPAPAUIEnumVARIANT@@@Z 004165c0 f   nafxcwd:wincore.obj
 0001:000155f0       ?EnsureStdObj@CWnd@@UAEJXZ 004165f0 f   nafxcwd:wincore.obj
 0001:00015640       ?get_accParent@CWnd@@UAEJPAPAUIDispatch@@@Z 00416640 f   nafxcwd:wincore.obj
 0001:00015690       ?get_accChildCount@CWnd@@UAEJPAJ@Z 00416690 f   nafxcwd:wincore.obj
 0001:000156e0       ?get_accChild@CWnd@@UAEJUtagVARIANT@@PAPAUIDispatch@@@Z 004166e0 f   nafxcwd:wincore.obj
 0001:00015740       ?get_accName@CWnd@@UAEJUtagVARIANT@@PAPA_W@Z 00416740 f   nafxcwd:wincore.obj
 0001:000157a0       ?get_accValue@CWnd@@UAEJUtagVARIANT@@PAPA_W@Z 004167a0 f   nafxcwd:wincore.obj
 0001:000157f0       ?get_accDescription@CWnd@@UAEJUtagVARIANT@@PAPA_W@Z 004167f0 f   nafxcwd:wincore.obj
 0001:00015840       ?get_accRole@CWnd@@UAEJUtagVARIANT@@PAU2@@Z 00416840 f   nafxcwd:wincore.obj
 0001:000158a0       ?get_accState@CWnd@@UAEJUtagVARIANT@@PAU2@@Z 004168a0 f   nafxcwd:wincore.obj
 0001:00015900       ?get_accHelp@CWnd@@UAEJUtagVARIANT@@PAPA_W@Z 00416900 f   nafxcwd:wincore.obj
 0001:00015960       ?get_accHelpTopic@CWnd@@UAEJPAPA_WUtagVARIANT@@PAJ@Z 00416960 f   nafxcwd:wincore.obj
 0001:000159d0       ?get_accKeyboardShortcut@CWnd@@UAEJUtagVARIANT@@PAPA_W@Z 004169d0 f   nafxcwd:wincore.obj
 0001:00015a30       ?get_accFocus@CWnd@@UAEJPAUtagVARIANT@@@Z 00416a30 f   nafxcwd:wincore.obj
 0001:00015a80       ?get_accSelection@CWnd@@UAEJPAUtagVARIANT@@@Z 00416a80 f   nafxcwd:wincore.obj
 0001:00015ad0       ?get_accDefaultAction@CWnd@@UAEJUtagVARIANT@@PAPA_W@Z 00416ad0 f   nafxcwd:wincore.obj
 0001:00015b30       ?accSelect@CWnd@@UAEJJUtagVARIANT@@@Z 00416b30 f   nafxcwd:wincore.obj
 0001:00015b90       ?accLocation@CWnd@@UAEJPAJ000UtagVARIANT@@@Z 00416b90 f   nafxcwd:wincore.obj
 0001:00015c00       ?accNavigate@CWnd@@UAEJJUtagVARIANT@@PAU2@@Z 00416c00 f   nafxcwd:wincore.obj
 0001:00015c70       ?accHitTest@CWnd@@UAEJJJPAUtagVARIANT@@@Z 00416c70 f   nafxcwd:wincore.obj
 0001:00015cc0       ?accDoDefaultAction@CWnd@@UAEJUtagVARIANT@@@Z 00416cc0 f   nafxcwd:wincore.obj
 0001:00015d20       ?put_accName@CWnd@@UAEJUtagVARIANT@@PA_W@Z 00416d20 f   nafxcwd:wincore.obj
 0001:00015d80       ?put_accValue@CWnd@@UAEJUtagVARIANT@@PA_W@Z 00416d80 f   nafxcwd:wincore.obj
 0001:00015de0       ?SetProxy@CWnd@@UAEJPAUIAccessibleProxy@@@Z 00416de0 f   nafxcwd:wincore.obj
 0001:00015e00       ?CreateAccessibleProxy@CWnd@@UAEJIJPAJ@Z 00416e00 f   nafxcwd:wincore.obj
 0001:00015f70       ?OnVScroll@CWnd@@IAEXIIPAVCScrollBar@@@Z 00416f70 f   nafxcwd:wincore.obj
 0001:00015f70       ?OnHScroll@CWnd@@IAEXIIPAVCScrollBar@@@Z 00416f70 f   nafxcwd:wincore.obj
 0001:00015fa0       ?OnEnterIdle@CWnd@@IAEXIPAV1@@Z 00416fa0 f   nafxcwd:wincore.obj
 0001:00015ff0       ?OnCtlColor@CWnd@@IAEPAUHBRUSH__@@PAVCDC@@PAV1@I@Z 00416ff0 f   nafxcwd:wincore.obj
 0001:00016050       ?UpdateData@CWnd@@QAEHH@Z  00417050 f   nafxcwd:wincore.obj
 0001:00016210       ??0CDataExchange@@QAE@PAVCWnd@@H@Z 00417210 f   nafxcwd:wincore.obj
 0001:00016250       ?CenterWindow@CWnd@@QAEXPAV1@@Z 00417250 f   nafxcwd:wincore.obj
 0001:00016520       ?ExecuteDlgInit@CWnd@@QAEHPBD@Z 00417520 f   nafxcwd:wincore.obj
 0001:000165e0       ?ExecuteDlgInit@CWnd@@QAEHPAX@Z 004175e0 f   nafxcwd:wincore.obj
 0001:00016840       ?PreTranslateInput@CWnd@@QAEHPAUtagMSG@@@Z 00417840 f   nafxcwd:wincore.obj
 0001:000168c0       ?RunModalLoop@CWnd@@QAEHK@Z 004178c0 f   nafxcwd:wincore.obj
 0001:00016b60       ?ContinueModal@CWnd@@UAEHXZ 00417b60 f   nafxcwd:wincore.obj
 0001:00016b80       ?EndModalLoop@CWnd@@UAEXH@Z 00417b80 f   nafxcwd:wincore.obj
 0001:00016bf0       ?SetOccDialogInfo@CWnd@@MAEHPAU_AFX_OCC_DIALOG_INFO@@@Z 00417bf0 f   nafxcwd:wincore.obj
 0001:00016c20       ?_AfxRegisterWithIcon@@YGHPAUtagWNDCLASSA@@PBDI@Z 00417c20 f   nafxcwd:wincore.obj
 0001:00016c80       ?_AfxInitCommonControls@@YGJPAUtagINITCOMMONCONTROLSEX@@J@Z 00417c80 f   nafxcwd:wincore.obj
 0001:00016d00       ?AfxEndDeferRegisterClass@@YGHJ@Z 00417d00 f   nafxcwd:wincore.obj
 0001:000170f0       ?GetTypeInfoCount@CCmdTarget@@UAEIXZ 004180f0 f   nafxcwd:cmdtarg.obj
 0001:000170f0       ?_AtlFinalConstruct@CComObjectRootBase@ATL@@QAEJXZ 004180f0 f   nafxcwd:wincore.obj
 0001:000170f0       ?IsBlank@CDocItem@@UBEHXZ  004180f0 f   nafxcwd:oledoc1.obj
 0001:000170f0       ?GetTypeLibCache@CCmdTarget@@UAEPAVCTypeLibCache@@XZ 004180f0 f   nafxcwd:cmdtarg.obj
 0001:000170f0       ?GetOccDialogInfo@CWnd@@MAEPAU_AFX_OCC_DIALOG_INFO@@XZ 004180f0 f   nafxcwd:wincore.obj
 0001:000170f0       ?IsFrameWnd@CWnd@@UBEHXZ   004180f0 f   nafxcwd:wincore.obj
 0001:000170f0       ?_AtlInitialConstruct@?$CComObjectRootEx@VCComSingleThreadModel@ATL@@@ATL@@QAEJXZ 004180f0 f   nafxcwd:wincore.obj
 0001:000170f0       ?FinalConstruct@CComObjectRootBase@ATL@@QAEJXZ 004180f0 f   nafxcwd:wincore.obj
 0001:00017100       ?IsTracking@CFrameWnd@@QBEHXZ 00418100 f   nafxcwd:wincore.obj
 0001:00017150       ?UnsubclassWindow@CWnd@@QAEPAUHWND__@@XZ 00418150 f   nafxcwd:wincore.obj
 0001:000171c0       ?CreateControlContainer@CWnd@@MAEHPAPAVCOleControlContainer@@@Z 004181c0 f   nafxcwd:wincore.obj
 0001:00017220       ?CreateControlSite@CWnd@@MAEHPAVCOleControlContainer@@PAPAVCOleControlSite@@IABU_GUID@@@Z 00418220 f   nafxcwd:wincore.obj
 0001:00017280       ?GetControlContainer@CWnd@@QAEPAVCOleControlContainer@@XZ 00418280 f   nafxcwd:wincore.obj
 0001:000172a0       ?CreateObject@CWnd@@SGPAVCObject@@XZ 004182a0 f   nafxcwd:wincore.obj
 0001:00017320       ?GetRuntimeClass@CWnd@@UBEPAUCRuntimeClass@@XZ 00418320 f   nafxcwd:wincore.obj
 0001:00017340       ?AllocSysString@?$CStringT@DV?$StrTraitMFC@DV?$ChTraitsCRT@D@ATL@@@@@ATL@@QBEPA_WXZ 00418340 f i nafxcwd:wincore.obj
 0001:00017380       ?GetNext@?$_CTypedPtrList@VCPtrList@@PAUCOleControlSiteOrWnd@@@@QAEAAPAUCOleControlSiteOrWnd@@AAPAU__POSITION@@@Z 00418380 f i nafxcwd:wincore.obj
 0001:000173a0       ?GetData@?$CProcessLocal@V_AFX_HTMLHELP_STATE@@@@QAEPAV_AFX_HTMLHELP_STATE@@XZ 004183a0 f i nafxcwd:wincore.obj
[...]
 0001:000c5230       __unwindfunclet$?OnPaint@CWMV_TO_H264Dlg@@IAEXXZ$0 004c6230 f    CIL library: CIL module
 0001:000c5238       __ehhandler$?OnPaint@CWMV_TO_H264Dlg@@IAEXXZ 004c6238 f    CIL library: CIL module
 0001:000c5260       __ehhandler$?ClosePull@CMicrovideoDlg@@UAEHPAX0@Z 004c6260 f    CIL library: CIL module
 0001:000c527b       __unwindfunclet$?OnSysCommand@CWMV_TO_H264Dlg@@IAEXIJ@Z$0 004c627b f    CIL library: CIL module
 0001:000c5286       __ehhandler$?OnSysCommand@CWMV_TO_H264Dlg@@IAEXIJ@Z 004c6286 f    CIL library: CIL module
 0001:000c52a4       __ehhandler$?StartPull@CMicrovideoDlg@@UAEHPAX0@Z 004c62a4 f    CIL library: CIL module
 0001:000c52c2       __unwindfunclet$??1CH264Stream@@QAE@XZ$0 004c62c2 f    CIL library: CIL module
 0001:000c52ca       __unwindfunclet$??1CH264Stream@@QAE@XZ$1 004c62ca f    CIL library: CIL module
 0001:000c52d5       __unwindfunclet$??1CH264Stream@@QAE@XZ$2 004c62d5 f    CIL library: CIL module
 0001:000c52e0       __ehhandler$??1CH264Stream@@QAE@XZ 004c62e0 f    CIL library: CIL module
 0001:000c52fb       __unwindfunclet$??1CMicrovideoDlg@@UAE@XZ$0 004c62fb f    CIL library: CIL module
 0001:000c5303       __unwindfunclet$??1CMicrovideoDlg@@UAE@XZ$1 004c6303 f    CIL library: CIL module
 0001:000c530e       __unwindfunclet$??1CMicrovideoDlg@@UAE@XZ$2 004c630e f    CIL library: CIL module
 0001:000c531c       __unwindfunclet$??1CMicrovideoDlg@@UAE@XZ$3 004c631c f    CIL library: CIL module
 0001:000c532a       __ehhandler$??1CMicrovideoDlg@@UAE@XZ 004c632a f    CIL library: CIL module
 0001:000c5345       __unwindfunclet$??0CWMV_TO_H264Dlg@@QAE@PAVCWnd@@@Z$0 004c6345 f    CIL library: CIL module
 0001:000c534d       __unwindfunclet$??0CWMV_TO_H264Dlg@@QAE@PAVCWnd@@@Z$1 004c634d f    CIL library: CIL module
 0001:000c5358       __unwindfunclet$??0CWMV_TO_H264Dlg@@QAE@PAVCWnd@@@Z$2 004c6358 f    CIL library: CIL module
 0001:000c5366       __ehhandler$??0CWMV_TO_H264Dlg@@QAE@PAVCWnd@@@Z 004c6366 f    CIL library: CIL module
 0001:000c5381       __unwindfunclet$?InitInstance@CWMV_TO_H264App@@UAEHXZ$0 004c6381 f    CIL library: CIL module
 0001:000c538c       __ehhandler$?InitInstance@CWMV_TO_H264App@@UAEHXZ 004c638c f    CIL library: CIL module
 0001:000c53aa       __unwindfunclet$?GetPictPath@@YAHPADPAVCH264Stream@@H@Z$0 004c63aa f    CIL library: CIL module
 0001:000c53b2       __ehhandler$?GetPictPath@@YAHPADPAVCH264Stream@@H@Z 004c63b2 f    CIL library: CIL module
 0001:000c53da       __unwindfunclet$??0CH264Stream@@QAE@XZ$0 004c63da f    CIL library: CIL module
 0001:000c53e2       __unwindfunclet$??0CH264Stream@@QAE@XZ$1 004c63e2 f    CIL library: CIL module
 0001:000c53ed       __unwindfunclet$??0CH264Stream@@QAE@XZ$2 004c63ed f    CIL library: CIL module
 0001:000c53f8       __unwindfunclet$??0CH264Stream@@QAE@XZ$3 004c63f8 f    CIL library: CIL module
 0001:000c5403       __unwindfunclet$??0CH264Stream@@QAE@XZ$4 004c6403 f    CIL library: CIL module
 0001:000c5411       __unwindfunclet$??0CH264Stream@@QAE@XZ$5 004c6411 f    CIL library: CIL module
 0001:000c541f       __unwindfunclet$??0CH264Stream@@QAE@XZ$6 004c641f f    CIL library: CIL module
 0001:000c542d       __unwindfunclet$??0CH264Stream@@QAE@XZ$7 004c642d f    CIL library: CIL module
 0001:000c543b       __unwindfunclet$??0CH264Stream@@QAE@XZ$8 004c643b f    CIL library: CIL module
 0001:000c5449       __unwindfunclet$??0CH264Stream@@QAE@XZ$9 004c6449 f    CIL library: CIL module
 0001:000c5457       __unwindfunclet$??0CH264Stream@@QAE@XZ$10 004c6457 f    CIL library: CIL module
 0001:000c5465       __unwindfunclet$??0CH264Stream@@QAE@XZ$11 004c6465 f    CIL library: CIL module
 0001:000c5473       __unwindfunclet$??0CH264Stream@@QAE@XZ$12 004c6473 f    CIL library: CIL module
 0001:000c5481       __unwindfunclet$??0CH264Stream@@QAE@XZ$13 004c6481 f    CIL library: CIL module
 0001:000c548f       __unwindfunclet$??0CH264Stream@@QAE@XZ$14 004c648f f    CIL library: CIL module
 0001:000c549d       __unwindfunclet$??0CH264Stream@@QAE@XZ$15 004c649d f    CIL library: CIL module
 0001:000c54ab       __unwindfunclet$??0CH264Stream@@QAE@XZ$16 004c64ab f    CIL library: CIL module
 0001:000c54b9       __unwindfunclet$??0CH264Stream@@QAE@XZ$17 004c64b9 f    CIL library: CIL module
 0001:000c54c7       __ehhandler$??0CH264Stream@@QAE@XZ 004c64c7 f    CIL library: CIL module
 0001:000c54e2       __unwindfunclet$?Add@CLog@@QAAXPBDZZ$3 004c64e2 f    CIL library: CIL module
 0001:000c54ea       __ehhandler$?Add@CLog@@QAAXPBDZZ 004c64ea f    CIL library: CIL module
 0001:000c5505       __unwindfunclet$?SenToSer@@YAHPAVMyAvFrame@@PAVCH264Stream@@@Z$0 004c6505 f    CIL library: CIL module
 0001:000c550d       __ehhandler$?SenToSer@@YAHPAVMyAvFrame@@PAVCH264Stream@@@Z 004c650d f    CIL library: CIL module
 0001:000c5535       __unwindfunclet$?SenSerState@@YAHPAVCH264Stream@@PAD@Z$0 004c6535 f    CIL library: CIL module
 0001:000c553d       __ehhandler$?SenSerState@@YAHPAVCH264Stream@@PAD@Z 004c653d f    CIL library: CIL module
 0001:000c5565       __unwindfunclet$?SenStreamOffToServer@@YAHPAVCH264Stream@@PAD@Z$0 004c6565 f    CIL library: CIL module
 0001:000c556d       __ehhandler$?SenStreamOffToServer@@YAHPAVCH264Stream@@PAD@Z 004c656d f    CIL library: CIL module
 0001:000c5595       __unwindfunclet$?parseSystem@@YAHV?$CStringT@DV?$StrTraitMFC@DV?$ChTraitsCRT@D@ATL@@@@@ATL@@@Z$0 004c6595 f    CIL library: CIL module
 0001:000c559d       __ehhandler$?parseSystem@@YAHV?$CStringT@DV?$StrTraitMFC@DV?$ChTraitsCRT@D@ATL@@@@@ATL@@@Z 004c659d f    CIL library: CIL module
 0001:000c55c5       __unwindfunclet$?ReadVideoConf@@YAHPAX@Z$0 004c65c5 f    CIL library: CIL module
 0001:000c55d0       __unwindfunclet$?ReadVideoConf@@YAHPAX@Z$1 004c65d0 f    CIL library: CIL module
 0001:000c55db       __ehhandler$?ReadVideoConf@@YAHPAX@Z 004c65db f    CIL library: CIL module
 0001:000c5603       __unwindfunclet$?myVideo@@YAHPAUAVPictureOut@@PAX@Z$0 004c6603 f    CIL library: CIL module
 0001:000c560e       __ehhandler$?myVideo@@YAHPAUAVPictureOut@@PAX@Z 004c660e f    CIL library: CIL module
 0001:000c5629       __unwindfunclet$?SetDefaultParams@CMicrovideoDlg@@UAEHPAX@Z$0 004c6629 f    CIL library: CIL module
 0001:000c5634       __ehhandler$?SetDefaultParams@CMicrovideoDlg@@UAEHPAX@Z 004c6634 f    CIL library: CIL module
 0001:000c564f       __unwindfunclet$?GetInforFromIni@CMicrovideoDlg@@UAEHPAX@Z$0 004c664f f    CIL library: CIL module
 0001:000c565a       __unwindfunclet$?GetInforFromIni@CMicrovideoDlg@@UAEHPAX@Z$1 004c665a f    CIL library: CIL module
 0001:000c5665       __unwindfunclet$?GetInforFromIni@CMicrovideoDlg@@UAEHPAX@Z$2 004c6665 f    CIL library: CIL module
 0001:000c5673       __ehhandler$?GetInforFromIni@CMicrovideoDlg@@UAEHPAX@Z 004c6673 f    CIL library: CIL module
 0001:000c569b       __unwindfunclet$?parseTask@@YGIPAX@Z$0 004c669b f    CIL library: CIL module
 0001:000c56a9       __ehhandler$?parseTask@@YGIPAX@Z 004c66a9 f    CIL library: CIL module
 0001:000c56d1       __unwindfunclet$?HttpServer@@YAIPAX@Z$0 004c66d1 f    CIL library: CIL module
 0001:000c56d9       __unwindfunclet$?HttpServer@@YAIPAX@Z$1 004c66d9 f    CIL library: CIL module
 0001:000c56e4       __ehhandler$?HttpServer@@YAIPAX@Z 004c66e4 f    CIL library: CIL module
 0001:000c570c       __unwindfunclet$?OnInitDialog@CWMV_TO_H264Dlg@@MAEHXZ$1 004c670c f    CIL library: CIL module
 0001:000c5714       __unwindfunclet$?OnInitDialog@CWMV_TO_H264Dlg@@MAEHXZ$2 004c6714 f    CIL library: CIL module
 0001:000c571c       __unwindfunclet$?OnInitDialog@CWMV_TO_H264Dlg@@MAEHXZ$3 004c671c f    CIL library: CIL module
 0001:000c5727       __unwindfunclet$?OnInitDialog@CWMV_TO_H264Dlg@@MAEHXZ$5 004c6727 f    CIL library: CIL module
 0001:000c573e       __ehhandler$?OnInitDialog@CWMV_TO_H264Dlg@@MAEHXZ 004c673e f    CIL library: CIL module
 0001:000c5770       __unwindfunclet$??1?$CArray@PAVMyAvFrame@@PAV1@@@UAE@XZ$0 004c6770 f    CIL library: CIL module
 0001:000c5778       __ehhandler$??1?$CArray@PAVMyAvFrame@@PAV1@@@UAE@XZ 004c6778 f    CIL library: CIL module
 0001:000c57a0       __unwindfunclet$?ChangeChannel@CCommon@@UAE?AV?$CStringT@DV?$StrTraitMFC@DV?$ChTraitsCRT@D@ATL@@@@@ATL@@V23@H0@Z$0 004c67a0 f    CIL library: CIL module
 0001:000c57a8       __unwindfunclet$?ChangeChannel@CCommon@@UAE?AV?$CStringT@DV?$StrTraitMFC@DV?$ChTraitsCRT@D@ATL@@@@@ATL@@V23@H0@Z$1 004c67a8 f    CIL library: CIL module
 0001:000c57b0       __ehhandler$?ChangeChannel@CCommon@@UAE?AV?$CStringT@DV?$StrTraitMFC@DV?$ChTraitsCRT@D@ATL@@@@@ATL@@V23@H0@Z 004c67b0 f    CIL library: CIL module
 0001:000c57d0       __unwindfunclet$?CheckExit@CCommon@@UAE?AV?$CStringT@DV?$StrTraitMFC@DV?$ChTraitsCRT@D@ATL@@@@@ATL@@V23@@Z$0 004c67d0 f    CIL library: CIL module
 0001:000c57d8       __ehhandler$?CheckExit@CCommon@@UAE?AV?$CStringT@DV?$StrTraitMFC@DV?$ChTraitsCRT@D@ATL@@@@@ATL@@V23@@Z 004c67d8 f    CIL library: CIL module
 0001:000c5800       ??__Em_Log@@YAXXZ          004c6800 f    CIL library: CIL module
 0001:000c5830       ??__ESenLog@@YAXXZ         004c6830 f    CIL library: CIL module
 0001:000c5860       ??__Em_ffmpeglock@@YAXXZ   004c6860 f    CIL library: CIL module
 0001:000c5890       ??__Em_Loglock@@YAXXZ      004c6890 f    CIL library: CIL module
 0001:000c58c0       ??__EPicturePath@@YAXXZ    004c68c0 f    CIL library: CIL module
 0001:000c58f0       ??__ELogPath@@YAXXZ        004c68f0 f    CIL library: CIL module
 0001:000c5920       ??__EDstip@@YAXXZ          004c6920 f    CIL library: CIL module
 0001:000c5950       ??__EWorkBeginTime@@YAXXZ  004c6950 f    CIL library: CIL module
 0001:000c5980       ??__EWorkEndTime@@YAXXZ    004c6980 f    CIL library: CIL module
 0001:000c59b0       ??__EVedioDetectPath@@YAXXZ 004c69b0 f    CIL library: CIL module
 0001:000c59e0       ??__EServiceStatePath@@YAXXZ 004c69e0 f    CIL library: CIL module
 0001:000c5a10       ??__EtheApp@@YAXXZ         004c6a10 f    CIL library: CIL module
 0001:000c5a40       ??__EafxStringManager@@YAXXZ 004c6a40 f   nafxcwd:strcore.obj
 0001:000c5a60       ??__E_simpleMemoryException@@YAXXZ 004c6a60 f   nafxcwd:except.obj
 0001:000c5a90       ??__E_simpleNotSupportedException@@YAXXZ 004c6a90 f   nafxcwd:except.obj
 0001:000c5ac0       ??__E_simpleInvalidArgException@@YAXXZ 004c6ac0 f   nafxcwd:except.obj
 0001:000c5af0       ??__E_afxHtmlHelpState@@YAXXZ 004c6af0 f   nafxcwd:wincore.obj
 0001:000c5b10       ??__E?m_nMsgDragList@CWnd@@1IB@@YAXXZ 004c6b10 f   nafxcwd:wincore.obj
 0001:000c5b30       ??__E?wndTop@CWnd@@2V1@B@@YAXXZ 004c6b30 f   nafxcwd:wincore.obj
 0001:000c5b50       ??__E?wndBottom@CWnd@@2V1@B@@YAXXZ 004c6b50 f   nafxcwd:wincore.obj
 0001:000c5b70       ??__E?wndTopMost@CWnd@@2V1@B@@YAXXZ 004c6b70 f   nafxcwd:wincore.obj
 0001:000c5b90       ??__E?wndNoTopMost@CWnd@@2V1@B@@YAXXZ 004c6b90 f   nafxcwd:wincore.obj
 0001:000c5bb0       ??__E_afxOccManager@@YAXXZ 004c6bb0 f   nafxcwd:occmgr.obj
 0001:000c5bd0       ??__E_afxControlFactoryMgr@@YAXXZ 004c6bd0 f   nafxcwd:occmgr.obj
 0001:000c5bf0       ??__E_simpleResourceException@@YAXXZ 004c6bf0 f   nafxcwd:wingdi.obj
 0001:000c5c20       ??__E_simpleUserException@@YAXXZ 004c6c20 f   nafxcwd:wingdi.obj
 0001:000c5c50       ??__E_afxThreadState@@YAXXZ 004c6c50 f   nafxcwd:afxstate.obj
 0001:000c5c70       ??__E_afxBaseModuleState@@YAXXZ 004c6c70 f   nafxcwd:afxstate.obj
 0001:000c5c90       ??__EtraceMultiApp@@YAXXZ  004c6c90 f   nafxcwd:appinit.obj
 0001:000c5cb0       ??__EtraceAppMsg@@YAXXZ    004c6cb0 f   nafxcwd:appinit.obj
 0001:000c5cd0       ??__EtraceWinMsg@@YAXXZ    004c6cd0 f   nafxcwd:appinit.obj
 0001:000c5cf0       ??__EtraceCmdRouting@@YAXXZ 004c6cf0 f   nafxcwd:appinit.obj
 0001:000c5d10       ??__EtraceOle@@YAXXZ       004c6d10 f   nafxcwd:appinit.obj
 0001:000c5d30       ??__EtraceDatabase@@YAXXZ  004c6d30 f   nafxcwd:appinit.obj
 0001:000c5d50       ??__EtraceInternet@@YAXXZ  004c6d50 f   nafxcwd:appinit.obj
 0001:000c5d70       ??__EtraceDumpContext@@YAXXZ 004c6d70 f   nafxcwd:appinit.obj
 0001:000c5d90       ??__EtraceMemory@@YAXXZ    004c6d90 f   nafxcwd:appinit.obj
 0001:000c5db0       ??__EtraceGdi@@YAXXZ       004c6db0 f   nafxcwd:appinit.obj
 0001:000c5dd0       ??__EtraceUser@@YAXXZ      004c6dd0 f   nafxcwd:appinit.obj
 0001:000c5df0       ??__EtraceKernel@@YAXXZ    004c6df0 f   nafxcwd:appinit.obj
 0001:000c5e10       ??__EtraceHtml@@YAXXZ      004c6e10 f   nafxcwd:appinit.obj
 0001:000c5e30       ??__EtraceSocket@@YAXXZ    004c6e30 f   nafxcwd:appinit.obj
 0001:000c5e50       ??__EafxData@@YAXXZ        004c6e50 f   nafxcwd:auxdata.obj
 0001:000c5e70       ??__E_init_CByteArray@@YAXXZ 004c6e70 f   nafxcwd:array_b.obj
 0001:000c5e90       ??__E_init_CWordArray@@YAXXZ 004c6e90 f   nafxcwd:array_w.obj
 0001:000c5eb0       ??__E_init_CDWordArray@@YAXXZ 004c6eb0 f   nafxcwd:array_d.obj
 0001:000c5ed0       ??__E_init_CObArray@@YAXXZ 004c6ed0 f   nafxcwd:array_o.obj
 0001:000c5ef0       ??__E_init_CStringArray@@YAXXZ 004c6ef0 f   nafxcwd:array_s.obj
 0001:000c5f10       ??__E_init_CMapWordToOb@@YAXXZ 004c6f10 f   nafxcwd:map_wo.obj
 0001:000c5f30       ??__E_init_CMapStringToOb@@YAXXZ 004c6f30 f   nafxcwd:map_so.obj
 0001:000c5f50       ??__E_init_CMapStringToString@@YAXXZ 004c6f50 f   nafxcwd:map_ss.obj
 0001:000c5f70       ??__E_afxDBCS@@YAXXZ       004c6f70 f   nafxcwd:afxdbcs.obj
 0001:000c5f90       ??__E?rectDefault@CFrameWnd@@2VCRect@@B@@YAXXZ 004c6f90 f   nafxcwd:winfrm.obj
 0001:000c5fb0       ??__E_oleData@@YAXXZ       004c6fb0 f   nafxcwd:oleinit.obj
 0001:000c5fd0       ??__EafxDebugState@@YAXXZ  004c6fd0 f   nafxcwd:dumpinit.obj
 0001:000c5ff0       ??__EafxDump@@YAXXZ        004c6ff0 f   nafxcwd:dumpinit.obj
 0001:000c6010       ??__E_afxDiagnosticInit@@YAXXZ 004c7010 f   nafxcwd:dumpinit.obj
 0001:000c6030       ??__E_afxOleState@@YAXXZ   004c7030 f   nafxcwd:oledata.obj
 0001:000c6050       ??__E_init_CDocItem@@YAXXZ 004c7050 f   nafxcwd:oledoc1.obj
 0001:000c6070       ??__E_init_CObList@@YAXXZ  004c7070 f   nafxcwd:list_o.obj
 0001:000c6090       ??__Eg_Allocator@@YAXXZ    004c7090 f   atlsd:Externs.obj
 0001:000c60b0       ??__Eg_bInitialized@@YAXXZ 004c70b0 f   atlsd:Externs.obj
 0001:000c60d0       ??__E?s_trace@CTrace@ATL@@2V12@A@@YAXXZ 004c70d0 f   atlsd:Externs.obj
 0001:000c6100       ??__EatlTraceGeneral@ATL@@YAXXZ 004c7100 f   atlsd:atltrace.obj
 0001:000c6120       ??__EatlTraceCOM@ATL@@YAXXZ 004c7120 f   atlsd:atltrace.obj
 0001:000c6140       ??__EatlTraceQI@ATL@@YAXXZ 004c7140 f   atlsd:atltrace.obj
 0001:000c6160       ??__EatlTraceRegistrar@ATL@@YAXXZ 004c7160 f   atlsd:atltrace.obj
 0001:000c6180       ??__EatlTraceRefcount@ATL@@YAXXZ 004c7180 f   atlsd:atltrace.obj
 0001:000c61a0       ??__EatlTraceWindowing@ATL@@YAXXZ 004c71a0 f   atlsd:atltrace.obj
 0001:000c61c0       ??__EatlTraceControls@ATL@@YAXXZ 004c71c0 f   atlsd:atltrace.obj
 0001:000c61e0       ??__EatlTraceHosting@ATL@@YAXXZ 004c71e0 f   atlsd:atltrace.obj
 0001:000c6200       ??__EatlTraceDBClient@ATL@@YAXXZ 004c7200 f   atlsd:atltrace.obj
 0001:000c6220       ??__EatlTraceDBProvider@ATL@@YAXXZ 004c7220 f   atlsd:atltrace.obj
 0001:000c6240       ??__EatlTraceSnapin@ATL@@YAXXZ 004c7240 f   atlsd:atltrace.obj
 0001:000c6260       ??__EatlTraceNotImpl@ATL@@YAXXZ 004c7260 f   atlsd:atltrace.obj
 0001:000c6280       ??__EatlTraceAllocation@ATL@@YAXXZ 004c7280 f   atlsd:atltrace.obj
 0001:000c62a0       ??__EatlTraceException@ATL@@YAXXZ 004c72a0 f   atlsd:atltrace.obj
 0001:000c62c0       ??__EatlTraceTime@ATL@@YAXXZ 004c72c0 f   atlsd:atltrace.obj
 0001:000c62e0       ??__EatlTraceCache@ATL@@YAXXZ 004c72e0 f   atlsd:atltrace.obj
 0001:000c6300       ??__EatlTraceStencil@ATL@@YAXXZ 004c7300 f   atlsd:atltrace.obj
 0001:000c6320       ??__EatlTraceString@ATL@@YAXXZ 004c7320 f   atlsd:atltrace.obj
 0001:000c6340       ??__EatlTraceMap@ATL@@YAXXZ 004c7340 f   atlsd:atltrace.obj
 0001:000c6360       ??__EatlTraceUtil@ATL@@YAXXZ 004c7360 f   atlsd:atltrace.obj
 0001:000c6380       ??__EatlTraceSecurity@ATL@@YAXXZ 004c7380 f   atlsd:atltrace.obj
 0001:000c63a0       ??__EatlTraceSync@ATL@@YAXXZ 004c73a0 f   atlsd:atltrace.obj
 0001:000c63c0       ??__EatlTraceISAPI@ATL@@YAXXZ 004c73c0 f   atlsd:atltrace.obj
 0001:000c63e0       ??__EatlTraceUser@ATL@@YAXXZ 004c73e0 f   atlsd:atltrace.obj
 0001:000c6400       ??__EatlTraceUser2@ATL@@YAXXZ 004c7400 f   atlsd:atltrace.obj
 0001:000c6420       ??__EatlTraceUser3@ATL@@YAXXZ 004c7420 f   atlsd:atltrace.obj
 0001:000c6440       ??__EatlTraceUser4@ATL@@YAXXZ 004c7440 f   atlsd:atltrace.obj
 0001:000c6460       ??__E_AtlBaseModule@ATL@@YAXXZ 004c7460 f   atlsd:atlbase.obj
 0001:000c6480       ??__E_afxInitAppState@@YAXXZ 004c7480 f   nafxcwd:appmodul.obj
 0001:000c64b0       ??__Fm_Log@@YAXXZ          004c74b0 f    CIL library: CIL module
 0001:000c64d0       ??__FSenLog@@YAXXZ         004c74d0 f    CIL library: CIL module
 0001:000c64f0       ??__Fm_ffmpeglock@@YAXXZ   004c74f0 f    CIL library: CIL module
 0001:000c6510       ??__Fm_Loglock@@YAXXZ      004c7510 f    CIL library: CIL module
 0001:000c6530       ??__FPicturePath@@YAXXZ    004c7530 f    CIL library: CIL module
 0001:000c6550       ??__FLogPath@@YAXXZ        004c7550 f    CIL library: CIL module
 0001:000c6570       ??__FDstip@@YAXXZ          004c7570 f    CIL library: CIL module
 0001:000c6590       ??__FWorkBeginTime@@YAXXZ  004c7590 f    CIL library: CIL module
 0001:000c65b0       ??__FWorkEndTime@@YAXXZ    004c75b0 f    CIL library: CIL module
 0001:000c65d0       ??__FVedioDetectPath@@YAXXZ 004c75d0 f    CIL library: CIL module
 0001:000c65f0       ??__FServiceStatePath@@YAXXZ 004c75f0 f    CIL library: CIL module
 0001:000c6610       ??__FtheApp@@YAXXZ         004c7610 f    CIL library: CIL module
 0001:000c6630       ??__F_simpleMemoryException@@YAXXZ 004c7630 f   nafxcwd:except.obj
 0001:000c6650       ??__F_simpleNotSupportedException@@YAXXZ 004c7650 f   nafxcwd:except.obj
 0001:000c6670       ??__F_simpleInvalidArgException@@YAXXZ 004c7670 f   nafxcwd:except.obj
 0001:000c6690       ??__F_afxHtmlHelpState@@YAXXZ 004c7690 f   nafxcwd:wincore.obj
 0001:000c66b0       ??__F?wndTop@CWnd@@2V1@B@@YAXXZ 004c76b0 f   nafxcwd:wincore.obj
 0001:000c66d0       ??__F?wndBottom@CWnd@@2V1@B@@YAXXZ 004c76d0 f   nafxcwd:wincore.obj
 0001:000c66f0       ??__F?wndTopMost@CWnd@@2V1@B@@YAXXZ 004c76f0 f   nafxcwd:wincore.obj
 0001:000c6710       ??__F?wndNoTopMost@CWnd@@2V1@B@@YAXXZ 004c7710 f   nafxcwd:wincore.obj
 0001:000c6730       ??__F_afxOccManager@@YAXXZ 004c7730 f   nafxcwd:occmgr.obj
 0001:000c6750       ??__F_afxControlFactoryMgr@@YAXXZ 004c7750 f   nafxcwd:occmgr.obj
 0001:000c6770       ??__F_simpleResourceException@@YAXXZ 004c7770 f   nafxcwd:wingdi.obj
 0001:000c6790       ??__F_simpleUserException@@YAXXZ 004c7790 f   nafxcwd:wingdi.obj
 0001:000c67b0       ??__F_afxThreadState@@YAXXZ 004c77b0 f   nafxcwd:afxstate.obj
 0001:000c67d0       ??__F_afxBaseModuleState@@YAXXZ 004c77d0 f   nafxcwd:afxstate.obj
 0001:000c67f0       ??__FafxData@@YAXXZ        004c77f0 f   nafxcwd:auxdata.obj
 0001:000c6810       ??__FafxDebugState@@YAXXZ  004c7810 f   nafxcwd:dumpinit.obj
 0001:000c6830       ??__F_afxOleState@@YAXXZ   004c7830 f   nafxcwd:oledata.obj
 0001:000c6850       ??__Fg_Allocator@@YAXXZ    004c7850 f   atlsd:Externs.obj
 0001:000c6870       ??__F?s_trace@CTrace@ATL@@2V12@A@@YAXXZ 004c7870 f   atlsd:Externs.obj
 0001:000c6890       ??__F_AtlBaseModule@ATL@@YAXXZ 004c7890 f   atlsd:atlbase.obj

 Exports

  ordinal    name

        1    _ConnectTCP
               exported name: ConnectTCP
        2    _InitNet
               exported name: InitNet
        3    _NetClose
               exported name: NetClose
        4    _NetGets
               exported name: NetGets
        5    _NetPrintf
               exported name: NetPrintf
        6    _NetRead
               exported name: NetRead
        7    _NetVarPrintf
               exported name: NetVarPrintf
        8    _NetWrite
               exported name: NetWrite
