 coderserver

 Timestamp is 534e2328 (Wed Apr 16 14:28:56 2014)

 Preferred load address is 00400000

 Start         Length     Name                   Class
 0001:00000000 0002f183H .text                   CODE
 0001:0002f190 00000d12H .text$x                 CODE
 0001:0002feb0 00000468H .text$yc                CODE
 0001:00030320 00000081H .text$yd                CODE
 0002:00000000 000006c8H .idata$5                DATA
 0002:000006c8 00000004H .CRT$XCA                DATA
 0002:000006cc 00000004H .CRT$XCAA               DATA
 0002:000006d0 0000000cH .CRT$XCC                DATA
 0002:000006dc 00000070H .CRT$XCL                DATA
 0002:0000074c 0000000cH .CRT$XCU                DATA
 0002:00000758 00000004H .CRT$XCZ                DATA
 0002:0000075c 00000004H .CRT$XIA                DATA
 0002:00000760 00000004H .CRT$XIAA               DATA
 0002:00000764 00000004H .CRT$XIC                DATA
 0002:00000768 00000004H .CRT$XIY                DATA
 0002:0000076c 00000004H .CRT$XIZ                DATA
 0002:00000770 000040d8H .rdata                  DATA
 0002:00004848 0000005fH .rdata$debug            DATA
 0002:000048a8 000005f4H .rdata$r                DATA
 0002:00004ea0 000000b4H .rdata$sxdata           DATA
 0002:00004f54 00000004H .rtc$IAA                DATA
 0002:00004f58 00000004H .rtc$IZZ                DATA
 0002:00004f5c 00000004H .rtc$TAA                DATA
 0002:00004f60 00000004H .rtc$TZZ                DATA
 0002:00004f68 00000c9cH .xdata$x                DATA
 0002:00005c04 00000000H ATL$__a                 DATA
 0002:00005c04 00000000H ATL$__z                 DATA
 0002:00005c04 000000f0H .idata$2                DATA
 0002:00005cf4 00000014H .idata$3                DATA
 0002:00005d08 000006c8H .idata$4                DATA
 0002:000063d0 00000b82H .idata$6                DATA
 0002:00006f52 00000000H .edata                  DATA
 0003:00000000 000131f0H .data                   DATA
 0003:00013200 00001ec0H .bss                    DATA
 0004:00000000 00000580H .rsrc$01                DATA
 0004:00000580 00006bd0H .rsrc$02                DATA

  Address         Publics by Value              Rva+Base       Lib:Object

 0000:00000000       __except_list              00000000     <absolute>
 0000:0000002d       ___safe_se_handler_count   0000002d     <absolute>
 0000:00009876       __ldused                   00009876     <absolute>
 0000:00009876       __fltused                  00009876     <absolute>
 0000:00000000       ___ImageBase               00400000     <linker-defined>
 0001:00000000       ?_GetBaseClass@CVNMPDlg@@KGPAUCRuntimeClass@@XZ 00401000 f   VNMPDlg.obj
 0001:00000000       ?_GetBaseClass@CBasicDlg@@KGPAUCRuntimeClass@@XZ 00401000 f   BasicDlg.obj
 0001:00000000       ?_GetBaseClass@CNetPosaDlg@@KGPAUCRuntimeClass@@XZ 00401000 f   NetPosaDlg.obj
 0001:00000000       ?_GetBaseClass@CMicrovideoDlg@@KGPAUCRuntimeClass@@XZ 00401000 f   MicrovideoDlg.obj
 0001:00000010       ?GetRuntimeClass@CBasicDlg@@UBEPAUCRuntimeClass@@XZ 00401010 f   BasicDlg.obj
 0001:00000020       ??0CBasicDlg@@QAE@PAVCWnd@@@Z 00401020 f   BasicDlg.obj
 0001:00000130       ??_ECBasicDlg@@UAEPAXI@Z   00401130 f i  CIL library: CIL module
 0001:00000130       ??_GCBasicDlg@@UAEPAXI@Z   00401130 f i BasicDlg.obj
 0001:00000150       ??1CBasicDlg@@UAE@XZ       00401150 f   BasicDlg.obj
 0001:00000210       ?DoDataExchange@CBasicDlg@@MAEXPAVCDataExchange@@@Z 00401210 f   BasicDlg.obj
 0001:000002d0       ?GetMessageMap@CBasicDlg@@MBEPBUAFX_MSGMAP@@XZ 004012d0 f   BasicDlg.obj
 0001:000002e0       ?OnBnClickedCancel@CBasicDlg@@QAEXXZ 004012e0 f   BasicDlg.obj
 0001:000002f0       ?OnInitDialog@CBasicDlg@@MAEHXZ 004012f0 f   BasicDlg.obj
 0001:000003b0       ?OnBnClickedOk@CBasicDlg@@QAEXXZ 004013b0 f   BasicDlg.obj
 0001:00000700       ?f_bufobj_new@@YAPAUBUFOBJ@@QAU1@HH@Z 00401700 f   bufobj.obj
 0001:000007b0       ?f_bufobj_resize@@YAHQAUBUFOBJ@@H@Z 004017b0 f   bufobj.obj
 0001:00000840       ?CloseEncode@CCommon@@UAEHPAX@Z 00401840 f i Common.obj
 0001:00000840       ?CloseEncode@CMicrovideoDlg@@UAEHPAX@Z 00401840 f i MicrovideoDlg.obj
 0001:00000840       ?InitEncode@CCommon@@UAEHPAX@Z 00401840 f i Common.obj
 0001:00000840       ?SetDefaultParams@CCommon@@UAEHPAX@Z 00401840 f i Common.obj
 0001:00000840       ?GetInforFromIni@CCommon@@UAEHPAX@Z 00401840 f i Common.obj
 0001:00000840       ?InitEncode@CMicrovideoDlg@@UAEHPAX@Z 00401840 f i MicrovideoDlg.obj
 0001:00000850       ?CheckExit@CCommon@@UAE?AV?$CStringT@DV?$StrTraitMFC_DLL@DV?$ChTraitsCRT@D@ATL@@@@@ATL@@V23@@Z 00401850 f i Common.obj
 0001:000008b0       ?ChangeChannel@CCommon@@UAE?AV?$CStringT@DV?$StrTraitMFC_DLL@DV?$ChTraitsCRT@D@ATL@@@@@ATL@@V23@H0@Z 004018b0 f i Common.obj
 0001:00000920       ?EncodeFrame@CMicrovideoDlg@@UAEHPAX0@Z 00401920 f i MicrovideoDlg.obj
 0001:00000920       ?SetParams@CCommon@@UAEHPAX0@Z 00401920 f i Common.obj
 0001:00000920       ?StartPull@CCommon@@UAEHPAX0@Z 00401920 f i Common.obj
 0001:00000920       ?ParseRequest@CCommon@@UAEHPADPAV?$CStringT@DV?$StrTraitMFC_DLL@DV?$ChTraitsCRT@D@ATL@@@@@ATL@@@Z 00401920 f i Common.obj
 0001:00000920       ?GetInforFromIni4Company@CCommon@@UAEHPAXH@Z 00401920 f i Common.obj
 0001:00000920       ?ParsePTZ@CCommon@@UAEHPADH@Z 00401920 f i Common.obj
 0001:00000920       ?ClosePull@CCommon@@UAEHPAX0@Z 00401920 f i Common.obj
 0001:00000920       ?EncodeFrame@CCommon@@UAEHPAX0@Z 00401920 f i Common.obj
 0001:00000930       ?MySleep@CCommon@@UAEXHH@Z 00401930 f i Common.obj
 0001:00000940       ??1CCommon@@QAE@XZ         00401940 f   Common.obj
 0001:00000950       ??_ECCriticalSection@@UAEPAXI@Z 00401950 f i  CIL library: CIL module
 0001:00000950       ??_GCCriticalSection@@UAEPAXI@Z 00401950 f i CriticalSection.obj
 0001:00000980       ??1CCriticalSection@@UAE@XZ 00401980 f   CriticalSection.obj
 0001:000009a0       ??2@YAPAXIPAX@Z            004019a0 f i DfhsDlg.obj
 0001:000009b0       ?TraceV@CTrace@ATL@@QBAXPBDHKI0PAD@Z 004019b0 f i DfhsDlg.obj
 0001:000009c0       ??0CTraceFileAndLineInfo@ATL@@QAE@PBDH@Z 004019c0 f i DfhsDlg.obj
 0001:000009e0       ??RCTraceFileAndLineInfo@ATL@@QBAXPBDZZ 004019e0 f i DfhsDlg.obj
 0001:00000a10       ??BCTraceCategory@ATL@@QBEKXZ 00401a10 f i DfhsDlg.obj
 0001:00000a20       ?AfxCrtErrorCheck@@YAHH@Z  00401a20 f i DfhsDlg.obj
 0001:00000ab0       ??0MyAvFrame@@QAE@HH@Z     00401ab0 f i DfhsDlg.obj
 0001:00000b00       ?RawFrameCBFunc@@YGXPAUtagTRawFrameInfo@@PAXKK@Z 00401b00 f   DfhsDlg.obj
 0001:00000ba0       ?FrameCBFunc@@YGXPAUtagTFrameInfo@@PAXKK@Z 00401ba0 f   DfhsDlg.obj
 0001:00000e00       ?Add@?$CArray@PAVMyAvFrame@@PAV1@@@QAEHPAVMyAvFrame@@@Z 00401e00 f i DfhsDlg.obj
 0001:00000e60       ?SetSize@?$CArray@PAVMyAvFrame@@PAV1@@@QAEXHH@Z 00401e60 f i DfhsDlg.obj
 0001:00001090       ??0StreamInfo@@QAE@XZ      00402090 f i H264Stream.obj
 0001:000011c0       ?readNoVideFile@@YAHPAXPAPAEH@Z 004021c0 f   H264Stream.obj
 0001:00001410       ?pushstream@@YGIPAX@Z      00402410 f   H264Stream.obj
 0001:00001aa0       ??_GMyAvFrame@@QAEPAXI@Z   00402aa0 f i H264Stream.obj
 0001:00001ad0       ?encodeTask@@YGIPAX@Z      00402ad0 f   H264Stream.obj
 0001:00002080       ??0CH264Stream@@QAE@XZ     00403080 f   H264Stream.obj
 0001:000021f0       ??1StreamInfo@@QAE@XZ      004031f0 f i H264Stream.obj
 0001:00002240       ??1CH264Stream@@QAE@XZ     00403240 f   H264Stream.obj
 0001:00002370       ?Encode@CH264Stream@@QAEHPAE0@Z 00403370 f   H264Stream.obj
 0001:00002410       ?Encode@CH264Stream@@QAEHPAE@Z 00403410 f   H264Stream.obj
 0001:00002450       ?StartPush@CH264Stream@@QAEHHH@Z 00403450 f   H264Stream.obj
 0001:000026c0       ?RemoveAt@?$CArray@PAVMyAvFrame@@PAV1@@@QAEXHH@Z 004036c0 f i H264Stream.obj
 0001:00002720       ??1?$CArray@PAVMyAvFrame@@PAV1@@@UAE@XZ 00403720 f i H264Stream.obj
 0001:000027a0       ?Serialize@?$CArray@PAVMyAvFrame@@PAV1@@@UAEXAAVCArchive@@@Z 004037a0 f i H264Stream.obj
 0001:00002810       ?Dump@?$CArray@PAVMyAvFrame@@PAV1@@@UBEXAAVCDumpContext@@@Z 00403810 f i H264Stream.obj
 0001:000028c0       ?AssertValid@?$CArray@PAVMyAvFrame@@PAV1@@@UBEXXZ 004038c0 f i H264Stream.obj
 0001:00002980       ??_G?$CArray@PAVMyAvFrame@@PAV1@@@UAEPAXI@Z 00403980 f i H264Stream.obj
 0001:00002980       ??_E?$CArray@PAVMyAvFrame@@PAV1@@@UAEPAXI@Z 00403980 f i  CIL library: CIL module
 0001:000029a0       ??$SerializeElements@PAVMyAvFrame@@@@YGXAAVCArchive@@PAPAVMyAvFrame@@H@Z 004039a0 f i H264Stream.obj
 0001:00002a70       _Hash_Str                  00403a70 f   hash.obj
 0001:00002aa0       ?KMP@@YAHPADH0H@Z          00403aa0 f   kmp.obj
 0001:00002b40       ?Format@CTime@ATL@@QBE?AV?$CStringT@DV?$StrTraitMFC_DLL@DV?$ChTraitsCRT@D@ATL@@@@@2@PBD@Z 00403b40 f i Log.obj
 0001:00002bd0       ?Add@CLog@@QAAXPBDZZ       00403bd0 f   Log.obj
 0001:00002d90       ?Update@CMD5@@AAEXPAUMD5_CTX@@PBEI@Z 00403d90 f   MD5.obj
 0001:00002e30       ?Final@CMD5@@AAEXQAEPAUMD5_CTX@@@Z 00403e30 f   MD5.obj
 0001:00002ec0       ?Transform@CMD5@@AAEXQAKQBE@Z 00403ec0 f   MD5.obj
 0001:00003570       ?GetRuntimeClass@CMicrovideoDlg@@UBEPAUCRuntimeClass@@XZ 00404570 f   MicrovideoDlg.obj
 0001:00003580       ??0CMicrovideoDlg@@QAE@PAVCWnd@@@Z 00404580 f   MicrovideoDlg.obj
 0001:000035e0       ??_ECMicrovideoDlg@@UAEPAXI@Z 004045e0 f i  CIL library: CIL module
 0001:000035e0       ??_GCMicrovideoDlg@@UAEPAXI@Z 004045e0 f i MicrovideoDlg.obj
 0001:00003600       ??1CMicrovideoDlg@@UAE@XZ  00404600 f   MicrovideoDlg.obj
 0001:00003670       ?GetMessageMap@CMicrovideoDlg@@MBEPBUAFX_MSGMAP@@XZ 00404670 f   MicrovideoDlg.obj
 0001:00003670       ?GetMessageMap@CNetPosaDlg@@MBEPBUAFX_MSGMAP@@XZ 00404670 f   NetPosaDlg.obj
 0001:00003670       ?GetMessageMap@CVerifyDlg@@MBEPBUAFX_MSGMAP@@XZ 00404670 f   VerifyDlg.obj
 0001:00003670       ?GetMessageMap@CAboutDlg@@MBEPBUAFX_MSGMAP@@XZ 00404670 f   WMV_TO_H264Dlg.obj
 0001:00003670       ?GetMessageMap@CVNMPDlg@@MBEPBUAFX_MSGMAP@@XZ 00404670 f   VNMPDlg.obj
 0001:00003680       ?GetInforFromIni4Company@CMicrovideoDlg@@UAEHPAXH@Z 00404680 f   MicrovideoDlg.obj
 0001:000039c0       ?GetInforFromIni@CMicrovideoDlg@@UAEHPAX@Z 004049c0 f   MicrovideoDlg.obj
 0001:00003de0       ?SetDefaultParams@CMicrovideoDlg@@UAEHPAX@Z 00404de0 f   MicrovideoDlg.obj
 0001:00003f30       ?ParseRequest@CMicrovideoDlg@@UAEHPADPAV?$CStringT@DV?$StrTraitMFC_DLL@DV?$ChTraitsCRT@D@ATL@@@@@ATL@@@Z 00404f30 f   MicrovideoDlg.obj
 0001:000043f0       ?myVideo@@YAHPAUAVPictureOut@@PAX@Z 004053f0 f   MicrovideoDlg.obj
 0001:00004580       ?SetParams@CMicrovideoDlg@@UAEHPAX0@Z 00405580 f   MicrovideoDlg.obj
 0001:00004720       ?StartPull@CMicrovideoDlg@@UAEHPAX0@Z 00405720 f   MicrovideoDlg.obj
 0001:00004810       ?ClosePull@CMicrovideoDlg@@UAEHPAX0@Z 00405810 f   MicrovideoDlg.obj
 0001:000048a0       ?CheckExit@CMicrovideoDlg@@UAE?AV?$CStringT@DV?$StrTraitMFC_DLL@DV?$ChTraitsCRT@D@ATL@@@@@ATL@@V23@@Z 004058a0 f   MicrovideoDlg.obj
 0001:00004a30       ?ChangeChannel@CMicrovideoDlg@@UAE?AV?$CStringT@DV?$StrTraitMFC_DLL@DV?$ChTraitsCRT@D@ATL@@@@@ATL@@V23@H0@Z 00405a30 f   MicrovideoDlg.obj
 0001:00004c00       ?MySleep@CMicrovideoDlg@@UAEXHH@Z 00405c00 f   MicrovideoDlg.obj
 0001:00004c20       ?ReadInt24@@YAHPBD@Z       00405c20 f   misc.obj
 0001:00004c70       ?ReadString@@YAHPBDPAD@Z   00405c70 f   misc.obj
 0001:00004cb0       ?ReadNumber@@YANPBD@Z      00405cb0 f   misc.obj
 0001:00004d00       ?EncodeString@@YAHPADPBD1@Z 00405d00 f   misc.obj
 0001:00004d80       ?EncodeString_short@@YAHPADPBD@Z 00405d80 f   misc.obj
 0001:00004df0       ?EncodeNumber@@YAHPADPBDN@Z 00405df0 f   misc.obj
 0001:00004eb0       ?EncodeBoolean@@YAHPAD0_N@Z 00405eb0 f   misc.obj
 0001:00004f30       ?GetRuntimeClass@CNetPosaDlg@@UBEPAUCRuntimeClass@@XZ 00405f30 f   NetPosaDlg.obj
 0001:00004f40       ??0CNetPosaDlg@@QAE@PAVCWnd@@@Z 00405f40 f   NetPosaDlg.obj
 0001:00004fe0       ??_GCNetPosaDlg@@UAEPAXI@Z 00405fe0 f i NetPosaDlg.obj
 0001:00004fe0       ??_ECNetPosaDlg@@UAEPAXI@Z 00405fe0 f i  CIL library: CIL module
 0001:00005000       ??1CNetPosaDlg@@UAE@XZ     00406000 f   NetPosaDlg.obj
 0001:00005070       ?GetInforFromIni4Company@CNetPosaDlg@@UAEHPAXH@Z 00406070 f   NetPosaDlg.obj
 0001:000055b0       ?GetInforFromIni@CNetPosaDlg@@UAEHPAX@Z 004065b0 f   NetPosaDlg.obj
 0001:00005c90       ?SetDefaultParams@CNetPosaDlg@@UAEHPAX@Z 00406c90 f   NetPosaDlg.obj
 0001:00005df0       ?ParseRequest@CNetPosaDlg@@UAEHPADPAV?$CStringT@DV?$StrTraitMFC_DLL@DV?$ChTraitsCRT@D@ATL@@@@@ATL@@@Z 00406df0 f   NetPosaDlg.obj
 0001:00006480       ?CheckExit@CNetPosaDlg@@UAE?AV?$CStringT@DV?$StrTraitMFC_DLL@DV?$ChTraitsCRT@D@ATL@@@@@ATL@@V23@@Z 00407480 f   NetPosaDlg.obj
 0001:00006600       ?ChangeChannel@CNetPosaDlg@@UAE?AV?$CStringT@DV?$StrTraitMFC_DLL@DV?$ChTraitsCRT@D@ATL@@@@@ATL@@V23@H0@Z 00407600 f   NetPosaDlg.obj
 0001:00006820       ?OnRealDecodeData@@YGXPAUNP_PLAY_HD__@@PBXHPBUNPPlayFrameInfo@@PAX@Z 00407820 f   NetPosaDlg.obj
 0001:00006970       ?DataCB@@YGXPAXPAUNP_NET_HD__@@PBXH@Z 00407970 f   NetPosaDlg.obj
 0001:000069d0       ?SetParams@CNetPosaDlg@@UAEHPAX0@Z 004079d0 f   NetPosaDlg.obj
 0001:00006a00       ?StartPull@CNetPosaDlg@@UAEHPAX0@Z 00407a00 f   NetPosaDlg.obj
 0001:00006b90       ?ClosePull@CNetPosaDlg@@UAEHPAX0@Z 00407b90 f   NetPosaDlg.obj
 0001:00006c60       ?SDKInit@CNetPosaDlg@@QAEXXZ 00407c60 f   NetPosaDlg.obj
 0001:00007040       ?ParsePTZ@CNetPosaDlg@@UAEHPADH@Z 00408040 f   NetPosaDlg.obj
 0001:00007280       ?loadNpLib@@YAHXZ          00408280 f   npLib.obj
 0001:00007560       ??1tagDEV_SHSL@@QAE@XZ     00408560 f i NTGJDlg.obj
 0001:00009de0       ?FindInvokeStr@@YAPADPBD0H@Z 0040ade0 f   rtmp.obj
 0001:0000a170       ??0SimpleResize@@QAE@JJJJPAH@Z 0040b170 f   SimpleResize.obj
 0001:0000a270       ??_GSimpleResize@@UAEPAXI@Z 0040b270 f i SimpleResize.obj
 0001:0000a270       ??_ESimpleResize@@UAEPAXI@Z 0040b270 f i  CIL library: CIL module
 0001:0000a2d0       ??1SimpleResize@@UAE@XZ    0040b2d0 f   SimpleResize.obj
 0001:0000a310       ?InitTables_YV12@SimpleResize@@AAEXXZ 0040b310 f   SimpleResize.obj
 0001:0000a500       ?GetFrame_YV12@SimpleResize@@QAEXPAE0HHHH@Z 0040b500 f   SimpleResize.obj
 0001:0000a930       ?resize@SimpleResize@@QAEXPAE0@Z 0040b930 f   SimpleResize.obj
 0001:0000a9d0       ?ST_fskip_space@@YAPADPBD@Z 0040b9d0 f   utils.obj
 0001:0000aa20       ?ST_bskip_space@@YAPADPBD@Z 0040ba20 f   utils.obj
 0001:0000aa80       ?ST_filt_space_copy@@YAHQAD0HHH@Z 0040ba80 f   utils.obj
 0001:0000aac0       ?ST_filt_token_copy@@YAHQAD0PBD1@Z 0040bac0 f   utils.obj
 0001:0000ab90       ??0CVerifyDlg@@QAE@PAVCWnd@@@Z 0040bb90 f   VerifyDlg.obj
 0001:0000ac00       ??_ECVerifyDlg@@UAEPAXI@Z  0040bc00 f i  CIL library: CIL module
 0001:0000ac00       ??_GCVerifyDlg@@UAEPAXI@Z  0040bc00 f i VerifyDlg.obj
 0001:0000ac20       ??1CVerifyDlg@@UAE@XZ      0040bc20 f i VerifyDlg.obj
 0001:0000ac90       ?DoDataExchange@CVerifyDlg@@MAEXPAVCDataExchange@@@Z 0040bc90 f   VerifyDlg.obj
 0001:0000acd0       ?OnInitDialog@CVerifyDlg@@MAEHXZ 0040bcd0 f   VerifyDlg.obj
 0001:0000ad50       ?GetLocalinfo@CVerifyDlg@@QAEHXZ 0040bd50 f   VerifyDlg.obj
 0001:0000aee0       ?GetParam@CVerifyDlg@@QAEHQAD@Z 0040bee0 f   VerifyDlg.obj
 0001:0000b0d0       ?Get_MAC@CVerifyDlg@@QAEXXZ 0040c0d0 f   VerifyDlg.obj
 0001:0000b170       ?char_convert@CVerifyDlg@@QAEXPBDPAD@Z 0040c170 f   VerifyDlg.obj
 0001:0000b2a0       ?OnOK@CVerifyDlg@@MAEXXZ   0040c2a0 f   VerifyDlg.obj
 0001:0000b420       ?OnCancel@CVerifyDlg@@UAEXXZ 0040c420 f   VerifyDlg.obj
 0001:0000b430       ?GetRuntimeClass@CVNMPDlg@@UBEPAUCRuntimeClass@@XZ 0040c430 f   VNMPDlg.obj
 0001:0000b440       ??0CVNMPDlg@@QAE@PAVCWnd@@@Z 0040c440 f   VNMPDlg.obj
 0001:0000b4e0       ??_ECVNMPDlg@@UAEPAXI@Z    0040c4e0 f i  CIL library: CIL module
 0001:0000b4e0       ??_GCVNMPDlg@@UAEPAXI@Z    0040c4e0 f i VNMPDlg.obj
 0001:0000b500       ??1CVNMPDlg@@UAE@XZ        0040c500 f   VNMPDlg.obj
 0001:0000b570       ?GetInforFromIni4Company@CVNMPDlg@@UAEHPAXH@Z 0040c570 f   VNMPDlg.obj
 0001:0000bbb0       ?GetInforFromIni@CVNMPDlg@@UAEHPAX@Z 0040cbb0 f   VNMPDlg.obj
 0001:0000c290       ?SetDefaultParams@CVNMPDlg@@UAEHPAX@Z 0040d290 f   VNMPDlg.obj
 0001:0000c3f0       ?ParseRequest@CVNMPDlg@@UAEHPADPAV?$CStringT@DV?$StrTraitMFC_DLL@DV?$ChTraitsCRT@D@ATL@@@@@ATL@@@Z 0040d3f0 f   VNMPDlg.obj
 0001:0000ca80       ?CheckExit@CVNMPDlg@@UAE?AV?$CStringT@DV?$StrTraitMFC_DLL@DV?$ChTraitsCRT@D@ATL@@@@@ATL@@V23@@Z 0040da80 f   VNMPDlg.obj
 0001:0000cc20       ?ChangeChannel@CVNMPDlg@@UAE?AV?$CStringT@DV?$StrTraitMFC_DLL@DV?$ChTraitsCRT@D@ATL@@@@@ATL@@V23@H0@Z 0040dc20 f   VNMPDlg.obj
 0001:0000ce40       ?myDecCBFun@@YGXJPADJPAUVNMP_FRAME_INFO@@JJ@Z 0040de40 f   VNMPDlg.obj
 0001:0000cf60       ?CBK_HandVideoData@@YGXKKPAEK@Z 0040df60 f   VNMPDlg.obj
 0001:0000cfe0       ?SetParams@CVNMPDlg@@UAEHPAX0@Z 0040dfe0 f   VNMPDlg.obj
 0001:0000d010       ?StartPull@CVNMPDlg@@UAEHPAX0@Z 0040e010 f   VNMPDlg.obj
 0001:0000d1a0       ?ClosePull@CVNMPDlg@@UAEHPAX0@Z 0040e1a0 f   VNMPDlg.obj
 0001:0000d240       ?loadVNMPLib@@YAHXZ        0040e240 f   vnmpLib.obj
 0001:0000d500       ?GetMessageMap@CWMV_TO_H264App@@MBEPBUAFX_MSGMAP@@XZ 0040e500 f   WMV_TO_H264.obj
 0001:0000d510       ??_GCWMV_TO_H264App@@UAEPAXI@Z 0040e510 f i WMV_TO_H264.obj
 0001:0000d510       ??_ECWMV_TO_H264App@@UAEPAXI@Z 0040e510 f i  CIL library: CIL module
 0001:0000d530       ?InitInstance@CWMV_TO_H264App@@UAEHXZ 0040e530 f   WMV_TO_H264.obj
 0001:0000d6a0       ?notify_handler@@YAXPAUevhttp_request@@PAX@Z 0040e6a0 f   WMV_TO_H264Dlg.obj
 0001:0000dc50       ?changePTZ@@YAIPAX@Z       0040ec50 f   WMV_TO_H264Dlg.obj
 0001:0000dd60       ?changeCam@@YAIPAX@Z       0040ed60 f   WMV_TO_H264Dlg.obj
 0001:0000dde0       ??_GCAboutDlg@@UAEPAXI@Z   0040ede0 f i WMV_TO_H264Dlg.obj
 0001:0000dde0       ??_ECAboutDlg@@UAEPAXI@Z   0040ede0 f i  CIL library: CIL module
 0001:0000de00       ??1CAboutDlg@@UAE@XZ       0040ee00 f i WMV_TO_H264Dlg.obj
 0001:0000de10       ?DoDataExchange@CAboutDlg@@MAEXPAVCDataExchange@@@Z 0040ee10 f   WMV_TO_H264Dlg.obj
 0001:0000de10       ?DoDataExchange@CWMV_TO_H264Dlg@@MAEXPAVCDataExchange@@@Z 0040ee10 f   WMV_TO_H264Dlg.obj
 0001:0000de10       ?DoDataExchange@CVNMPDlg@@MAEXPAVCDataExchange@@@Z 0040ee10 f   VNMPDlg.obj
 0001:0000de10       ?DoDataExchange@CMicrovideoDlg@@MAEXPAVCDataExchange@@@Z 0040ee10 f   MicrovideoDlg.obj
 0001:0000de10       ?DoDataExchange@CNetPosaDlg@@MAEXPAVCDataExchange@@@Z 0040ee10 f   NetPosaDlg.obj
 0001:0000de20       ??0CWMV_TO_H264Dlg@@QAE@PAVCWnd@@@Z 0040ee20 f   WMV_TO_H264Dlg.obj
 0001:0000df70       ??_ECWMV_TO_H264Dlg@@UAEPAXI@Z 0040ef70 f i  CIL library: CIL module
 0001:0000df70       ??_GCWMV_TO_H264Dlg@@UAEPAXI@Z 0040ef70 f i WMV_TO_H264Dlg.obj
 0001:0000df90       ??1CWMV_TO_H264Dlg@@UAE@XZ 0040ef90 f   WMV_TO_H264Dlg.obj
 0001:0000e0c0       ?GetMessageMap@CWMV_TO_H264Dlg@@MBEPBUAFX_MSGMAP@@XZ 0040f0c0 f   WMV_TO_H264Dlg.obj
 0001:0000e0d0       ?OnInitDialog@CWMV_TO_H264Dlg@@MAEHXZ 0040f0d0 f   WMV_TO_H264Dlg.obj
 0001:0000ea80       ?OnSysCommand@CWMV_TO_H264Dlg@@IAEXIJ@Z 0040fa80 f   WMV_TO_H264Dlg.obj
 0001:0000eb30       ?OnPaint@CWMV_TO_H264Dlg@@IAEXXZ 0040fb30 f   WMV_TO_H264Dlg.obj
 0001:0000ec50       ?OnQueryDragIcon@CWMV_TO_H264Dlg@@IAEPAUHICON__@@XZ 0040fc50 f   WMV_TO_H264Dlg.obj
 0001:0000ec60       ?GetEventSinkMap@CWMV_TO_H264Dlg@@MBEPBUAFX_EVENTSINKMAP@@XZ 0040fc60 f   WMV_TO_H264Dlg.obj
 0001:0000ec70       ?OnBnClickedCancel@CWMV_TO_H264Dlg@@IAEXXZ 0040fc70 f   WMV_TO_H264Dlg.obj
 0001:0000ec90       ?OnBnClickedOk@CWMV_TO_H264Dlg@@IAEXXZ 0040fc90 f   WMV_TO_H264Dlg.obj
 0001:0000eca0       ?ClosePullFromSub@CWMV_TO_H264Dlg@@QAEHPAX0@Z 0040fca0 f   WMV_TO_H264Dlg.obj
 0001:0000ed00       ??HATL@@YA?AV?$CStringT@DV?$StrTraitMFC_DLL@DV?$ChTraitsCRT@D@ATL@@@@@0@ABV10@PBD@Z 0040fd00 f i WMV_TO_H264Dlg.obj
 0001:0000ed90       ?f_xmlnode_chk_name@@YAPADPAD@Z 0040fd90 f   xmlnode.obj
 0001:0000efb0       ?f_xmlnode_ins_elem_tail@@YAHQAUS_XMLNODE@@0@Z 0040ffb0 f   xmlnode.obj
 0001:0000f040       ?f_xmlnode_sch_elem@@YAPAUS_XMLNODE@@QAU1@PBD@Z 00410040 f   xmlnode.obj
 0001:0000f0c0       ?f_xmlnode_sch_elem_ext@@YAPAUS_XMLNODE@@QAU1@PBDH@Z 004100c0 f   xmlnode.obj
 0001:0000f0f0       ?f_xmlnode_ins_attr_tail@@YAHQAUS_XMLNODE@@0@Z 004100f0 f   xmlnode.obj
 0001:0000f160       ?f_xmlnode_set_node_data@@YAHQAUS_XMLNODE@@PBD@Z 00410160 f   xmlnode.obj
 0001:0000f220       ?f_xmlnode_rmv_node@@YAHQAUS_XMLNODE@@@Z 00410220 f   xmlnode.obj
 0001:0000f2c0       ?f_xmlnode_del_node@@YAHQAUS_XMLNODE@@@Z 004102c0 f   xmlnode.obj
 0001:0000f3a0       ?f_xmlnode_del@@YAHPAUXML@@@Z 004103a0 f   xmlnode.obj
 0001:0000fd60       ?f_xmlparse_init@@YAHPAUXML@@PBD@Z 00410d60 f   xmlparse.obj
 0001:00010050       _evhttp_htmlescape         00411050 f   libevent:http.obj
 0001:00010370       _evhttp_connection_set_max_headers_size 00411370 f   libevent:http.obj
 0001:00010390       _evhttp_connection_set_max_body_size 00411390 f   libevent:http.obj
 0001:000106c0       _evhttp_connection_set_local_address 004116c0 f   libevent:http.obj
 0001:00010760       _evhttp_connection_set_local_port 00411760 f   libevent:http.obj
 0001:000107e0       _evhttp_connection_reset   004117e0 f   libevent:http.obj
 0001:000109d0       _evhttp_find_header        004119d0 f   libevent:http.obj
 0001:00010a10       _evhttp_clear_headers      00411a10 f   libevent:http.obj
 0001:00010a60       _evhttp_remove_header      00411a60 f   libevent:http.obj
 0001:00010e70       _evhttp_connection_get_bufferevent 00411e70 f   libevent:http.obj
 0001:00010e80       _evhttp_connection_set_base 00411e80 f   libevent:http.obj
 0001:00010f60       _evhttp_connection_set_timeout 00411f60 f   libevent:http.obj
 0001:00010f90       _evhttp_connection_set_retries 00411f90 f   libevent:http.obj
 0001:00010fa0       _evhttp_connection_set_closecb 00411fa0 f   libevent:http.obj
 0001:00010fc0       _evhttp_connection_get_peer 00411fc0 f   libevent:http.obj
 0001:00011030       _evhttp_response_code      00412030 f   libevent:http.obj
 0001:00011090       _evhttp_uriencode          00412090 f   libevent:http.obj
 0001:00011160       _evhttp_encode_uri         00412160 f   libevent:http.obj
 0001:00011260       _evhttp_decode_uri         00412260 f   libevent:http.obj
 0001:000112d0       _evhttp_uridecode          004122d0 f   libevent:http.obj
 0001:00011540       _evhttp_bound_socket_get_fd 00412540 f   libevent:http.obj
 0001:00011550       _evhttp_bound_socket_get_listener 00412550 f   libevent:http.obj
 0001:00011560       _evhttp_del_accept_socket  00412560 f   libevent:http.obj
 0001:000115a0       _evhttp_add_virtual_host   004125a0 f   libevent:http.obj
 0001:000115f0       _evhttp_remove_virtual_host 004125f0 f   libevent:http.obj
 0001:00011640       _evhttp_add_server_alias   00412640 f   libevent:http.obj
 0001:000116a0       _evhttp_remove_server_alias 004126a0 f   libevent:http.obj
 0001:00011710       _evhttp_set_timeout        00412710 f   libevent:http.obj
 0001:00011720       _evhttp_set_max_headers_size 00412720 f   libevent:http.obj
 0001:00011740       _evhttp_set_max_body_size  00412740 f   libevent:http.obj
 0001:00011770       _evhttp_set_allowed_methods 00412770 f   libevent:http.obj
 0001:00011780       _evhttp_set_cb             00412780 f   libevent:http.obj
 0001:00011860       _evhttp_del_cb             00412860 f   libevent:http.obj
 0001:000118e0       _evhttp_set_gencb          004128e0 f   libevent:http.obj
 0001:00011900       _evhttp_request_own        00412900 f   libevent:http.obj
 0001:00011910       _evhttp_request_is_owned   00412910 f   libevent:http.obj
 0001:00011920       _evhttp_request_get_connection 00412920 f   libevent:http.obj
 0001:00011930       _evhttp_connection_get_base 00412930 f   libevent:http.obj
 0001:00011940       _evhttp_request_set_chunked_cb 00412940 f   libevent:http.obj
 0001:00011950       _evhttp_request_get_uri    00412950 f   libevent:http.obj
 0001:00011960       _evhttp_request_get_evhttp_uri 00412960 f   libevent:http.obj
 0001:00011970       _evhttp_request_get_command 00412970 f   libevent:http.obj
 0001:00011980       _evhttp_request_get_response_code 00412980 f   libevent:http.obj
 0001:00011990       _evhttp_request_get_input_headers 00412990 f   libevent:http.obj
 0001:000119a0       _evhttp_request_get_output_headers 004129a0 f   libevent:http.obj
 0001:000119b0       _evhttp_request_get_input_buffer 004129b0 f   libevent:http.obj
 0001:000119c0       _evhttp_request_get_output_buffer 004129c0 f   libevent:http.obj
 0001:00011d10       _evhttp_uri_new            00412d10 f   libevent:http.obj
 0001:00011d30       _evhttp_uri_set_flags      00412d30 f   libevent:http.obj
 0001:000123b0       _evhttp_uri_free           004133b0 f   libevent:http.obj
 0001:00012420       _evhttp_uri_join           00413420 f   libevent:http.obj
 0001:000125d0       _evhttp_uri_get_scheme     004135d0 f   libevent:http.obj
 0001:000125e0       _evhttp_uri_get_userinfo   004135e0 f   libevent:http.obj
 0001:000125f0       _evhttp_uri_get_host       004135f0 f   libevent:http.obj
 0001:00012600       _evhttp_uri_get_port       00413600 f   libevent:http.obj
 0001:00012610       _evhttp_uri_get_path       00413610 f   libevent:http.obj
 0001:00012620       _evhttp_uri_get_query      00413620 f   libevent:http.obj
 0001:00012630       _evhttp_uri_get_fragment   00413630 f   libevent:http.obj
 0001:00012640       _evhttp_uri_set_scheme     00413640 f   libevent:http.obj
 0001:000126c0       _evhttp_uri_set_userinfo   004136c0 f   libevent:http.obj
 0001:00012740       _evhttp_uri_set_host       00413740 f   libevent:http.obj
 0001:000127e0       _evhttp_uri_set_port       004137e0 f   libevent:http.obj
 0001:00012800       _evhttp_uri_set_path       00413800 f   libevent:http.obj
 0001:00012880       _evhttp_uri_set_query      00413880 f   libevent:http.obj
 0001:00012910       _evhttp_uri_set_fragment   00413910 f   libevent:http.obj
 0001:00012ad0       _evhttp_add_header         00413ad0 f   libevent:http.obj
 0001:00012b20       _evhttp_parse_headers      00413b20 f   libevent:http.obj
 0001:00012de0       _evhttp_new                00413de0 f   libevent:http.obj
 0001:00012e00       _evhttp_request_free       00413e00 f   libevent:http.obj
 0001:00012ec0       _evhttp_request_get_host   00413ec0 f   libevent:http.obj
 0001:00012f90       _evhttp_uri_parse_with_flags 00413f90 f   libevent:http.obj
 0001:00013680       _evhttp_connection_free    00414680 f   libevent:http.obj
 0001:00013d40       _evhttp_parse_firstline    00414d40 f   libevent:http.obj
 0001:00013ef0       _evhttp_free               00414ef0 f   libevent:http.obj
 0001:00014020       _evhttp_request_new        00415020 f   libevent:http.obj
 0001:00014110       _evhttp_uri_parse          00415110 f   libevent:http.obj
 0001:00014390       _evhttp_connection_connect 00415390 f   libevent:http.obj
 0001:000144c0       _evhttp_make_request       004154c0 f   libevent:http.obj
 0001:00014730       _evhttp_send_reply         00415730 f   libevent:http.obj
 0001:00014760       _evhttp_send_reply_start   00415760 f   libevent:http.obj
 0001:00014840       _evhttp_send_reply_chunk   00415840 f   libevent:http.obj
 0001:00014910       _evhttp_send_reply_end     00415910 f   libevent:http.obj
 0001:000149c0       _evhttp_send_page          004159c0 f   libevent:http.obj
 0001:00014c10       _evhttp_parse_query        00415c10 f   libevent:http.obj
 0001:00014c30       _evhttp_parse_query_str    00415c30 f   libevent:http.obj
 0001:00014c50       _evhttp_connection_fail    00415c50 f   libevent:http.obj
 0001:00014f60       _evhttp_cancel_request     00415f60 f   libevent:http.obj
 0001:00014fc0       _evhttp_send_error         00415fc0 f   libevent:http.obj
 0001:00015520       _evhttp_connection_base_new 00416520 f   libevent:http.obj
 0001:00015630       _evhttp_start_read         00416630 f   libevent:http.obj
 0001:000158b0       _evhttp_connection_new     004168b0 f   libevent:http.obj
 0001:000158f0       _evhttp_bind_listener      004168f0 f   libevent:http.obj
 0001:00015940       _evhttp_accept_socket_with_handle 00416940 f   libevent:http.obj
 0001:000159c0       _evhttp_bind_socket_with_handle 004169c0 f   libevent:http.obj
 0001:00015a20       _evhttp_accept_socket      00416a20 f   libevent:http.obj
 0001:00015a40       _evhttp_bind_socket        00416a40 f   libevent:http.obj
 0001:00015a60       _evhttp_start              00416a60 f   libevent:http.obj
 0001:00015aa0       _bufferevent_suspend_read  00416aa0 f   libevent:bufferevent.obj
 0001:00015b00       _bufferevent_unsuspend_read 00416b00 f   libevent:bufferevent.obj
 0001:00015b70       _bufferevent_suspend_write 00416b70 f   libevent:bufferevent.obj
 0001:00015bd0       _bufferevent_unsuspend_write 00416bd0 f   libevent:bufferevent.obj
 0001:00015c70       _bufferevent_setcb         00416c70 f   libevent:bufferevent.obj
 0001:00015cd0       _bufferevent_get_input     00416cd0 f   libevent:bufferevent.obj
 0001:00015ce0       _bufferevent_get_output    00416ce0 f   libevent:bufferevent.obj
 0001:00015cf0       _bufferevent_get_base      00416cf0 f   libevent:bufferevent.obj
 0001:00015d00       _bufferevent_write         00416d00 f   libevent:bufferevent.obj
 0001:00015d30       _bufferevent_write_buffer  00416d30 f   libevent:bufferevent.obj
 0001:00015d60       _bufferevent_read          00416d60 f   libevent:bufferevent.obj
 0001:00015d80       _bufferevent_read_buffer   00416d80 f   libevent:bufferevent.obj
 0001:00015da0       _bufferevent_set_timeouts  00416da0 f   libevent:bufferevent.obj
 0001:00015e40       _bufferevent_settimeout    00416e40 f   libevent:bufferevent.obj
 0001:00015e90       _bufferevent_disable_hard  00416e90 f   libevent:bufferevent.obj
 0001:00015ef0       _bufferevent_disable       00416ef0 f   libevent:bufferevent.obj
 0001:00015f50       _bufferevent_setwatermark  00416f50 f   libevent:bufferevent.obj
 0001:00016050       _bufferevent_flush         00417050 f   libevent:bufferevent.obj
 0001:000160b0       __bufferevent_incref_and_lock 004170b0 f   libevent:bufferevent.obj
 0001:000160e0       _bufferevent_decref        004170e0 f   libevent:bufferevent.obj
 0001:00016110       _bufferevent_incref        00417110 f   libevent:bufferevent.obj
 0001:00016150       _bufferevent_setfd         00417150 f   libevent:bufferevent.obj
 0001:000161b0       _bufferevent_getfd         004171b0 f   libevent:bufferevent.obj
 0001:00016270       _bufferevent_get_enabled   00417270 f   libevent:bufferevent.obj
 0001:000162b0       _bufferevent_get_underlying 004172b0 f   libevent:bufferevent.obj
 0001:00016320       __bufferevent_del_generic_timeout_cbs 00417320 f   libevent:bufferevent.obj
 0001:00016350       __bufferevent_generic_adj_timeouts 00417350 f   libevent:bufferevent.obj
 0001:00016410       __bufferevent_add_event    00417410 f   libevent:bufferevent.obj
 0001:00016440       _bufferevent_lock          00417440 f   libevent:bufferevent.obj
 0001:00016470       __bufferevent_run_readcb   00417470 f   libevent:bufferevent.obj
 0001:00016500       __bufferevent_run_writecb  00417500 f   libevent:bufferevent.obj
 0001:00016590       __bufferevent_run_eventcb  00417590 f   libevent:bufferevent.obj
 0001:00016630       __bufferevent_decref_and_unlock 00417630 f   libevent:bufferevent.obj
 0001:000167e0       _bufferevent_free          004177e0 f   libevent:bufferevent.obj
 0001:00016850       _bufferevent_enable_locking 00417850 f   libevent:bufferevent.obj
 0001:00016970       __bufferevent_init_generic_timeout_cbs 00417970 f   libevent:bufferevent.obj
 0001:000169b0       _bufferevent_unlock        004179b0 f   libevent:bufferevent.obj
 0001:00016c70       _bufferevent_init_common   00417c70 f   libevent:bufferevent.obj
 0001:00016db0       _bufferevent_enable        00417db0 f   libevent:bufferevent.obj
 0001:00017220       __evbuffer_chain_pin       00418220 f   libevent:buffer.obj
 0001:00017290       __evbuffer_chain_unpin     00418290 f   libevent:buffer.obj
 0001:00017340       _evbuffer_new              00418340 f   libevent:buffer.obj
 0001:00017370       _evbuffer_set_flags        00418370 f   libevent:buffer.obj
 0001:000173b0       _evbuffer_clear_flags      004183b0 f   libevent:buffer.obj
 0001:000173f0       __evbuffer_incref          004183f0 f   libevent:buffer.obj
 0001:00017420       __evbuffer_incref_and_lock 00418420 f   libevent:buffer.obj
 0001:00017440       _evbuffer_enable_locking   00418440 f   libevent:buffer.obj
 0001:00017480       _evbuffer_set_parent       00418480 f   libevent:buffer.obj
 0001:00017610       _evbuffer_invoke_callbacks 00418610 f   libevent:buffer.obj
 0001:000176d0       __evbuffer_decref_and_unlock 004186d0 f   libevent:buffer.obj
 0001:000178a0       _evbuffer_free             004188a0 f   libevent:buffer.obj
 0001:000178d0       _evbuffer_lock             004188d0 f   libevent:buffer.obj
 0001:000178f0       _evbuffer_unlock           004188f0 f   libevent:buffer.obj
 0001:00017910       _evbuffer_get_length       00418910 f   libevent:buffer.obj
 0001:00017950       _evbuffer_get_contiguous_space 00418950 f   libevent:buffer.obj
 0001:00017a40       _evbuffer_commit_space     00418a40 f   libevent:buffer.obj
 0001:00018290       _evbuffer_add_buffer       00419290 f   libevent:buffer.obj
 0001:000183b0       _evbuffer_prepend_buffer   004193b0 f   libevent:buffer.obj
 0001:000184d0       _evbuffer_drain            004194d0 f   libevent:buffer.obj
 0001:00018690       _evbuffer_copyout          00419690 f   libevent:buffer.obj
 0001:000187a0       _evbuffer_pullup           004197a0 f   libevent:buffer.obj
 0001:00018c30       _evbuffer_prepend          00419c30 f   libevent:buffer.obj
 0001:000191c0       __evbuffer_expand_fast     0041a1c0 f   libevent:buffer.obj
 0001:000195f0       _evbuffer_expand           0041a5f0 f   libevent:buffer.obj
 0001:00019640       __evbuffer_read_setup_vecs 0041a640 f   libevent:buffer.obj
 0001:000197a0       _evbuffer_read             0041a7a0 f   libevent:buffer.obj
 0001:00019a50       _evbuffer_write_atmost     0041aa50 f   libevent:buffer.obj
 0001:00019ac0       _evbuffer_write            0041aac0 f   libevent:buffer.obj
 0001:00019b20       _evbuffer_ptr_set          0041ab20 f   libevent:buffer.obj
 0001:00019d20       _evbuffer_search_range     0041ad20 f   libevent:buffer.obj
 0001:00019e60       _evbuffer_peek             0041ae60 f   libevent:buffer.obj
 0001:00019f20       _evbuffer_add_vprintf      0041af20 f   libevent:buffer.obj
 0001:00019ff0       _evbuffer_add_printf       0041aff0 f   libevent:buffer.obj
 0001:0001a010       _evbuffer_add_reference    0041b010 f   libevent:buffer.obj
 0001:0001a0d0       _evbuffer_add_cb           0041b0d0 f   libevent:buffer.obj
 0001:0001a150       _evbuffer_remove_cb_entry  0041b150 f   libevent:buffer.obj
 0001:0001a1b0       _evbuffer_remove_cb        0041b1b0 f   libevent:buffer.obj
 0001:0001a220       _evbuffer_cb_set_flags     0041b220 f   libevent:buffer.obj
 0001:0001a260       _evbuffer_cb_clear_flags   0041b260 f   libevent:buffer.obj
 0001:0001a2b0       _evbuffer_freeze           0041b2b0 f   libevent:buffer.obj
 0001:0001a2f0       _evbuffer_unfreeze         0041b2f0 f   libevent:buffer.obj
 0001:0001a330       __evbuffer_testing_use_sendfile 0041b330 f   libevent:buffer.obj
 0001:0001a340       __evbuffer_testing_use_mmap 0041b340 f   libevent:buffer.obj
 0001:0001a350       __evbuffer_testing_use_linear_file_access 0041b350 f   libevent:buffer.obj
 0001:0001a3a0       _evbuffer_reserve_space    0041b3a0 f   libevent:buffer.obj
 0001:0001a4e0       _evbuffer_remove           0041b4e0 f   libevent:buffer.obj
 0001:0001a540       _evbuffer_add              0041b540 f   libevent:buffer.obj
 0001:0001a7d0       _evbuffer_search           0041b7d0 f   libevent:buffer.obj
 0001:0001a810       _evbuffer_add_file         0041b810 f   libevent:buffer.obj
 0001:0001a950       _evbuffer_setcb            0041b950 f   libevent:buffer.obj
 0001:0001a9b0       _evbuffer_defer_callbacks  0041b9b0 f   libevent:buffer.obj
 0001:0001aa00       _evbuffer_remove_buffer    0041ba00 f   libevent:buffer.obj
 0001:0001ac00       _evbuffer_search_eol       0041bc00 f   libevent:buffer.obj
 0001:0001ad70       _evbuffer_readln           0041bd70 f   libevent:buffer.obj
 0001:0001ae40       _evbuffer_find             0041be40 f   libevent:buffer.obj
 0001:0001aec0       _evbuffer_readline         0041bec0 f   libevent:buffer.obj
 0001:0001af50       _evconnlistener_free       0041bf50 f   libevent:listener.obj
 0001:0001afd0       _evconnlistener_enable     0041bfd0 f   libevent:listener.obj
 0001:0001b020       _evconnlistener_disable    0041c020 f   libevent:listener.obj
 0001:0001b090       _evconnlistener_get_fd     0041c090 f   libevent:listener.obj
 0001:0001b0e0       _evconnlistener_get_base   0041c0e0 f   libevent:listener.obj
 0001:0001b130       _evconnlistener_set_cb     0041c130 f   libevent:listener.obj
 0001:0001b190       _evconnlistener_set_error_cb 0041c190 f   libevent:listener.obj
 0001:0001ba70       _evconnlistener_new_async  0041ca70 f   libevent:listener.obj
 0001:0001bc70       _evconnlistener_new        0041cc70 f   libevent:listener.obj
 0001:0001bd50       _evconnlistener_new_bind   0041cd50 f   libevent:listener.obj
 0001:0001c230       _bufferevent_socket_new    0041d230 f   libevent:bufferevent_sock.obj
 0001:0001c310       _bufferevent_socket_get_dns_error 0041d310 f   libevent:bufferevent_sock.obj
 0001:0001c350       _bufferevent_new           0041d350 f   libevent:bufferevent_sock.obj
 0001:0001c640       _bufferevent_priority_set  0041d640 f   libevent:bufferevent_sock.obj
 0001:0001c6b0       _bufferevent_base_set      0041d6b0 f   libevent:bufferevent_sock.obj
 0001:0001c770       _bufferevent_socket_connect 0041d770 f   libevent:bufferevent_sock.obj
 0001:0001c9c0       _bufferevent_socket_connect_hostname 0041d9c0 f   libevent:bufferevent_sock.obj
 0001:0001cb00       _evutil_open_closeonexec   0041db00 f   libevent:evutil.obj
 0001:0001cb40       _evutil_read_file          0041db40 f   libevent:evutil.obj
 0001:0001cd30       _evutil_make_socket_nonblocking 0041dd30 f   libevent:evutil.obj
 0001:0001cd70       _evutil_make_listen_socket_reuseable 0041dd70 f   libevent:evutil.obj
 0001:0001cd80       _evutil_make_socket_closeonexec 0041dd80 f   libevent:evutil.obj
 0001:0001cd90       _evutil_closesocket        0041dd90 f   libevent:evutil.obj
 0001:0001cda0       _evutil_strtoll            0041dda0 f   libevent:evutil.obj
 0001:0001cdb0       _evutil_gettimeofday       0041ddb0 f   libevent:evutil.obj
 0001:0001cdf0       _evutil_socket_geterror    0041ddf0 f   libevent:evutil.obj
 0001:0001ce50       _evutil_socket_connect     0041de50 f   libevent:evutil.obj
 0001:0001cf00       _evutil_socket_finished_connecting 0041df00 f   libevent:evutil.obj
 0001:0001cf70       _evutil_addrinfo_append    0041df70 f   libevent:evutil.obj
 0001:0001d310       _evutil_freeaddrinfo       0041e310 f   libevent:evutil.obj
 0001:0001d350       _evutil_set_evdns_getaddrinfo_fn 0041e350 f   libevent:evutil.obj
 0001:0001d370       _evutil_gai_strerror       0041e370 f   libevent:evutil.obj
 0001:0001d450       _evutil_socket_error_to_string 0041e450 f   libevent:evutil.obj
 0001:0001d490       _evutil_vsnprintf          0041e490 f   libevent:evutil.obj
 0001:0001d4d0       _evutil_sockaddr_cmp       0041e4d0 f   libevent:evutil.obj
 0001:0001d5b0       _EVUTIL_ISALPHA            0041e5b0 f   libevent:evutil.obj
 0001:0001d5e0       _EVUTIL_ISALNUM            0041e5e0 f   libevent:evutil.obj
 0001:0001d610       _EVUTIL_ISSPACE            0041e610 f   libevent:evutil.obj
 0001:0001d640       _EVUTIL_ISDIGIT            0041e640 f   libevent:evutil.obj
 0001:0001d670       _EVUTIL_ISXDIGIT           0041e670 f   libevent:evutil.obj
 0001:0001d6a0       _EVUTIL_ISPRINT            0041e6a0 f   libevent:evutil.obj
 0001:0001d6d0       _EVUTIL_ISLOWER            0041e6d0 f   libevent:evutil.obj
 0001:0001d700       _EVUTIL_ISUPPER            0041e700 f   libevent:evutil.obj
 0001:0001d730       _EVUTIL_TOLOWER            0041e730 f   libevent:evutil.obj
 0001:0001d740       _EVUTIL_TOUPPER            0041e740 f   libevent:evutil.obj
 0001:0001d750       _evutil_ascii_strcasecmp   0041e750 f   libevent:evutil.obj
 0001:0001d7b0       _evutil_ascii_strncasecmp  0041e7b0 f   libevent:evutil.obj
 0001:0001d810       _evutil_getenv             0041e810 f   libevent:evutil.obj
 0001:0001d820       __evutil_weakrand          0041e820 f   libevent:evutil.obj
 0001:0001d830       _evutil_sockaddr_is_loopback 0041e830 f   libevent:evutil.obj
 0001:0001d8e0       _evutil_tv_to_msec         0041e8e0 f   libevent:evutil.obj
 0001:0001d920       _evutil_hex_char_to_int    0041e920 f   libevent:evutil.obj
 0001:0001da20       _evutil_load_windows_system_library 0041ea20 f   libevent:evutil.obj
 0001:0001db20       _evutil_ersatz_socketpair  0041eb20 f   libevent:evutil.obj
 0001:0001dd50       _evutil_new_addrinfo       0041ed50 f   libevent:evutil.obj
 0001:0001de90       _evutil_snprintf           0041ee90 f   libevent:evutil.obj
 0001:0001dee0       _evutil_inet_ntop          0041eee0 f   libevent:evutil.obj
 0001:0001e250       _evutil_inet_pton          0041f250 f   libevent:evutil.obj
 0001:0001e640       _evutil_parse_sockaddr_port 0041f640 f   libevent:evutil.obj
 0001:0001e870       _evutil_format_sockaddr_port 0041f870 f   libevent:evutil.obj
 0001:0001e970       _evutil_socketpair         0041f970 f   libevent:evutil.obj
 0001:0001ecc0       _evutil_getaddrinfo_common 0041fcc0 f   libevent:evutil.obj
 0001:0001efd0       _evutil_adjust_hints_for_addrconfig 0041ffd0 f   libevent:evutil.obj
 0001:0001f360       _evutil_getaddrinfo        00420360 f   libevent:evutil.obj
 0001:0001f4e0       _evutil_getaddrinfo_async  004204e0 f   libevent:evutil.obj
 0001:0001f850       __event_debug_map_HT_REP_IS_BAD 00420850 f   libevent:event.obj
 0001:0001fa50       _event_base_gettimeofday_cached 00420a50 f   libevent:event.obj
 0001:0001fbe0       _event_base_get_features   00420be0 f   libevent:event.obj
 0001:0001fbf0       _event_deferred_cb_queue_init 00420bf0 f   libevent:event.obj
 0001:0001fc20       _event_base_get_deferred_cb_queue 00420c20 f   libevent:event.obj
 0001:0001fc40       _event_enable_debug_mode   00420c40 f   libevent:event.obj
 0001:0001fcb0       _event_base_start_iocp     00420cb0 f   libevent:event.obj
 0001:0001fcf0       _event_base_stop_iocp      00420cf0 f   libevent:event.obj
 0001:0001fd70       _event_config_set_flag     00420d70 f   libevent:event.obj
 0001:0001fd90       _event_config_require_features 00420d90 f   libevent:event.obj
 0001:0001fdb0       _event_config_set_num_cpus_hint 00420db0 f   libevent:event.obj
 0001:0001ffd0       _event_base_get_method     00420fd0 f   libevent:event.obj
 0001:00020050       _event_base_got_break      00421050 f   libevent:event.obj
 0001:00020090       _event_base_got_exit       00421090 f   libevent:event.obj
 0001:000200d0       _event_base_set            004210d0 f   libevent:event.obj
 0001:000201a0       _event_priority_set        004211a0 f   libevent:event.obj
 0001:00020270       _event_pending             00421270 f   libevent:event.obj
 0001:000203b0       _event_initialized         004213b0 f   libevent:event.obj
 0001:000203d0       _event_get_assignment      004213d0 f   libevent:event.obj
 0001:000204c0       _event_get_struct_event_size 004214c0 f   libevent:event.obj
 0001:000204d0       _event_get_fd              004214d0 f   libevent:event.obj
 0001:00020580       _event_get_base            00421580 f   libevent:event.obj
 0001:00020630       _event_get_events          00421630 f   libevent:event.obj
 0001:000206e0       _event_get_callback        004216e0 f   libevent:event.obj
 0001:00020790       _event_get_callback_arg    00421790 f   libevent:event.obj
 0001:00020930       _event_deferred_cb_init    00421930 f   libevent:event.obj
 0001:00020950       _event_deferred_cb_cancel  00421950 f   libevent:event.obj
 0001:000209c0       _event_deferred_cb_schedule 004219c0 f   libevent:event.obj
 0001:00020de0       _event_get_version         00421de0 f   libevent:event.obj
 0001:00020df0       _event_get_version_number  00421df0 f   libevent:event.obj
 0001:00020e00       _event_get_method          00421e00 f   libevent:event.obj
 0001:00020e10       _event_mm_malloc_          00421e10 f   libevent:event.obj
 0001:00020e20       _event_mm_calloc_          00421e20 f   libevent:event.obj
 0001:00020e60       _event_mm_strdup_          00421e60 f   libevent:event.obj
 0001:00020eb0       _event_mm_realloc_         00421eb0 f   libevent:event.obj
 0001:00020ec0       _event_mm_free_            00421ec0 f   libevent:event.obj
 0001:00020ed0       _event_set_mem_functions   00421ed0 f   libevent:event.obj
 0001:00020f80       _event_base_dump_events    00421f80 f   libevent:event.obj
 0001:000210e0       _event_base_add_virtual    004220e0 f   libevent:event.obj
 0001:00021120       _event_base_del_virtual    00422120 f   libevent:event.obj
 0001:000211d0       _event_global_setup_locks_ 004221d0 f   libevent:event.obj
 0001:00021230       _event_base_assert_ok      00422230 f   libevent:event.obj
 0001:000216e0       _event_debug_map_HT_GROW   004226e0 f   libevent:event.obj
 0001:000218b0       _event_debug_map_HT_CLEAR  004228b0 f   libevent:event.obj
 0001:00021930       _event_get_supported_methods 00422930 f   libevent:event.obj
 0001:00021a10       _event_config_new          00422a10 f   libevent:event.obj
 0001:00021aa0       _event_config_free         00422aa0 f   libevent:event.obj
 0001:00021b30       _event_config_avoid_method 00422b30 f   libevent:event.obj
 0001:00021ba0       _event_base_priority_init  00422ba0 f   libevent:event.obj
 0001:00021c70       _event_base_loopbreak      00422c70 f   libevent:event.obj
 0001:00021ce0       _event_debug_unassign      00422ce0 f   libevent:event.obj
 0001:00022080       _event_priority_init       00423080 f   libevent:event.obj
 0001:000220a0       _event_loopbreak           004230a0 f   libevent:event.obj
 0001:000220f0       _event_assign              004230f0 f   libevent:event.obj
 0001:00022320       _event_set                 00423320 f   libevent:event.obj
 0001:000223b0       _event_new                 004233b0 f   libevent:event.obj
 0001:00022cf0       _event_del                 00423cf0 f   libevent:event.obj
 0001:00022d60       _event_active_nolock       00423d60 f   libevent:event.obj
 0001:00022f10       _event_base_free           00423f10 f   libevent:event.obj
 0001:00023450       _event_base_init_common_timeout 00424450 f   libevent:event.obj
 0001:00023ae0       _event_base_loop           00424ae0 f   libevent:event.obj
 0001:00023cd0       _event_free                00424cd0 f   libevent:event.obj
 0001:00023e40       _event_add                 00424e40 f   libevent:event.obj
 0001:00023eb0       _event_active              00424eb0 f   libevent:event.obj
 0001:00023fb0       _evthread_make_base_notifiable 00424fb0 f   libevent:event.obj
 0001:00024080       _event_base_new_with_config 00425080 f   libevent:event.obj
 0001:00024300       _event_reinit              00425300 f   libevent:event.obj
 0001:000244e0       _event_base_dispatch       004254e0 f   libevent:event.obj
 0001:000244f0       _event_loop                004254f0 f   libevent:event.obj
 0001:00024510       _event_base_once           00425510 f   libevent:event.obj
 0001:00024640       _event_init                00425640 f   libevent:event.obj
 0001:00024670       _event_base_new            00425670 f   libevent:event.obj
 0001:000246d0       _event_dispatch            004256d0 f   libevent:event.obj
 0001:000246f0       _event_base_loopexit       004256f0 f   libevent:event.obj
 0001:00024710       _event_once                00425710 f   libevent:event.obj
 0001:00024740       _event_loopexit            00425740 f   libevent:event.obj
 0001:00024760       _event_set_fatal_callback  00425760 f   libevent:log.obj
 0001:000247a0       _event_set_log_callback    004257a0 f   libevent:log.obj
 0001:000248c0       _event_err                 004258c0 f   libevent:log.obj
 0001:00024920       _event_warn                00425920 f   libevent:log.obj
 0001:00024950       _event_sock_err            00425950 f   libevent:log.obj
 0001:000249b0       _event_sock_warn           004259b0 f   libevent:log.obj
 0001:000249e0       _event_errx                004259e0 f   libevent:log.obj
 0001:00024a30       _event_warnx               00425a30 f   libevent:log.obj
 0001:00024a50       _event_msgx                00425a50 f   libevent:log.obj
 0001:00024a70       __event_debugx             00425a70 f   libevent:log.obj
 0001:00024a90       _evthread_set_id_callback  00425a90 f   libevent:evthread.obj
 0001:00024aa0       _evthread_set_lock_callbacks 00425aa0 f   libevent:evthread.obj
 0001:00024b80       _evthread_set_condition_callbacks 00425b80 f   libevent:evthread.obj
 0001:00025130       __evthread_is_debug_lock_held 00426130 f   libevent:evthread.obj
 0001:00025160       __evthread_debug_get_real_lock 00426160 f   libevent:evthread.obj
 0001:00025170       _evthread_setup_global_lock_ 00426170 f   libevent:evthread.obj
 0001:00025400       __evthreadimpl_get_id      00426400 f   libevent:evthread.obj
 0001:00025420       __evthreadimpl_lock_alloc  00426420 f   libevent:evthread.obj
 0001:00025430       __evthreadimpl_lock_free   00426430 f   libevent:evthread.obj
 0001:00025440       __evthreadimpl_lock_lock   00426440 f   libevent:evthread.obj
 0001:00025450       __evthreadimpl_lock_unlock 00426450 f   libevent:evthread.obj
 0001:00025460       __evthreadimpl_cond_alloc  00426460 f   libevent:evthread.obj
 0001:00025470       __evthreadimpl_cond_free   00426470 f   libevent:evthread.obj
 0001:00025480       __evthreadimpl_cond_signal 00426480 f   libevent:evthread.obj
 0001:00025490       __evthreadimpl_cond_wait   00426490 f   libevent:evthread.obj
 0001:000254a0       __evthreadimpl_is_lock_debugging_enabled 004264a0 f   libevent:evthread.obj
 0001:000254b0       __evthreadimpl_locking_enabled 004264b0 f   libevent:evthread.obj
 0001:000255b0       _evthread_enable_lock_debuging 004265b0 f   libevent:evthread.obj
 0001:000256d0       _ev_token_bucket_init      004266d0 f   libevent:bufferevent_ratelim.obj
 0001:00025730       _ev_token_bucket_update    00426730 f   libevent:bufferevent_ratelim.obj
 0001:000257c0       _ev_token_bucket_get_tick  004267c0 f   libevent:bufferevent_ratelim.obj
 0001:00025810       _ev_token_bucket_cfg_new   00426810 f   libevent:bufferevent_ratelim.obj
 0001:000258f0       _ev_token_bucket_cfg_free  004268f0 f   libevent:bufferevent_ratelim.obj
 0001:00025e10       _bufferevent_set_rate_limit 00426e10 f   libevent:bufferevent_ratelim.obj
 0001:00026040       _bufferevent_rate_limit_group_set_min_share 00427040 f   libevent:bufferevent_ratelim.obj
 0001:00026070       _bufferevent_rate_limit_group_free 00427070 f   libevent:bufferevent_ratelim.obj
 0001:00026130       _bufferevent_remove_from_rate_limit_group_internal 00427130 f   libevent:bufferevent_ratelim.obj
 0001:00026200       _bufferevent_rate_limit_group_get_read_limit 00427200 f   libevent:bufferevent_ratelim.obj
 0001:00026240       _bufferevent_rate_limit_group_get_write_limit 00427240 f   libevent:bufferevent_ratelim.obj
 0001:00026280       _bufferevent_decrement_read_limit 00427280 f   libevent:bufferevent_ratelim.obj
 0001:000263a0       _bufferevent_decrement_write_limit 004273a0 f   libevent:bufferevent_ratelim.obj
 0001:000264c0       _bufferevent_rate_limit_group_decrement_read 004274c0 f   libevent:bufferevent_ratelim.obj
 0001:00026520       _bufferevent_rate_limit_group_decrement_write 00427520 f   libevent:bufferevent_ratelim.obj
 0001:00026580       _bufferevent_rate_limit_group_get_totals 00427580 f   libevent:bufferevent_ratelim.obj
 0001:00026610       _bufferevent_rate_limit_group_reset_totals 00427610 f   libevent:bufferevent_ratelim.obj
 0001:00026780       __bufferevent_get_read_max 00427780 f   libevent:bufferevent_ratelim.obj
 0001:00026820       __bufferevent_get_write_max 00427820 f   libevent:bufferevent_ratelim.obj
 0001:000268c0       __bufferevent_decrement_read_buckets 004278c0 f   libevent:bufferevent_ratelim.obj
 0001:000269d0       __bufferevent_decrement_write_buckets 004279d0 f   libevent:bufferevent_ratelim.obj
 0001:00026ae0       _bufferevent_rate_limit_group_new 00427ae0 f   libevent:bufferevent_ratelim.obj
 0001:00026be0       _bufferevent_rate_limit_group_set_cfg 00427be0 f   libevent:bufferevent_ratelim.obj
 0001:00026cb0       _bufferevent_remove_from_rate_limit_group 00427cb0 f   libevent:bufferevent_ratelim.obj
 0001:00026cc0       _bufferevent_get_read_limit 00427cc0 f   libevent:bufferevent_ratelim.obj
 0001:00026d20       _bufferevent_get_write_limit 00427d20 f   libevent:bufferevent_ratelim.obj
 0001:00026d80       _bufferevent_get_max_to_read 00427d80 f   libevent:bufferevent_ratelim.obj
 0001:00026dc0       _bufferevent_get_max_to_write 00427dc0 f   libevent:bufferevent_ratelim.obj
 0001:00026e00       _bufferevent_add_to_rate_limit_group 00427e00 f   libevent:bufferevent_ratelim.obj
 0001:00026f40       _event_overlapped_init     00427f40 f   libevent:event_iocp.obj
 0001:000270a0       _event_iocp_port_associate 004280a0 f   libevent:event_iocp.obj
 0001:000272b0       _event_get_win32_extension_fns 004282b0 f   libevent:event_iocp.obj
 0001:000272c0       _event_iocp_port_launch    004282c0 f   libevent:event_iocp.obj
 0001:00027430       _event_iocp_shutdown       00428430 f   libevent:event_iocp.obj
 0001:000274c0       _event_iocp_activate_overlapped 004284c0 f   libevent:event_iocp.obj
 0001:000274f0       _event_base_get_iocp       004284f0 f   libevent:event_iocp.obj
 0001:00027ef0       _bufferevent_async_set_connected 00428ef0 f   libevent:bufferevent_async.obj
 0001:00027f30       _bufferevent_async_can_connect 00428f30 f   libevent:bufferevent_async.obj
 0001:00027f70       _bufferevent_async_connect 00428f70 f   libevent:bufferevent_async.obj
 0001:00028340       _bufferevent_async_new     00429340 f   libevent:bufferevent_async.obj
 0001:000284a0       __event_strlcpy            004294a0 f   libevent:strlcpy.obj
 0001:00028ed0       _evutil_secure_rng_global_setup_locks_ 00429ed0 f   libevent:evutil_rand.obj
 0001:00029130       _evutil_secure_rng_init    0042a130 f   libevent:evutil_rand.obj
 0001:000291a0       _evutil_secure_rng_get_bytes 0042a1a0 f   libevent:evutil_rand.obj
 0001:000291b0       _evutil_secure_rng_add_bytes 0042a1b0 f   libevent:evutil_rand.obj
 0001:000291d0       _evsig_set_base            0042a1d0 f   libevent:signal.obj
 0001:00029310       _evsig_init                0042a310 f   libevent:signal.obj
 0001:000293b0       __evsig_set_handler        0042a3b0 f   libevent:signal.obj
 0001:00029490       __evsig_restore_handler    0042a490 f   libevent:signal.obj
 0001:00029640       _evsig_dealloc             0042a640 f   libevent:signal.obj
 0001:00029740       _evsig_global_setup_locks_ 0042a740 f   libevent:signal.obj
 0001:00029a50       _event_io_map_HT_GROW      0042aa50 f   libevent:evmap.obj
 0001:00029c00       _event_io_map_HT_CLEAR     0042ac00 f   libevent:evmap.obj
 0001:00029c40       __event_io_map_HT_REP_IS_BAD 0042ac40 f   libevent:evmap.obj
 0001:00029da0       _evmap_io_initmap          0042ada0 f   libevent:evmap.obj
 0001:00029dc0       _evmap_io_clear            0042adc0 f   libevent:evmap.obj
 0001:00029ef0       _evmap_signal_initmap      0042aef0 f   libevent:evmap.obj
 0001:00029f10       _evmap_signal_clear        0042af10 f   libevent:evmap.obj
 0001:00029f80       _evmap_io_add              0042af80 f   libevent:evmap.obj
 0001:0002a1c0       _evmap_io_del              0042b1c0 f   libevent:evmap.obj
 0001:0002a400       _evmap_io_active           0042b400 f   libevent:evmap.obj
 0001:0002a500       _evmap_signal_add          0042b500 f   libevent:evmap.obj
 0001:0002a5d0       _evmap_signal_del          0042b5d0 f   libevent:evmap.obj
 0001:0002a660       _evmap_signal_active       0042b660 f   libevent:evmap.obj
 0001:0002a700       _evmap_io_get_fdinfo       0042b700 f   libevent:evmap.obj
 0001:0002a750       _event_changelist_init     0042b750 f   libevent:evmap.obj
 0001:0002a7d0       _event_changelist_remove_all 0042b7d0 f   libevent:evmap.obj
 0001:0002a880       _event_changelist_freemem  0042b880 f   libevent:evmap.obj
 0001:0002aa30       _event_changelist_add      0042ba30 f   libevent:evmap.obj
 0001:0002aa80       _event_changelist_del      0042ba80 f   libevent:evmap.obj
 0001:0002aaf0       _evmap_check_integrity     0042baf0 f   libevent:evmap.obj
 0001:0002b0a0       _evbuffer_commit_read      0042c0a0 f   libevent:buffer_iocp.obj
 0001:0002b270       _evbuffer_commit_write     0042c270 f   libevent:buffer_iocp.obj
 0001:0002b330       _evbuffer_overlapped_new   0042c330 f   libevent:buffer_iocp.obj
 0001:0002b370       _evbuffer_launch_write     0042c370 f   libevent:buffer_iocp.obj
 0001:0002b520       _evbuffer_launch_read      0042c520 f   libevent:buffer_iocp.obj
 0001:0002b760       __evbuffer_overlapped_get_fd 0042c760 f   libevent:buffer_iocp.obj
 0001:0002b780       __evbuffer_overlapped_set_fd 0042c780 f   libevent:buffer_iocp.obj
 0001:0002b7ce       ??3@YAXPAX@Z               0042c7ce f   mfc90d:mfc90d.dll
 0001:0002b7d4       ?GetConnectionHook@CCmdTarget@@MAEPAUIConnectionPoint@@ABU_GUID@@@Z 0042c7d4 f   mfc90d:mfc90d.dll
 0001:0002b7da       ?GetExtraConnectionPoints@CCmdTarget@@MAEHPAVCPtrArray@@@Z 0042c7da f   mfc90d:mfc90d.dll
 0001:0002b7e0       ?GetInterfaceHook@CCmdTarget@@UAEPAUIUnknown@@PBX@Z 0042c7e0 f   mfc90d:mfc90d.dll
 0001:0002b7e6       ?OnCreateAggregates@CCmdTarget@@UAEHXZ 0042c7e6 f   mfc90d:mfc90d.dll
 0001:0002b7ec       ?GetEventSinkMap@CCmdTarget@@MBEPBUAFX_EVENTSINKMAP@@XZ 0042c7ec f   mfc90d:mfc90d.dll
 0001:0002b7f2       ?GetConnectionMap@CCmdTarget@@MBEPBUAFX_CONNECTIONMAP@@XZ 0042c7f2 f   mfc90d:mfc90d.dll
 0001:0002b7f8       ?GetDispatchMap@CCmdTarget@@MBEPBUAFX_DISPMAP@@XZ 0042c7f8 f   mfc90d:mfc90d.dll
 0001:0002b7fe       ?GetCommandMap@CCmdTarget@@MBEPBUAFX_OLECMDMAP@@XZ 0042c7fe f   mfc90d:mfc90d.dll
 0001:0002b804       ?GetTypeLib@CCmdTarget@@UAEJKPAPAUITypeLib@@@Z 0042c804 f   mfc90d:mfc90d.dll
 0001:0002b80a       ?GetTypeLibCache@CCmdTarget@@UAEPAVCTypeLibCache@@XZ 0042c80a f   mfc90d:mfc90d.dll
 0001:0002b810       ?GetTypeInfoCount@CCmdTarget@@UAEIXZ 0042c810 f   mfc90d:mfc90d.dll
 0001:0002b816       ?GetDispatchIID@CCmdTarget@@UAEHPAU_GUID@@@Z 0042c816 f   mfc90d:mfc90d.dll
 0001:0002b81c       ?IsInvokeAllowed@CCmdTarget@@UAEHJ@Z 0042c81c f   mfc90d:mfc90d.dll
 0001:0002b822       ?DDX_Control@@YGXPAVCDataExchange@@HAAVCWnd@@@Z 0042c822 f   mfc90d:mfc90d.dll
 0001:0002b828       ??1CComboBox@@UAE@XZ       0042c828 f   mfc90d:mfc90d.dll
 0001:0002b82e       ?InsertString@CComboBox@@QAEHHPBD@Z 0042c82e f   mfc90d:mfc90d.dll
 0001:0002b834       ?SetCurSel@CComboBox@@QAEHH@Z 0042c834 f   mfc90d:mfc90d.dll
 0001:0002b83a       ??0CComboBox@@QAE@XZ       0042c83a f   mfc90d:mfc90d.dll
 0001:0002b840       ?Serialize@CObject@@UAEXAAVCArchive@@@Z 0042c840 f   mfc90d:mfc90d.dll
 0001:0002b846       ??3CObject@@SGXPAX@Z       0042c846 f   mfc90d:mfc90d.dll
 0001:0002b84c       ?GetThisMessageMap@CDialog@@KGPBUAFX_MSGMAP@@XZ 0042c84c f   mfc90d:mfc90d.dll
 0001:0002b852       ?PreInitDialog@CDialog@@MAEXXZ 0042c852 f   mfc90d:mfc90d.dll
 0001:0002b858       ?GetOccDialogInfo@CDialog@@MAEPAU_AFX_OCC_DIALOG_INFO@@XZ 0042c858 f   mfc90d:mfc90d.dll
 0001:0002b85e       ?SetOccDialogInfo@CDialog@@MAEHPAU_AFX_OCC_DIALOG_INFO@@@Z 0042c85e f   mfc90d:mfc90d.dll
 0001:0002b864       ?CheckAutoCenter@CDialog@@UAEHXZ 0042c864 f   mfc90d:mfc90d.dll
 0001:0002b86a       ?OnCmdMsg@CDialog@@UAEHIHPAXPAUAFX_CMDHANDLERINFO@@@Z 0042c86a f   mfc90d:mfc90d.dll
 0001:0002b870       ?PreTranslateMessage@CDialog@@UAEHPAUtagMSG@@@Z 0042c870 f   mfc90d:mfc90d.dll
 0001:0002b876       ?Dump@CDialog@@UBEXAAVCDumpContext@@@Z 0042c876 f   mfc90d:mfc90d.dll
 0001:0002b87c       ?AssertValid@CDialog@@UBEXXZ 0042c87c f   mfc90d:mfc90d.dll
 0001:0002b882       ??1CDialog@@UAE@XZ         0042c882 f   mfc90d:mfc90d.dll
 0001:0002b888       ?OnCancel@CDialog@@MAEXXZ  0042c888 f   mfc90d:mfc90d.dll
 0001:0002b88e       ?OnOK@CDialog@@MAEXXZ      0042c88e f   mfc90d:mfc90d.dll
 0001:0002b894       ?OnSetFont@CDialog@@UAEXPAVCFont@@@Z 0042c894 f   mfc90d:mfc90d.dll
 0001:0002b89a       ?OnInitDialog@CDialog@@UAEHXZ 0042c89a f   mfc90d:mfc90d.dll
 0001:0002b8a0       ?DoModal@CDialog@@UAEHXZ   0042c8a0 f   mfc90d:mfc90d.dll
 0001:0002b8a6       ?CreateIndirect@CDialog@@UAEHPBUDLGTEMPLATE@@PAVCWnd@@PAX@Z 0042c8a6 f   mfc90d:mfc90d.dll
 0001:0002b8ac       ?CreateIndirect@CDialog@@UAEHPAXPAVCWnd@@@Z 0042c8ac f   mfc90d:mfc90d.dll
 0001:0002b8b2       ?Create@CDialog@@UAEHPBDPAVCWnd@@@Z 0042c8b2 f   mfc90d:mfc90d.dll
 0001:0002b8b8       ?Create@CDialog@@UAEHIPAVCWnd@@@Z 0042c8b8 f   mfc90d:mfc90d.dll
 0001:0002b8be       ??0CDialog@@QAE@IPAVCWnd@@@Z 0042c8be f   mfc90d:mfc90d.dll
 0001:0002b8c4       ?GetThisClass@CDialog@@SGPAUCRuntimeClass@@XZ 0042c8c4 f   mfc90d:mfc90d.dll
 0001:0002b8ca       ?DDX_Text@@YGXPAVCDataExchange@@HAAV?$CStringT@DV?$StrTraitMFC_DLL@DV?$ChTraitsCRT@D@ATL@@@@@ATL@@@Z 0042c8ca f   mfc90d:mfc90d.dll
 0001:0002b8d0       ?CreateControlSite@CWnd@@MAEHPAVCOleControlContainer@@PAPAVCOleControlSite@@IABU_GUID@@@Z 0042c8d0 f   mfc90d:mfc90d.dll
 0001:0002b8d6       ?CreateControlContainer@CWnd@@MAEHPAPAVCOleControlContainer@@@Z 0042c8d6 f   mfc90d:mfc90d.dll
 0001:0002b8dc       ?OnFinalRelease@CWnd@@UAEXXZ 0042c8dc f   mfc90d:mfc90d.dll
 0001:0002b8e2       ?IsFrameWnd@CWnd@@UBEHXZ   0042c8e2 f   mfc90d:mfc90d.dll
 0001:0002b8e8       ?OnChildNotify@CWnd@@MAEHIIJPAJ@Z 0042c8e8 f   mfc90d:mfc90d.dll
 0001:0002b8ee       ?PostNcDestroy@CWnd@@MAEXXZ 0042c8ee f   mfc90d:mfc90d.dll
 0001:0002b8f4       ?DefWindowProcA@CWnd@@MAEJIIJ@Z 0042c8f4 f   mfc90d:mfc90d.dll
 0001:0002b8fa       ?OnWndMsg@CWnd@@MAEHIIJPAJ@Z 0042c8fa f   mfc90d:mfc90d.dll
 0001:0002b900       ?WindowProc@CWnd@@MAEJIIJ@Z 0042c900 f   mfc90d:mfc90d.dll
 0001:0002b906       ?OnAmbientProperty@CWnd@@UAEHPAVCOleControlSite@@JPAUtagVARIANT@@@Z 0042c906 f   mfc90d:mfc90d.dll
 0001:0002b90c       ?EndModalState@CWnd@@UAEXXZ 0042c90c f   mfc90d:mfc90d.dll
 0001:0002b912       ?BeginModalState@CWnd@@UAEXXZ 0042c912 f   mfc90d:mfc90d.dll
 0001:0002b918       ?DoDataExchange@CWnd@@MAEXPAVCDataExchange@@@Z 0042c918 f   mfc90d:mfc90d.dll
 0001:0002b91e       ?GetSuperWndProcAddr@CWnd@@MAEPAP6GJPAUHWND__@@IIJ@ZXZ 0042c91e f   mfc90d:mfc90d.dll
 0001:0002b924       ?OnNotify@CWnd@@MAEHIJPAJ@Z 0042c924 f   mfc90d:mfc90d.dll
 0001:0002b92a       ?OnCommand@CWnd@@MAEHIJ@Z  0042c92a f   mfc90d:mfc90d.dll
 0001:0002b930       ?CreateAccessibleProxy@CWnd@@UAEJIJPAJ@Z 0042c930 f   mfc90d:mfc90d.dll
 0001:0002b936       ?SetProxy@CWnd@@UAEJPAUIAccessibleProxy@@@Z 0042c936 f   mfc90d:mfc90d.dll
 0001:0002b93c       ?put_accValue@CWnd@@UAEJUtagVARIANT@@PA_W@Z 0042c93c f   mfc90d:mfc90d.dll
 0001:0002b942       ?put_accName@CWnd@@UAEJUtagVARIANT@@PA_W@Z 0042c942 f   mfc90d:mfc90d.dll
 0001:0002b948       ?accDoDefaultAction@CWnd@@UAEJUtagVARIANT@@@Z 0042c948 f   mfc90d:mfc90d.dll
 0001:0002b94e       ?accHitTest@CWnd@@UAEJJJPAUtagVARIANT@@@Z 0042c94e f   mfc90d:mfc90d.dll
 0001:0002b954       ?accNavigate@CWnd@@UAEJJUtagVARIANT@@PAU2@@Z 0042c954 f   mfc90d:mfc90d.dll
 0001:0002b95a       ?accLocation@CWnd@@UAEJPAJ000UtagVARIANT@@@Z 0042c95a f   mfc90d:mfc90d.dll
 0001:0002b960       ?accSelect@CWnd@@UAEJJUtagVARIANT@@@Z 0042c960 f   mfc90d:mfc90d.dll
 0001:0002b966       ?get_accDefaultAction@CWnd@@UAEJUtagVARIANT@@PAPA_W@Z 0042c966 f   mfc90d:mfc90d.dll
 0001:0002b96c       ?get_accSelection@CWnd@@UAEJPAUtagVARIANT@@@Z 0042c96c f   mfc90d:mfc90d.dll
 0001:0002b972       ?get_accFocus@CWnd@@UAEJPAUtagVARIANT@@@Z 0042c972 f   mfc90d:mfc90d.dll
 0001:0002b978       ?get_accKeyboardShortcut@CWnd@@UAEJUtagVARIANT@@PAPA_W@Z 0042c978 f   mfc90d:mfc90d.dll
 0001:0002b97e       ?get_accHelpTopic@CWnd@@UAEJPAPA_WUtagVARIANT@@PAJ@Z 0042c97e f   mfc90d:mfc90d.dll
 0001:0002b984       ?get_accHelp@CWnd@@UAEJUtagVARIANT@@PAPA_W@Z 0042c984 f   mfc90d:mfc90d.dll
 0001:0002b98a       ?get_accState@CWnd@@UAEJUtagVARIANT@@PAU2@@Z 0042c98a f   mfc90d:mfc90d.dll
 0001:0002b990       ?get_accRole@CWnd@@UAEJUtagVARIANT@@PAU2@@Z 0042c990 f   mfc90d:mfc90d.dll
 0001:0002b996       ?get_accDescription@CWnd@@UAEJUtagVARIANT@@PAPA_W@Z 0042c996 f   mfc90d:mfc90d.dll
 0001:0002b99c       ?get_accValue@CWnd@@UAEJUtagVARIANT@@PAPA_W@Z 0042c99c f   mfc90d:mfc90d.dll
 0001:0002b9a2       ?get_accName@CWnd@@UAEJUtagVARIANT@@PAPA_W@Z 0042c9a2 f   mfc90d:mfc90d.dll
 0001:0002b9a8       ?get_accChild@CWnd@@UAEJUtagVARIANT@@PAPAUIDispatch@@@Z 0042c9a8 f   mfc90d:mfc90d.dll
 0001:0002b9ae       ?get_accChildCount@CWnd@@UAEJPAJ@Z 0042c9ae f   mfc90d:mfc90d.dll
 0001:0002b9b4       ?get_accParent@CWnd@@UAEJPAPAUIDispatch@@@Z 0042c9b4 f   mfc90d:mfc90d.dll
 0001:0002b9ba       ?EnsureStdObj@CWnd@@UAEJXZ 0042c9ba f   mfc90d:mfc90d.dll
 0001:0002b9c0       ?GetInterfaceMap@CWnd@@MBEPBUAFX_INTERFACEMAP@@XZ 0042c9c0 f   mfc90d:mfc90d.dll
 0001:0002b9c6       ?EndModalLoop@CWnd@@UAEXH@Z 0042c9c6 f   mfc90d:mfc90d.dll
 0001:0002b9cc       ?ContinueModal@CWnd@@UAEHXZ 0042c9cc f   mfc90d:mfc90d.dll
 0001:0002b9d2       ?WinHelpInternal@CWnd@@UAEXKI@Z 0042c9d2 f   mfc90d:mfc90d.dll
 0001:0002b9d8       ?HtmlHelpA@CWnd@@UAEXKI@Z  0042c9d8 f   mfc90d:mfc90d.dll
 0001:0002b9de       ?WinHelpA@CWnd@@UAEXKI@Z   0042c9de f   mfc90d:mfc90d.dll
 0001:0002b9e4       ?UpdateData@CWnd@@QAEHH@Z  0042c9e4 f   mfc90d:mfc90d.dll
 0001:0002b9ea       ?GetScrollBarCtrl@CWnd@@UBEPAVCScrollBar@@H@Z 0042c9ea f   mfc90d:mfc90d.dll
 0001:0002b9f0       ?OnToolHitTest@CWnd@@UBEHVCPoint@@PAUtagTOOLINFOA@@@Z 0042c9f0 f   mfc90d:mfc90d.dll
 0001:0002b9f6       ?SetMenu@CWnd@@UAEHPAVCMenu@@@Z 0042c9f6 f   mfc90d:mfc90d.dll
 0001:0002b9fc       ?GetMenu@CWnd@@UBEPAVCMenu@@XZ 0042c9fc f   mfc90d:mfc90d.dll
 0001:0002ba02       ?GetWindowTextA@CWnd@@QBEHPADH@Z 0042ca02 f   mfc90d:mfc90d.dll
 0001:0002ba08       ?CalcWindowRect@CWnd@@UAEXPAUtagRECT@@I@Z 0042ca08 f   mfc90d:mfc90d.dll
 0001:0002ba0e       ?PreCreateWindow@CWnd@@UAEHAAUtagCREATESTRUCTA@@@Z 0042ca0e f   mfc90d:mfc90d.dll
 0001:0002ba14       ?DestroyWindow@CWnd@@UAEHXZ 0042ca14 f   mfc90d:mfc90d.dll
 0001:0002ba1a       ?CreateEx@CWnd@@UAEHKPBD0KHHHHPAUHWND__@@PAUHMENU__@@PAX@Z 0042ca1a f   mfc90d:mfc90d.dll
 0001:0002ba20       ?CreateEx@CWnd@@UAEHKPBD0KABUtagRECT@@PAV1@IPAX@Z 0042ca20 f   mfc90d:mfc90d.dll
 0001:0002ba26       ?Create@CWnd@@UAEHPBD0KABUtagRECT@@PAV1@IPAUCCreateContext@@@Z 0042ca26 f   mfc90d:mfc90d.dll
 0001:0002ba2c       ?PreSubclassWindow@CWnd@@UAEXXZ 0042ca2c f   mfc90d:mfc90d.dll
 0001:0002ba32       ?OnCmdMsg@CCmdTarget@@UAEHIHPAXPAUAFX_CMDHANDLERINFO@@@Z 0042ca32 f   mfc90d:mfc90d.dll
 0001:0002ba38       ?GetThisEventSinkMap@CCmdTarget@@KGPBUAFX_EVENTSINKMAP@@XZ 0042ca38 f   mfc90d:mfc90d.dll
 0001:0002ba3e       ??_U@YAPAXI@Z              0042ca3e f   mfc90d:mfc90d.dll
 0001:0002ba44       ??_U@YAPAXIPBDH@Z          0042ca44 f   mfc90d:mfc90d.dll
 0001:0002ba4a       ?AfxAssertValidObject@@YGXPBVCObject@@PBDH@Z 0042ca4a f   mfc90d:mfc90d.dll
 0001:0002ba50       ?AfxThrowMemoryException@@YGXXZ 0042ca50 f   mfc90d:mfc90d.dll
 0001:0002ba56       ?AfxAssertFailedLine@@YGHPBDH@Z 0042ca56 f   mfc90d:mfc90d.dll
 0001:0002ba5c       ??_V@YAXPAX@Z              0042ca5c f   mfc90d:mfc90d.dll
 0001:0002ba62       ?AfxThrowInvalidArgException@@YGXXZ 0042ca62 f   mfc90d:mfc90d.dll
 0001:0002ba68       ??2@YAPAXI@Z               0042ca68 f   mfc90d:mfc90d.dll
 0001:0002ba6e       ??6CDumpContext@@QAEAAV0@PBD@Z 0042ca6e f   mfc90d:mfc90d.dll
 0001:0002ba74       ??6CDumpContext@@QAEAAV0@H@Z 0042ca74 f   mfc90d:mfc90d.dll
 0001:0002ba7a       ?GetDepth@CDumpContext@@QBEHXZ 0042ca7a f   mfc90d:mfc90d.dll
 0001:0002ba80       ?Dump@CObject@@UBEXAAVCDumpContext@@@Z 0042ca80 f   mfc90d:mfc90d.dll
 0001:0002ba86       ?AssertValid@CObject@@UBEXXZ 0042ca86 f   mfc90d:mfc90d.dll
 0001:0002ba8c       ??0CObject@@IAE@XZ         0042ca8c f   mfc90d:mfc90d.dll
 0001:0002ba92       ??1CObject@@UAE@XZ         0042ca92 f   mfc90d:mfc90d.dll
 0001:0002ba98       ?GetRuntimeClass@CObject@@UBEPAUCRuntimeClass@@XZ 0042ca98 f   mfc90d:mfc90d.dll
 0001:0002ba9e       ?AfxIsValidAddress@@YGHPBXIH@Z 0042ca9e f   mfc90d:mfc90d.dll
 0001:0002baa4       ?WriteCount@CArchive@@QAEXK@Z 0042caa4 f   mfc90d:mfc90d.dll
 0001:0002baaa       ?ReadCount@CArchive@@QAEKXZ 0042caaa f   mfc90d:mfc90d.dll
 0001:0002bab0       ?Write@CArchive@@QAEXPBXI@Z 0042cab0 f   mfc90d:mfc90d.dll
 0001:0002bab6       ?EnsureRead@CArchive@@QAEXPAXI@Z 0042cab6 f   mfc90d:mfc90d.dll
 0001:0002babc       ?IsStoring@CArchive@@QBEHXZ 0042cabc f   mfc90d:mfc90d.dll
 0001:0002bac2       ?AfxIsValidString@@YGHPBDH@Z 0042cac2 f   mfc90d:mfc90d.dll
 0001:0002bac8       ?AfxGetApp@@YGPAVCWinApp@@XZ 0042cac8 f   mfc90d:mfc90d.dll
 0001:0002bace       ?AfxMessageBox@@YGHPBDII@Z 0042cace f   mfc90d:mfc90d.dll
 0001:0002bad4       ??1CEdit@@UAE@XZ           0042cad4 f   mfc90d:mfc90d.dll
 0001:0002bada       ??0CEdit@@QAE@XZ           0042cada f   mfc90d:mfc90d.dll
 0001:0002bae0       ?GetRuntimeClass@CDialog@@UBEPAUCRuntimeClass@@XZ 0042cae0 f   mfc90d:mfc90d.dll
 0001:0002bae6       ?GetDlgItemTextA@CWnd@@QBEHHPADH@Z 0042cae6 f   mfc90d:mfc90d.dll
 0001:0002baec       ?SetWindowTextA@CWnd@@QAEXPBD@Z 0042caec f   mfc90d:mfc90d.dll
 0001:0002baf2       ?GetInterfaceMap@CCmdTarget@@MBEPBUAFX_INTERFACEMAP@@XZ 0042caf2 f   mfc90d:mfc90d.dll
 0001:0002baf8       ?OnFinalRelease@CCmdTarget@@UAEXXZ 0042caf8 f   mfc90d:mfc90d.dll
 0001:0002bafe       ?LoadSysPolicies@CWinApp@@UAEHXZ 0042cafe f   mfc90d:mfc90d.dll
 0001:0002bb04       ?GetThisMessageMap@CWinApp@@KGPBUAFX_MSGMAP@@XZ 0042cb04 f   mfc90d:mfc90d.dll
 0001:0002bb0a       ?Dump@CWinApp@@UBEXAAVCDumpContext@@@Z 0042cb0a f   mfc90d:mfc90d.dll
 0001:0002bb10       ?AssertValid@CWinApp@@UBEXXZ 0042cb10 f   mfc90d:mfc90d.dll
 0001:0002bb16       ??1CWinApp@@UAE@XZ         0042cb16 f   mfc90d:mfc90d.dll
 0001:0002bb1c       ?LoadAppLangResourceDLL@CWinApp@@UAEPAUHINSTANCE__@@XZ 0042cb1c f   mfc90d:mfc90d.dll
 0001:0002bb22       ?ProcessWndProcException@CWinApp@@UAEJPAVCException@@PBUtagMSG@@@Z 0042cb22 f   mfc90d:mfc90d.dll
 0001:0002bb28       ?OnIdle@CWinApp@@UAEHJ@Z   0042cb28 f   mfc90d:mfc90d.dll
 0001:0002bb2e       ?Run@CWinApp@@UAEHXZ       0042cb2e f   mfc90d:mfc90d.dll
 0001:0002bb34       ?ExitInstance@CWinApp@@UAEHXZ 0042cb34 f   mfc90d:mfc90d.dll
 0001:0002bb3a       ?InitInstance@CWinApp@@UAEHXZ 0042cb3a f   mfc90d:mfc90d.dll
 0001:0002bb40       ?OnHelp@CWinApp@@IAEXXZ    0042cb40 f   mfc90d:mfc90d.dll
 0001:0002bb46       ?WinHelpInternal@CWinApp@@UAEXKI@Z 0042cb46 f   mfc90d:mfc90d.dll
 0001:0002bb4c       ?HtmlHelpA@CWinApp@@UAEXKI@Z 0042cb4c f   mfc90d:mfc90d.dll
 0001:0002bb52       ?WinHelpA@CWinApp@@UAEXKI@Z 0042cb52 f   mfc90d:mfc90d.dll
 0001:0002bb58       ?OnDDECommand@CWinApp@@UAEHPAD@Z 0042cb58 f   mfc90d:mfc90d.dll
 0001:0002bb5e       ?DoWaitCursor@CWinApp@@UAEXH@Z 0042cb5e f   mfc90d:mfc90d.dll
 0001:0002bb64       ?DoMessageBox@CWinApp@@UAEHPBDII@Z 0042cb64 f   mfc90d:mfc90d.dll
 0001:0002bb6a       ?SaveAllModified@CWinApp@@UAEHXZ 0042cb6a f   mfc90d:mfc90d.dll
 0001:0002bb70       ?InitApplication@CWinApp@@UAEHXZ 0042cb70 f   mfc90d:mfc90d.dll
 0001:0002bb76       ?AddToRecentFileList@CWinApp@@UAEXPBD@Z 0042cb76 f   mfc90d:mfc90d.dll
 0001:0002bb7c       ?OpenDocumentFile@CWinApp@@UAEPAVCDocument@@PBD@Z 0042cb7c f   mfc90d:mfc90d.dll
 0001:0002bb82       ?Unregister@CWinApp@@UAEHXZ 0042cb82 f   mfc90d:mfc90d.dll
 0001:0002bb88       ?Register@CWinApp@@UAEHXZ  0042cb88 f   mfc90d:mfc90d.dll
 0001:0002bb8e       ?InitLibId@CWinApp@@UAEXXZ 0042cb8e f   mfc90d:mfc90d.dll
 0001:0002bb94       ?SetRegistryKey@CWinApp@@IAEXPBD@Z 0042cb94 f   mfc90d:mfc90d.dll
 0001:0002bb9a       ??0CWinApp@@QAE@PBD@Z      0042cb9a f   mfc90d:mfc90d.dll
 0001:0002bba0       ?GetRuntimeClass@CWinApp@@UBEPAUCRuntimeClass@@XZ 0042cba0 f   mfc90d:mfc90d.dll
 0001:0002bba6       ?AfxEnableControlContainer@@YAXPAVCOccManager@@@Z 0042cba6 f   mfc90d:mfc90d.dll
 0001:0002bbac       ??3CObject@@SGXPAXPBDH@Z   0042cbac f   mfc90d:mfc90d.dll
 0001:0002bbb2       ??2CObject@@SGPAXIPBDH@Z   0042cbb2 f   mfc90d:mfc90d.dll
 0001:0002bbb8       ?Delete@CWinThread@@UAEXXZ 0042cbb8 f   mfc90d:mfc90d.dll
 0001:0002bbbe       ?GetMainWnd@CWinThread@@UAEPAVCWnd@@XZ 0042cbbe f   mfc90d:mfc90d.dll
 0001:0002bbc4       ?ProcessMessageFilter@CWinThread@@UAEHHPAUtagMSG@@@Z 0042cbc4 f   mfc90d:mfc90d.dll
 0001:0002bbca       ?IsIdleMessage@CWinThread@@UAEHPAUtagMSG@@@Z 0042cbca f   mfc90d:mfc90d.dll
 0001:0002bbd0       ?PumpMessage@CWinThread@@UAEHXZ 0042cbd0 f   mfc90d:mfc90d.dll
 0001:0002bbd6       ?PreTranslateMessage@CWinThread@@UAEHPAUtagMSG@@@Z 0042cbd6 f   mfc90d:mfc90d.dll
 0001:0002bbdc       ?FindFile@CFileFind@@UAEHPBDK@Z 0042cbdc f   mfc90d:mfc90d.dll
 0001:0002bbe2       ?Close@CFileFind@@QAEXXZ   0042cbe2 f   mfc90d:mfc90d.dll
 0001:0002bbe8       ??1CFileFind@@UAE@XZ       0042cbe8 f   mfc90d:mfc90d.dll
 0001:0002bbee       ??0CFileFind@@QAE@XZ       0042cbee f   mfc90d:mfc90d.dll
 0001:0002bbf4       ?LoadIconA@CWinApp@@QBEPAUHICON__@@I@Z 0042cbf4 f   mfc90d:mfc90d.dll
 0001:0002bbfa       ??1CPaintDC@@UAE@XZ        0042cbfa f   mfc90d:mfc90d.dll
 0001:0002bc00       ??0CPaintDC@@QAE@PAVCWnd@@@Z 0042cc00 f   mfc90d:mfc90d.dll
 0001:0002bc06       ?DrawIcon@CDC@@QAEHHHPAUHICON__@@@Z 0042cc06 f   mfc90d:mfc90d.dll
 0001:0002bc0c       ?GetSafeHdc@CDC@@QBEPAUHDC__@@XZ 0042cc0c f   mfc90d:mfc90d.dll
 0001:0002bc12       ?OnPaint@CDialog@@IAEXXZ   0042cc12 f   mfc90d:mfc90d.dll
 0001:0002bc18       ?AfxBeginThread@@YGPAVCWinThread@@P6AIPAX@Z0HIKPAU_SECURITY_ATTRIBUTES@@@Z 0042cc18 f   mfc90d:mfc90d.dll
 0001:0002bc1e       ?AppendMenuA@CMenu@@QAEHIIPBD@Z 0042cc1e f   mfc90d:mfc90d.dll
 0001:0002bc24       ?OnSysCommand@CWnd@@IAEXIJ@Z 0042cc24 f   mfc90d:mfc90d.dll
 0001:0002bc2a       ?SetIcon@CWnd@@QAEPAUHICON__@@PAU2@H@Z 0042cc2a f   mfc90d:mfc90d.dll
 0001:0002bc30       ?GetClientRect@CWnd@@QBEXPAUtagRECT@@@Z 0042cc30 f   mfc90d:mfc90d.dll
 0001:0002bc36       ?IsIconic@CWnd@@QBEHXZ     0042cc36 f   mfc90d:mfc90d.dll
 0001:0002bc3c       ?GetSystemMenu@CWnd@@QBEPAVCMenu@@H@Z 0042cc3c f   mfc90d:mfc90d.dll
 0001:0002bc42       ?SendMessageA@CWnd@@QBEJIIJ@Z 0042cc42 f   mfc90d:mfc90d.dll
 0001:0002bc50       @__security_check_cookie@4 0042cc50 f   msvcrtd:secchk.obj
 0001:0002bc60       ??_Etype_info@@UAEPAXI@Z   0042cc60 f i msvcrtd:ti_inst.obj
 0001:0002bccc       _free                      0042cccc f   msvcrtd:MSVCR90D.dll
 0001:0002bcd2       _malloc                    0042ccd2 f   msvcrtd:MSVCR90D.dll
 0001:0002bcd8       _atoi                      0042ccd8 f   msvcrtd:MSVCR90D.dll
 0001:0002bce0       ??_M@YGXPAXIHP6EX0@Z@Z     0042cce0 f   msvcrtd:ehvecdtr.obj
 0001:0002bd90       ?__ArrayUnwind@@YGXPAXIHP6EX0@Z@Z 0042cd90 f   msvcrtd:ehvecdtr.obj
 0001:0002be4e       _strstr                    0042ce4e f   msvcrtd:MSVCR90D.dll
 0001:0002be60       __onexit                   0042ce60 f   msvcrtd:atonexit.obj
 0001:0002bf70       _atexit                    0042cf70 f   msvcrtd:atonexit.obj
 0001:0002bf8c       __time64                   0042cf8c f   msvcrtd:MSVCR90D.dll
 0001:0002bf92       _fprintf                   0042cf92 f   msvcrtd:MSVCR90D.dll
 0001:0002bf98       __vsnprintf                0042cf98 f   msvcrtd:MSVCR90D.dll
 0001:0002bf9e       _strftime                  0042cf9e f   msvcrtd:MSVCR90D.dll
 0001:0002bfa4       _strchr                    0042cfa4 f   msvcrtd:MSVCR90D.dll
 0001:0002bfaa       _exit                      0042cfaa f   msvcrtd:MSVCR90D.dll
 0001:0002bfb0       ___iob_func                0042cfb0 f   msvcrtd:MSVCR90D.dll
 0001:0002c0c0       _WinMainCRTStartup         0042d0c0 f   msvcrtd:crtexew.obj
 0001:0002c410       _NtCurrentTeb              0042d410 f i msvcrtd:crtexew.obj
 0001:0002c4d0       __gmtime64                 0042d4d0 f   msvcrtd:MSVCR90D.dll
 0001:0002c4d6       _abort                     0042d4d6 f   msvcrtd:MSVCR90D.dll
 0001:0002c4dc       _memcpy                    0042d4dc f   msvcrtd:MSVCR90D.dll
 0001:0002c4e2       _sscanf                    0042d4e2 f   msvcrtd:MSVCR90D.dll
 0001:0002c4e8       _strspn                    0042d4e8 f   msvcrtd:MSVCR90D.dll
 0001:0002c4ee       _strpbrk                   0042d4ee f   msvcrtd:MSVCR90D.dll
 0001:0002c4f4       _strtol                    0042d4f4 f   msvcrtd:MSVCR90D.dll
 0001:0002c4fa       _memchr                    0042d4fa f   msvcrtd:MSVCR90D.dll
 0001:0002c500       _memmove                   0042d500 f   msvcrtd:MSVCR90D.dll
 0001:0002c506       __close                    0042d506 f   msvcrtd:MSVCR90D.dll
 0001:0002c50c       __lseeki64                 0042d50c f   msvcrtd:MSVCR90D.dll
 0001:0002c512       __open                     0042d512 f   msvcrtd:MSVCR90D.dll
 0001:0002c518       __read                     0042d518 f   msvcrtd:MSVCR90D.dll
 0001:0002c518       _read                      0042d518 f   msvcrtd:MSVCR90D.dll
 0001:0002c51e       __fstat64                  0042d51e f   msvcrtd:MSVCR90D.dll
 0001:0002c524       __strtoi64                 0042d524 f   msvcrtd:MSVCR90D.dll
 0001:0002c52a       __ftime64                  0042d52a f   msvcrtd:MSVCR90D.dll
 0001:0002c530       _strerror                  0042d530 f   msvcrtd:MSVCR90D.dll
 0001:0002c536       __vscprintf                0042d536 f   msvcrtd:MSVCR90D.dll
 0001:0002c53c       _getenv                    0042d53c f   msvcrtd:MSVCR90D.dll
 0001:0002c542       _rand                      0042d542 f   msvcrtd:MSVCR90D.dll
 0001:0002c548       _memset                    0042d548 f   msvcrtd:MSVCR90D.dll
 0001:0002c550       __errno                    0042d550 f   msvcrtd:MSVCR90D.dll
 0001:0002c556       _calloc                    0042d556 f   msvcrtd:MSVCR90D.dll
 0001:0002c55c       __strdup                   0042d55c f   msvcrtd:MSVCR90D.dll
 0001:0002c562       _realloc                   0042d562 f   msvcrtd:MSVCR90D.dll
 0001:0002c570       __aulldiv                  0042d570 f   msvcrtd:ulldiv.obj
 0001:0002c5e0       __allmul                   0042d5e0 f   msvcrtd:llmul.obj
 0001:0002c614       __beginthread              0042d614 f   msvcrtd:MSVCR90D.dll
 0001:0002c61a       __getpid                   0042d61a f   msvcrtd:MSVCR90D.dll
 0001:0002c620       _signal                    0042d620 f   msvcrtd:MSVCR90D.dll
 0001:0002c630       ___report_gsfailure        0042d630 f   msvcrtd:gs_report.obj
 0001:0002c740       __except_handler4          0042d740 f   msvcrtd:chandler4gs.obj
 0001:0002c76a       ?terminate@@YAXXZ          0042d76a f   msvcrtd:MSVCR90D.dll
 0001:0002c770       __unlock                   0042d770 f   msvcrtd:MSVCR90D.dll
 0001:0002c776       ___dllonexit               0042d776 f   msvcrtd:MSVCR90D.dll
 0001:0002c77c       __lock                     0042d77c f   msvcrtd:MSVCR90D.dll
 0001:0002c790       ?__CxxUnhandledExceptionFilter@@YGJPAU_EXCEPTION_POINTERS@@@Z 0042d790 f   msvcrtd:unhandld.obj
 0001:0002c800       ___CxxSetUnhandledExceptionFilter 0042d800 f   msvcrtd:unhandld.obj
 0001:0002c820       __setdefaultprecision      0042d820 f   msvcrtd:fp8.obj
 0001:0002c860       __invoke_watson_if_error   0042d860 f i msvcrtd:fp8.obj
 0001:0002c890       __setargv                  0042d890 f   msvcrtd:dllargv.obj
 0001:0002c890       __matherr                  0042d890 f   msvcrtd:merr.obj
[...]
 0001:0002f6e9       __unwindfunclet$?ChangeChannel@CNetPosaDlg@@UAE?AV?$CStringT@DV?$StrTraitMFC_DLL@DV?$ChTraitsCRT@D@ATL@@@@@ATL@@V23@H0@Z$1 004306e9 f    CIL library: CIL module
 0001:0002f6f2       __unwindfunclet$?ChangeChannel@CNetPosaDlg@@UAE?AV?$CStringT@DV?$StrTraitMFC_DLL@DV?$ChTraitsCRT@D@ATL@@@@@ATL@@V23@H0@Z$2 004306f2 f    CIL library: CIL module
 0001:0002f6fb       __unwindfunclet$?ChangeChannel@CNetPosaDlg@@UAE?AV?$CStringT@DV?$StrTraitMFC_DLL@DV?$ChTraitsCRT@D@ATL@@@@@ATL@@V23@H0@Z$4 004306fb f    CIL library: CIL module
 0001:0002f704       __ehhandler$?ChangeChannel@CNetPosaDlg@@UAE?AV?$CStringT@DV?$StrTraitMFC_DLL@DV?$ChTraitsCRT@D@ATL@@@@@ATL@@V23@H0@Z 00430704 f    CIL library: CIL module
 0001:0002f720       __unwindfunclet$?CheckExit@CNetPosaDlg@@UAE?AV?$CStringT@DV?$StrTraitMFC_DLL@DV?$ChTraitsCRT@D@ATL@@@@@ATL@@V23@@Z$0 00430720 f    CIL library: CIL module
 0001:0002f729       __unwindfunclet$?CheckExit@CNetPosaDlg@@UAE?AV?$CStringT@DV?$StrTraitMFC_DLL@DV?$ChTraitsCRT@D@ATL@@@@@ATL@@V23@@Z$1 00430729 f    CIL library: CIL module
 0001:0002f732       __unwindfunclet$?CheckExit@CNetPosaDlg@@UAE?AV?$CStringT@DV?$StrTraitMFC_DLL@DV?$ChTraitsCRT@D@ATL@@@@@ATL@@V23@@Z$2 00430732 f    CIL library: CIL module
 0001:0002f73b       __ehhandler$?CheckExit@CNetPosaDlg@@UAE?AV?$CStringT@DV?$StrTraitMFC_DLL@DV?$ChTraitsCRT@D@ATL@@@@@ATL@@V23@@Z 0043073b f    CIL library: CIL module
 0001:0002f760       __unwindfunclet$?SetDefaultParams@CNetPosaDlg@@UAEHPAX@Z$0 00430760 f    CIL library: CIL module
 0001:0002f760       __unwindfunclet$?SetDefaultParams@CVNMPDlg@@UAEHPAX@Z$0 00430760 f    CIL library: CIL module
 0001:0002f76b       __ehhandler$?SetDefaultParams@CNetPosaDlg@@UAEHPAX@Z 0043076b f    CIL library: CIL module
 0001:0002f76b       __ehhandler$?SetDefaultParams@CVNMPDlg@@UAEHPAX@Z 0043076b f    CIL library: CIL module
 0001:0002f790       __unwindfunclet$?GetInforFromIni@CVNMPDlg@@UAEHPAX@Z$0 00430790 f    CIL library: CIL module
 0001:0002f790       __unwindfunclet$?GetInforFromIni@CNetPosaDlg@@UAEHPAX@Z$0 00430790 f    CIL library: CIL module
 0001:0002f79c       __unwindfunclet$?GetInforFromIni@CNetPosaDlg@@UAEHPAX@Z$1 0043079c f    CIL library: CIL module
 0001:0002f79c       __unwindfunclet$?GetInforFromIni@CVNMPDlg@@UAEHPAX@Z$1 0043079c f    CIL library: CIL module
 0001:0002f7a8       __unwindfunclet$?GetInforFromIni@CNetPosaDlg@@UAEHPAX@Z$2 004307a8 f    CIL library: CIL module
 0001:0002f7a8       __unwindfunclet$?GetInforFromIni@CVNMPDlg@@UAEHPAX@Z$2 004307a8 f    CIL library: CIL module
 0001:0002f7b6       __ehhandler$?GetInforFromIni@CNetPosaDlg@@UAEHPAX@Z 004307b6 f    CIL library: CIL module
 0001:0002f7b6       __ehhandler$?GetInforFromIni@CVNMPDlg@@UAEHPAX@Z 004307b6 f    CIL library: CIL module
 0001:0002f7f0       __unwindfunclet$?GetInforFromIni4Company@CNetPosaDlg@@UAEHPAXH@Z$0 004307f0 f    CIL library: CIL module
 0001:0002f7fc       __unwindfunclet$?GetInforFromIni4Company@CNetPosaDlg@@UAEHPAXH@Z$1 004307fc f    CIL library: CIL module
 0001:0002f808       __unwindfunclet$?GetInforFromIni4Company@CNetPosaDlg@@UAEHPAXH@Z$2 00430808 f    CIL library: CIL module
 0001:0002f816       __ehhandler$?GetInforFromIni4Company@CNetPosaDlg@@UAEHPAXH@Z 00430816 f    CIL library: CIL module
 0001:0002f850       __unwindfunclet$??0CVNMPDlg@@QAE@PAVCWnd@@@Z$0 00430850 f    CIL library: CIL module
 0001:0002f850       __unwindfunclet$??0CNetPosaDlg@@QAE@PAVCWnd@@@Z$0 00430850 f    CIL library: CIL module
 0001:0002f858       __unwindfunclet$??0CVNMPDlg@@QAE@PAVCWnd@@@Z$1 00430858 f    CIL library: CIL module
 0001:0002f858       __unwindfunclet$??0CNetPosaDlg@@QAE@PAVCWnd@@@Z$1 00430858 f    CIL library: CIL module
 0001:0002f863       __ehhandler$??0CNetPosaDlg@@QAE@PAVCWnd@@@Z 00430863 f    CIL library: CIL module
 0001:0002f863       __ehhandler$??0CVNMPDlg@@QAE@PAVCWnd@@@Z 00430863 f    CIL library: CIL module
 0001:0002f880       __unwindfunclet$?ChangeChannel@CMicrovideoDlg@@UAE?AV?$CStringT@DV?$StrTraitMFC_DLL@DV?$ChTraitsCRT@D@ATL@@@@@ATL@@V23@H0@Z$0 00430880 f    CIL library: CIL module
 0001:0002f889       __unwindfunclet$?ChangeChannel@CMicrovideoDlg@@UAE?AV?$CStringT@DV?$StrTraitMFC_DLL@DV?$ChTraitsCRT@D@ATL@@@@@ATL@@V23@H0@Z$1 00430889 f    CIL library: CIL module
 0001:0002f892       __unwindfunclet$?ChangeChannel@CMicrovideoDlg@@UAE?AV?$CStringT@DV?$StrTraitMFC_DLL@DV?$ChTraitsCRT@D@ATL@@@@@ATL@@V23@H0@Z$2 00430892 f    CIL library: CIL module
 0001:0002f89b       __ehhandler$?ChangeChannel@CMicrovideoDlg@@UAE?AV?$CStringT@DV?$StrTraitMFC_DLL@DV?$ChTraitsCRT@D@ATL@@@@@ATL@@V23@H0@Z 0043089b f    CIL library: CIL module
 0001:0002f8c0       __unwindfunclet$?CheckExit@CVNMPDlg@@UAE?AV?$CStringT@DV?$StrTraitMFC_DLL@DV?$ChTraitsCRT@D@ATL@@@@@ATL@@V23@@Z$0 004308c0 f    CIL library: CIL module
 0001:0002f8c0       __unwindfunclet$?CheckExit@CMicrovideoDlg@@UAE?AV?$CStringT@DV?$StrTraitMFC_DLL@DV?$ChTraitsCRT@D@ATL@@@@@ATL@@V23@@Z$0 004308c0 f    CIL library: CIL module
 0001:0002f8c9       __unwindfunclet$?CheckExit@CVNMPDlg@@UAE?AV?$CStringT@DV?$StrTraitMFC_DLL@DV?$ChTraitsCRT@D@ATL@@@@@ATL@@V23@@Z$1 004308c9 f    CIL library: CIL module
 0001:0002f8c9       __unwindfunclet$?CheckExit@CMicrovideoDlg@@UAE?AV?$CStringT@DV?$StrTraitMFC_DLL@DV?$ChTraitsCRT@D@ATL@@@@@ATL@@V23@@Z$1 004308c9 f    CIL library: CIL module
 0001:0002f8d2       __unwindfunclet$?CheckExit@CVNMPDlg@@UAE?AV?$CStringT@DV?$StrTraitMFC_DLL@DV?$ChTraitsCRT@D@ATL@@@@@ATL@@V23@@Z$2 004308d2 f    CIL library: CIL module
 0001:0002f8d2       __unwindfunclet$?CheckExit@CMicrovideoDlg@@UAE?AV?$CStringT@DV?$StrTraitMFC_DLL@DV?$ChTraitsCRT@D@ATL@@@@@ATL@@V23@@Z$2 004308d2 f    CIL library: CIL module
 0001:0002f8db       __ehhandler$?CheckExit@CMicrovideoDlg@@UAE?AV?$CStringT@DV?$StrTraitMFC_DLL@DV?$ChTraitsCRT@D@ATL@@@@@ATL@@V23@@Z 004308db f    CIL library: CIL module
 0001:0002f8db       __ehhandler$?CheckExit@CVNMPDlg@@UAE?AV?$CStringT@DV?$StrTraitMFC_DLL@DV?$ChTraitsCRT@D@ATL@@@@@ATL@@V23@@Z 004308db f    CIL library: CIL module
 0001:0002f900       __unwindfunclet$?SetDefaultParams@CMicrovideoDlg@@UAEHPAX@Z$0 00430900 f    CIL library: CIL module
 0001:0002f90b       __ehhandler$?SetDefaultParams@CMicrovideoDlg@@UAEHPAX@Z 0043090b f    CIL library: CIL module
 0001:0002f930       __unwindfunclet$?GetInforFromIni@CMicrovideoDlg@@UAEHPAX@Z$0 00430930 f    CIL library: CIL module
 0001:0002f93c       __unwindfunclet$?GetInforFromIni@CMicrovideoDlg@@UAEHPAX@Z$1 0043093c f    CIL library: CIL module
 0001:0002f948       __unwindfunclet$?GetInforFromIni@CMicrovideoDlg@@UAEHPAX@Z$2 00430948 f    CIL library: CIL module
 0001:0002f956       __ehhandler$?GetInforFromIni@CMicrovideoDlg@@UAEHPAX@Z 00430956 f    CIL library: CIL module
 0001:0002f990       __unwindfunclet$?GetInforFromIni4Company@CMicrovideoDlg@@UAEHPAXH@Z$0 00430990 f    CIL library: CIL module
 0001:0002f99c       __unwindfunclet$?GetInforFromIni4Company@CMicrovideoDlg@@UAEHPAXH@Z$1 0043099c f    CIL library: CIL module
 0001:0002f9a8       __unwindfunclet$?GetInforFromIni4Company@CMicrovideoDlg@@UAEHPAXH@Z$2 004309a8 f    CIL library: CIL module
 0001:0002f9b6       __ehhandler$?GetInforFromIni4Company@CMicrovideoDlg@@UAEHPAXH@Z 004309b6 f    CIL library: CIL module
 0001:0002f9f0       __unwindfunclet$?GetParam@CVerifyDlg@@QAEHQAD@Z$0 004309f0 f    CIL library: CIL module
 0001:0002f9f9       __unwindfunclet$?GetParam@CVerifyDlg@@QAEHQAD@Z$1 004309f9 f    CIL library: CIL module
 0001:0002fa02       __unwindfunclet$?GetParam@CVerifyDlg@@QAEHQAD@Z$2 00430a02 f    CIL library: CIL module
 0001:0002fa0b       __ehhandler$?GetParam@CVerifyDlg@@QAEHQAD@Z 00430a0b f    CIL library: CIL module
 0001:0002fa40       __unwindfunclet$?FrameCBFunc@@YGXPAUtagTFrameInfo@@PAXKK@Z$0 00430a40 f    CIL library: CIL module
 0001:0002fa4b       __ehhandler$?FrameCBFunc@@YGXPAUtagTFrameInfo@@PAXKK@Z 00430a4b f    CIL library: CIL module
 0001:0002fa70       __unwindfunclet$?InitInstance@CWMV_TO_H264App@@UAEHXZ$0 00430a70 f    CIL library: CIL module
 0001:0002fa84       __unwindfunclet$?InitInstance@CWMV_TO_H264App@@UAEHXZ$1 00430a84 f    CIL library: CIL module
 0001:0002fa91       __unwindfunclet$?InitInstance@CWMV_TO_H264App@@UAEHXZ$2 00430a91 f    CIL library: CIL module
 0001:0002fa9e       __ehhandler$?InitInstance@CWMV_TO_H264App@@UAEHXZ 00430a9e f    CIL library: CIL module
 0001:0002fad0       __unwindfunclet$?myDecCBFun@@YGXJPADJPAUVNMP_FRAME_INFO@@JJ@Z$0 00430ad0 f    CIL library: CIL module
 0001:0002fadb       __ehhandler$?myDecCBFun@@YGXJPADJPAUVNMP_FRAME_INFO@@JJ@Z 00430adb f    CIL library: CIL module
 0001:0002fb00       __unwindfunclet$?OnRealDecodeData@@YGXPAUNP_PLAY_HD__@@PBXHPBUNPPlayFrameInfo@@PAX@Z$0 00430b00 f    CIL library: CIL module
 0001:0002fb0b       __ehhandler$?OnRealDecodeData@@YGXPAUNP_PLAY_HD__@@PBXHPBUNPPlayFrameInfo@@PAX@Z 00430b0b f    CIL library: CIL module
 0001:0002fb30       __unwindfunclet$?encodeTask@@YGIPAX@Z$0 00430b30 f    CIL library: CIL module
 0001:0002fb3b       __unwindfunclet$?encodeTask@@YGIPAX@Z$1 00430b3b f    CIL library: CIL module
 0001:0002fb43       __unwindfunclet$?encodeTask@@YGIPAX@Z$2 00430b43 f    CIL library: CIL module
 0001:0002fb4b       __unwindfunclet$?encodeTask@@YGIPAX@Z$3 00430b4b f    CIL library: CIL module
 0001:0002fb56       __ehhandler$?encodeTask@@YGIPAX@Z 00430b56 f    CIL library: CIL module
 0001:0002fb80       __unwindfunclet$?notify_handler@@YAXPAUevhttp_request@@PAX@Z$3 00430b80 f    CIL library: CIL module
 0001:0002fb89       __unwindfunclet$?notify_handler@@YAXPAUevhttp_request@@PAX@Z$4 00430b89 f    CIL library: CIL module
 0001:0002fb92       __ehhandler$?notify_handler@@YAXPAUevhttp_request@@PAX@Z 00430b92 f    CIL library: CIL module
 0001:0002fbb0       __unwindfunclet$?ParseRequest@CVNMPDlg@@UAEHPADPAV?$CStringT@DV?$StrTraitMFC_DLL@DV?$ChTraitsCRT@D@ATL@@@@@ATL@@@Z$13 00430bb0 f    CIL library: CIL module
 0001:0002fbbc       __unwindfunclet$?ParseRequest@CVNMPDlg@@UAEHPADPAV?$CStringT@DV?$StrTraitMFC_DLL@DV?$ChTraitsCRT@D@ATL@@@@@ATL@@@Z$14 00430bbc f    CIL library: CIL module
 0001:0002fbc8       __unwindfunclet$?ParseRequest@CVNMPDlg@@UAEHPADPAV?$CStringT@DV?$StrTraitMFC_DLL@DV?$ChTraitsCRT@D@ATL@@@@@ATL@@@Z$15 00430bc8 f    CIL library: CIL module
 0001:0002fbd4       __unwindfunclet$?ParseRequest@CVNMPDlg@@UAEHPADPAV?$CStringT@DV?$StrTraitMFC_DLL@DV?$ChTraitsCRT@D@ATL@@@@@ATL@@@Z$16 00430bd4 f    CIL library: CIL module
 0001:0002fbe0       __unwindfunclet$?ParseRequest@CVNMPDlg@@UAEHPADPAV?$CStringT@DV?$StrTraitMFC_DLL@DV?$ChTraitsCRT@D@ATL@@@@@ATL@@@Z$18 00430be0 f    CIL library: CIL module
 0001:0002fbec       __unwindfunclet$?ParseRequest@CVNMPDlg@@UAEHPADPAV?$CStringT@DV?$StrTraitMFC_DLL@DV?$ChTraitsCRT@D@ATL@@@@@ATL@@@Z$19 00430bec f    CIL library: CIL module
 0001:0002fbf8       __unwindfunclet$?ParseRequest@CVNMPDlg@@UAEHPADPAV?$CStringT@DV?$StrTraitMFC_DLL@DV?$ChTraitsCRT@D@ATL@@@@@ATL@@@Z$20 00430bf8 f    CIL library: CIL module
 0001:0002fc04       __unwindfunclet$?ParseRequest@CVNMPDlg@@UAEHPADPAV?$CStringT@DV?$StrTraitMFC_DLL@DV?$ChTraitsCRT@D@ATL@@@@@ATL@@@Z$22 00430c04 f    CIL library: CIL module
 0001:0002fc10       __ehhandler$?ParseRequest@CVNMPDlg@@UAEHPADPAV?$CStringT@DV?$StrTraitMFC_DLL@DV?$ChTraitsCRT@D@ATL@@@@@ATL@@@Z 00430c10 f    CIL library: CIL module
 0001:0002fc40       __unwindfunclet$?ParseRequest@CNetPosaDlg@@UAEHPADPAV?$CStringT@DV?$StrTraitMFC_DLL@DV?$ChTraitsCRT@D@ATL@@@@@ATL@@@Z$13 00430c40 f    CIL library: CIL module
 0001:0002fc4c       __unwindfunclet$?ParseRequest@CNetPosaDlg@@UAEHPADPAV?$CStringT@DV?$StrTraitMFC_DLL@DV?$ChTraitsCRT@D@ATL@@@@@ATL@@@Z$14 00430c4c f    CIL library: CIL module
 0001:0002fc58       __unwindfunclet$?ParseRequest@CNetPosaDlg@@UAEHPADPAV?$CStringT@DV?$StrTraitMFC_DLL@DV?$ChTraitsCRT@D@ATL@@@@@ATL@@@Z$15 00430c58 f    CIL library: CIL module
 0001:0002fc64       __unwindfunclet$?ParseRequest@CNetPosaDlg@@UAEHPADPAV?$CStringT@DV?$StrTraitMFC_DLL@DV?$ChTraitsCRT@D@ATL@@@@@ATL@@@Z$16 00430c64 f    CIL library: CIL module
 0001:0002fc70       __unwindfunclet$?ParseRequest@CNetPosaDlg@@UAEHPADPAV?$CStringT@DV?$StrTraitMFC_DLL@DV?$ChTraitsCRT@D@ATL@@@@@ATL@@@Z$18 00430c70 f    CIL library: CIL module
 0001:0002fc7c       __unwindfunclet$?ParseRequest@CNetPosaDlg@@UAEHPADPAV?$CStringT@DV?$StrTraitMFC_DLL@DV?$ChTraitsCRT@D@ATL@@@@@ATL@@@Z$19 00430c7c f    CIL library: CIL module
 0001:0002fc88       __unwindfunclet$?ParseRequest@CNetPosaDlg@@UAEHPADPAV?$CStringT@DV?$StrTraitMFC_DLL@DV?$ChTraitsCRT@D@ATL@@@@@ATL@@@Z$20 00430c88 f    CIL library: CIL module
 0001:0002fc94       __unwindfunclet$?ParseRequest@CNetPosaDlg@@UAEHPADPAV?$CStringT@DV?$StrTraitMFC_DLL@DV?$ChTraitsCRT@D@ATL@@@@@ATL@@@Z$22 00430c94 f    CIL library: CIL module
 0001:0002fca0       __ehhandler$?ParseRequest@CNetPosaDlg@@UAEHPADPAV?$CStringT@DV?$StrTraitMFC_DLL@DV?$ChTraitsCRT@D@ATL@@@@@ATL@@@Z 00430ca0 f    CIL library: CIL module
 0001:0002fcd0       __ehhandler$?StartPull@CMicrovideoDlg@@UAEHPAX0@Z 00430cd0 f    CIL library: CIL module
 0001:0002fcf0       __unwindfunclet$?myVideo@@YAHPAUAVPictureOut@@PAX@Z$0 00430cf0 f    CIL library: CIL module
 0001:0002fcfb       __ehhandler$?myVideo@@YAHPAUAVPictureOut@@PAX@Z 00430cfb f    CIL library: CIL module
 0001:0002fd20       __unwindfunclet$?ParseRequest@CMicrovideoDlg@@UAEHPADPAV?$CStringT@DV?$StrTraitMFC_DLL@DV?$ChTraitsCRT@D@ATL@@@@@ATL@@@Z$14 00430d20 f    CIL library: CIL module
 0001:0002fd29       __unwindfunclet$?ParseRequest@CMicrovideoDlg@@UAEHPADPAV?$CStringT@DV?$StrTraitMFC_DLL@DV?$ChTraitsCRT@D@ATL@@@@@ATL@@@Z$15 00430d29 f    CIL library: CIL module
 0001:0002fd32       __unwindfunclet$?ParseRequest@CMicrovideoDlg@@UAEHPADPAV?$CStringT@DV?$StrTraitMFC_DLL@DV?$ChTraitsCRT@D@ATL@@@@@ATL@@@Z$16 00430d32 f    CIL library: CIL module
 0001:0002fd3b       __unwindfunclet$?ParseRequest@CMicrovideoDlg@@UAEHPADPAV?$CStringT@DV?$StrTraitMFC_DLL@DV?$ChTraitsCRT@D@ATL@@@@@ATL@@@Z$17 00430d3b f    CIL library: CIL module
 0001:0002fd44       __unwindfunclet$?ParseRequest@CMicrovideoDlg@@UAEHPADPAV?$CStringT@DV?$StrTraitMFC_DLL@DV?$ChTraitsCRT@D@ATL@@@@@ATL@@@Z$19 00430d44 f    CIL library: CIL module
 0001:0002fd4d       __unwindfunclet$?ParseRequest@CMicrovideoDlg@@UAEHPADPAV?$CStringT@DV?$StrTraitMFC_DLL@DV?$ChTraitsCRT@D@ATL@@@@@ATL@@@Z$20 00430d4d f    CIL library: CIL module
 0001:0002fd56       __unwindfunclet$?ParseRequest@CMicrovideoDlg@@UAEHPADPAV?$CStringT@DV?$StrTraitMFC_DLL@DV?$ChTraitsCRT@D@ATL@@@@@ATL@@@Z$22 00430d56 f    CIL library: CIL module
 0001:0002fd5f       __ehhandler$?ParseRequest@CMicrovideoDlg@@UAEHPADPAV?$CStringT@DV?$StrTraitMFC_DLL@DV?$ChTraitsCRT@D@ATL@@@@@ATL@@@Z 00430d5f f    CIL library: CIL module
 0001:0002fd80       __unwindfunclet$?OnInitDialog@CWMV_TO_H264Dlg@@MAEHXZ$0 00430d80 f    CIL library: CIL module
 0001:0002fd8c       __unwindfunclet$?OnInitDialog@CWMV_TO_H264Dlg@@MAEHXZ$1 00430d8c f    CIL library: CIL module
 0001:0002fd98       __unwindfunclet$?OnInitDialog@CWMV_TO_H264Dlg@@MAEHXZ$2 00430d98 f    CIL library: CIL module
 0001:0002fda4       __unwindfunclet$?OnInitDialog@CWMV_TO_H264Dlg@@MAEHXZ$3 00430da4 f    CIL library: CIL module
 0001:0002fdb0       __unwindfunclet$?OnInitDialog@CWMV_TO_H264Dlg@@MAEHXZ$4 00430db0 f    CIL library: CIL module
 0001:0002fdbb       __unwindfunclet$?OnInitDialog@CWMV_TO_H264Dlg@@MAEHXZ$5 00430dbb f    CIL library: CIL module
 0001:0002fdc6       __unwindfunclet$?OnInitDialog@CWMV_TO_H264Dlg@@MAEHXZ$6 00430dc6 f    CIL library: CIL module
 0001:0002fdd2       __unwindfunclet$?OnInitDialog@CWMV_TO_H264Dlg@@MAEHXZ$7 00430dd2 f    CIL library: CIL module
 0001:0002fdde       __unwindfunclet$?OnInitDialog@CWMV_TO_H264Dlg@@MAEHXZ$8 00430dde f    CIL library: CIL module
 0001:0002fdea       __unwindfunclet$?OnInitDialog@CWMV_TO_H264Dlg@@MAEHXZ$9 00430dea f    CIL library: CIL module
 0001:0002fe01       __unwindfunclet$?OnInitDialog@CWMV_TO_H264Dlg@@MAEHXZ$10 00430e01 f    CIL library: CIL module
 0001:0002fe18       __unwindfunclet$?OnInitDialog@CWMV_TO_H264Dlg@@MAEHXZ$11 00430e18 f    CIL library: CIL module
 0001:0002fe2f       __unwindfunclet$?OnInitDialog@CWMV_TO_H264Dlg@@MAEHXZ$12 00430e2f f    CIL library: CIL module
 0001:0002fe46       __unwindfunclet$?OnInitDialog@CWMV_TO_H264Dlg@@MAEHXZ$13 00430e46 f    CIL library: CIL module
 0001:0002fe5d       __unwindfunclet$?OnInitDialog@CWMV_TO_H264Dlg@@MAEHXZ$14 00430e5d f    CIL library: CIL module
 0001:0002fe74       __ehhandler$?OnInitDialog@CWMV_TO_H264Dlg@@MAEHXZ 00430e74 f    CIL library: CIL module
 0001:0002feb0       ??__Em_Log@@YAXXZ          00430eb0 f    CIL library: CIL module
 0001:0002fee0       ??__Em_ffmpeglock@@YAXXZ   00430ee0 f    CIL library: CIL module
 0001:0002ff00       ??__EtheApp@@YAXXZ         00430f00 f    CIL library: CIL module
 0001:0002ff30       ??__Eg_Allocator@@YAXXZ    00430f30 f   atlsd:Externs.obj
 0001:0002ff50       ??__Eg_bInitialized@@YAXXZ 00430f50 f   atlsd:Externs.obj
 0001:0002ff70       ??__E?s_trace@CTrace@ATL@@2V12@A@@YAXXZ 00430f70 f   atlsd:Externs.obj
 0001:0002ffa0       ??__EatlTraceGeneral@ATL@@YAXXZ 00430fa0 f   atlsd:atltrace.obj
 0001:0002ffc0       ??__EatlTraceCOM@ATL@@YAXXZ 00430fc0 f   atlsd:atltrace.obj
 0001:0002ffe0       ??__EatlTraceQI@ATL@@YAXXZ 00430fe0 f   atlsd:atltrace.obj
 0001:00030000       ??__EatlTraceRegistrar@ATL@@YAXXZ 00431000 f   atlsd:atltrace.obj
 0001:00030020       ??__EatlTraceRefcount@ATL@@YAXXZ 00431020 f   atlsd:atltrace.obj
 0001:00030040       ??__EatlTraceWindowing@ATL@@YAXXZ 00431040 f   atlsd:atltrace.obj
 0001:00030060       ??__EatlTraceControls@ATL@@YAXXZ 00431060 f   atlsd:atltrace.obj
 0001:00030080       ??__EatlTraceHosting@ATL@@YAXXZ 00431080 f   atlsd:atltrace.obj
 0001:000300a0       ??__EatlTraceDBClient@ATL@@YAXXZ 004310a0 f   atlsd:atltrace.obj
 0001:000300c0       ??__EatlTraceDBProvider@ATL@@YAXXZ 004310c0 f   atlsd:atltrace.obj
 0001:000300e0       ??__EatlTraceSnapin@ATL@@YAXXZ 004310e0 f   atlsd:atltrace.obj
 0001:00030100       ??__EatlTraceNotImpl@ATL@@YAXXZ 00431100 f   atlsd:atltrace.obj
 0001:00030120       ??__EatlTraceAllocation@ATL@@YAXXZ 00431120 f   atlsd:atltrace.obj
 0001:00030140       ??__EatlTraceException@ATL@@YAXXZ 00431140 f   atlsd:atltrace.obj
 0001:00030160       ??__EatlTraceTime@ATL@@YAXXZ 00431160 f   atlsd:atltrace.obj
 0001:00030180       ??__EatlTraceCache@ATL@@YAXXZ 00431180 f   atlsd:atltrace.obj
 0001:000301a0       ??__EatlTraceStencil@ATL@@YAXXZ 004311a0 f   atlsd:atltrace.obj
 0001:000301c0       ??__EatlTraceString@ATL@@YAXXZ 004311c0 f   atlsd:atltrace.obj
 0001:000301e0       ??__EatlTraceMap@ATL@@YAXXZ 004311e0 f   atlsd:atltrace.obj
 0001:00030200       ??__EatlTraceUtil@ATL@@YAXXZ 00431200 f   atlsd:atltrace.obj
 0001:00030220       ??__EatlTraceSecurity@ATL@@YAXXZ 00431220 f   atlsd:atltrace.obj
 0001:00030240       ??__EatlTraceSync@ATL@@YAXXZ 00431240 f   atlsd:atltrace.obj
 0001:00030260       ??__EatlTraceISAPI@ATL@@YAXXZ 00431260 f   atlsd:atltrace.obj
 0001:00030280       ??__EatlTraceUser@ATL@@YAXXZ 00431280 f   atlsd:atltrace.obj
 0001:000302a0       ??__EatlTraceUser2@ATL@@YAXXZ 004312a0 f   atlsd:atltrace.obj
 0001:000302c0       ??__EatlTraceUser3@ATL@@YAXXZ 004312c0 f   atlsd:atltrace.obj
 0001:000302e0       ??__EatlTraceUser4@ATL@@YAXXZ 004312e0 f   atlsd:atltrace.obj
 0001:00030300       ??__E_afxInitAppState@@YAXXZ 00431300 f   mfcs90d:appmodul.obj
 0001:00030320       ??__Fm_Log@@YAXXZ          00431320 f    CIL library: CIL module
 0001:00030340       ??__Fm_ffmpeglock@@YAXXZ   00431340 f    CIL library: CIL module
 0001:00030360       ??__FtheApp@@YAXXZ         00431360 f    CIL library: CIL module
 0001:00030370       ??__Fg_Allocator@@YAXXZ    00431370 f   atlsd:Externs.obj
 0001:00030390       ??__F?s_trace@CTrace@ATL@@2V12@A@@YAXXZ 00431390 f   atlsd:Externs.obj
